Archive member included because of file (symbol)

/Users/edwinfinch/pebble-dev/PebbleSDK-2.6.1/Pebble/lib/libpebble.a(tmpDC1Ifbpebble.o)
                              src/blks.c.16.o (animation_schedule)

Allocating common symbols
Common symbol       size              file

final_3             0x8               src/blks.c.16.o
initial_2           0x8               src/blks.c.16.o
charge_timer        0x4               src/blks.c.16.o
battery_percent     0x4               src/blks.c.16.o
menu_sections       0xc               src/main.c.16.o
aboot_version       0x4               src/main.c.16.o
circle_layer        0x4               src/blks.c.16.o
menu_settings_items
                    0x50              src/main.c.16.o
settings            0xc               src/main.c.16.o
date_layer          0x4               src/blks.c.16.o
menu_window         0x4               src/main.c.16.o
final_1             0x8               src/blks.c.16.o
initial_1           0x8               src/blks.c.16.o
hour_1              0x4               src/blks.c.16.o
blks_window         0x4               src/main.c.16.o
log_icon            0x4               src/main.c.16.o
aboot_edwin         0x4               src/main.c.16.o
background_layer    0x4               src/blks.c.16.o
gesture_icon        0x4               src/main.c.16.o
initial_3           0x8               src/blks.c.16.o
battery_layer       0x4               src/blks.c.16.o
cov_1               0x4               src/blks.c.16.o
cov_4               0x4               src/blks.c.16.o
bt_image            0x4               src/blks.c.16.o
menu_layer          0x4               src/main.c.16.o
debug_window        0x4               src/main.c.16.o
s_menu_sections     0xc               src/main.c.16.o
final_2             0x8               src/blks.c.16.o
minute_2            0x4               src/blks.c.16.o
settings_icon       0x4               src/main.c.16.o
aboot_window        0x4               src/main.c.16.o
wf_icon             0x4               src/main.c.16.o
aboot_theme         0x4               src/main.c.16.o
cov_2               0x4               src/blks.c.16.o
s_menu_settings_items
                    0x20              src/main.c.16.o
main_menu           0x4               src/main.c.16.o
initial_4           0x8               src/blks.c.16.o
bt_image_layer      0x4               src/blks.c.16.o
minute_1            0x4               src/blks.c.16.o
invert              0x1               src/blks.c.16.o
settings_window     0x4               src/main.c.16.o
background_image    0x4               src/blks.c.16.o
final_4             0x8               src/blks.c.16.o
cov_3               0x4               src/blks.c.16.o
settings_menu       0x4               src/main.c.16.o
hour_2              0x4               src/blks.c.16.o
aboot_icon          0x4               src/main.c.16.o

Discarded input sections

 .text          0x0000000000000000        0x0 /Users/edwinfinch/pebble-dev/PebbleSDK-2.6.1/arm-cs-tools/bin/../lib/gcc/arm-none-eabi/4.7.2/thumb2/crti.o
 .bss           0x0000000000000000        0x0 /Users/edwinfinch/pebble-dev/PebbleSDK-2.6.1/arm-cs-tools/bin/../lib/gcc/arm-none-eabi/4.7.2/thumb2/crti.o
 .init          0x0000000000000000        0x4 /Users/edwinfinch/pebble-dev/PebbleSDK-2.6.1/arm-cs-tools/bin/../lib/gcc/arm-none-eabi/4.7.2/thumb2/crti.o
 .fini          0x0000000000000000        0x4 /Users/edwinfinch/pebble-dev/PebbleSDK-2.6.1/arm-cs-tools/bin/../lib/gcc/arm-none-eabi/4.7.2/thumb2/crti.o
 .text          0x0000000000000000       0xc8 /Users/edwinfinch/pebble-dev/PebbleSDK-2.6.1/arm-cs-tools/bin/../lib/gcc/arm-none-eabi/4.7.2/thumb2/crtbegin.o
 .bss           0x0000000000000000       0x1c /Users/edwinfinch/pebble-dev/PebbleSDK-2.6.1/arm-cs-tools/bin/../lib/gcc/arm-none-eabi/4.7.2/thumb2/crtbegin.o
 .init_array    0x0000000000000000        0x4 /Users/edwinfinch/pebble-dev/PebbleSDK-2.6.1/arm-cs-tools/bin/../lib/gcc/arm-none-eabi/4.7.2/thumb2/crtbegin.o
 .fini_array    0x0000000000000000        0x4 /Users/edwinfinch/pebble-dev/PebbleSDK-2.6.1/arm-cs-tools/bin/../lib/gcc/arm-none-eabi/4.7.2/thumb2/crtbegin.o
 .eh_frame      0x0000000000000000        0x0 /Users/edwinfinch/pebble-dev/PebbleSDK-2.6.1/arm-cs-tools/bin/../lib/gcc/arm-none-eabi/4.7.2/thumb2/crtbegin.o
 .jcr           0x0000000000000000        0x0 /Users/edwinfinch/pebble-dev/PebbleSDK-2.6.1/arm-cs-tools/bin/../lib/gcc/arm-none-eabi/4.7.2/thumb2/crtbegin.o
 .tm_clone_table
                0x0000000000000000        0x0 /Users/edwinfinch/pebble-dev/PebbleSDK-2.6.1/arm-cs-tools/bin/../lib/gcc/arm-none-eabi/4.7.2/thumb2/crtbegin.o
 .text          0x0000000000000000        0x0 src/blks.c.16.o
 .bss           0x0000000000000000        0x0 src/blks.c.16.o
 .text.blks_tap
                0x0000000000000000       0x78 src/blks.c.16.o
 .bss.showing_date
                0x0000000000000000        0x1 src/blks.c.16.o
 .text          0x0000000000000000        0x0 src/main.c.16.o
 .bss           0x0000000000000000        0x0 src/main.c.16.o
 .text.process_tuple
                0x0000000000000000        0x2 src/main.c.16.o
 .text          0x0000000000000000        0x0 appinfo.auto.c.16.o
 .bss           0x0000000000000000        0x0 appinfo.auto.c.16.o
 .bss           0x0000000000000000        0x0 /Users/edwinfinch/pebble-dev/PebbleSDK-2.6.1/Pebble/lib/libpebble.a(tmpDC1Ifbpebble.o)
 .text.accel_data_service_subscribe__deprecated
                0x0000000000000000        0xc /Users/edwinfinch/pebble-dev/PebbleSDK-2.6.1/Pebble/lib/libpebble.a(tmpDC1Ifbpebble.o)
 .text.accel_data_service_unsubscribe
                0x0000000000000000        0xc /Users/edwinfinch/pebble-dev/PebbleSDK-2.6.1/Pebble/lib/libpebble.a(tmpDC1Ifbpebble.o)
 .text.accel_service_peek
                0x0000000000000000        0xc /Users/edwinfinch/pebble-dev/PebbleSDK-2.6.1/Pebble/lib/libpebble.a(tmpDC1Ifbpebble.o)
 .text.accel_service_set_samples_per_update
                0x0000000000000000        0xc /Users/edwinfinch/pebble-dev/PebbleSDK-2.6.1/Pebble/lib/libpebble.a(tmpDC1Ifbpebble.o)
 .text.accel_service_set_sampling_rate
                0x0000000000000000        0xc /Users/edwinfinch/pebble-dev/PebbleSDK-2.6.1/Pebble/lib/libpebble.a(tmpDC1Ifbpebble.o)
 .text.accel_tap_service_subscribe
                0x0000000000000000        0xc /Users/edwinfinch/pebble-dev/PebbleSDK-2.6.1/Pebble/lib/libpebble.a(tmpDC1Ifbpebble.o)
 .text.accel_tap_service_unsubscribe
                0x0000000000000000        0xc /Users/edwinfinch/pebble-dev/PebbleSDK-2.6.1/Pebble/lib/libpebble.a(tmpDC1Ifbpebble.o)
 .text.action_bar_layer_add_to_window
                0x0000000000000000        0xc /Users/edwinfinch/pebble-dev/PebbleSDK-2.6.1/Pebble/lib/libpebble.a(tmpDC1Ifbpebble.o)
 .text.action_bar_layer_clear_icon
                0x0000000000000000        0xc /Users/edwinfinch/pebble-dev/PebbleSDK-2.6.1/Pebble/lib/libpebble.a(tmpDC1Ifbpebble.o)
 .text.action_bar_layer_create
                0x0000000000000000        0xc /Users/edwinfinch/pebble-dev/PebbleSDK-2.6.1/Pebble/lib/libpebble.a(tmpDC1Ifbpebble.o)
 .text.action_bar_layer_destroy
                0x0000000000000000        0xc /Users/edwinfinch/pebble-dev/PebbleSDK-2.6.1/Pebble/lib/libpebble.a(tmpDC1Ifbpebble.o)
 .text.action_bar_layer_get_layer
                0x0000000000000000        0xc /Users/edwinfinch/pebble-dev/PebbleSDK-2.6.1/Pebble/lib/libpebble.a(tmpDC1Ifbpebble.o)
 .text.action_bar_layer_remove_from_window
                0x0000000000000000        0xc /Users/edwinfinch/pebble-dev/PebbleSDK-2.6.1/Pebble/lib/libpebble.a(tmpDC1Ifbpebble.o)
 .text.action_bar_layer_set_background_color
                0x0000000000000000        0xc /Users/edwinfinch/pebble-dev/PebbleSDK-2.6.1/Pebble/lib/libpebble.a(tmpDC1Ifbpebble.o)
 .text.action_bar_layer_set_click_config_provider
                0x0000000000000000        0xc /Users/edwinfinch/pebble-dev/PebbleSDK-2.6.1/Pebble/lib/libpebble.a(tmpDC1Ifbpebble.o)
 .text.action_bar_layer_set_context
                0x0000000000000000        0xc /Users/edwinfinch/pebble-dev/PebbleSDK-2.6.1/Pebble/lib/libpebble.a(tmpDC1Ifbpebble.o)
 .text.action_bar_layer_set_icon
                0x0000000000000000        0xc /Users/edwinfinch/pebble-dev/PebbleSDK-2.6.1/Pebble/lib/libpebble.a(tmpDC1Ifbpebble.o)
 .text.animation_create
                0x0000000000000000        0xc /Users/edwinfinch/pebble-dev/PebbleSDK-2.6.1/Pebble/lib/libpebble.a(tmpDC1Ifbpebble.o)
 .text.animation_destroy
                0x0000000000000000        0xc /Users/edwinfinch/pebble-dev/PebbleSDK-2.6.1/Pebble/lib/libpebble.a(tmpDC1Ifbpebble.o)
 .text.animation_get_context
                0x0000000000000000        0xc /Users/edwinfinch/pebble-dev/PebbleSDK-2.6.1/Pebble/lib/libpebble.a(tmpDC1Ifbpebble.o)
 .text.animation_is_scheduled
                0x0000000000000000        0xc /Users/edwinfinch/pebble-dev/PebbleSDK-2.6.1/Pebble/lib/libpebble.a(tmpDC1Ifbpebble.o)
 .text.animation_set_curve
                0x0000000000000000        0xc /Users/edwinfinch/pebble-dev/PebbleSDK-2.6.1/Pebble/lib/libpebble.a(tmpDC1Ifbpebble.o)
 .text.animation_set_implementation
                0x0000000000000000        0xc /Users/edwinfinch/pebble-dev/PebbleSDK-2.6.1/Pebble/lib/libpebble.a(tmpDC1Ifbpebble.o)
 .text.animation_unschedule
                0x0000000000000000        0xc /Users/edwinfinch/pebble-dev/PebbleSDK-2.6.1/Pebble/lib/libpebble.a(tmpDC1Ifbpebble.o)
 .text.animation_unschedule_all
                0x0000000000000000        0xc /Users/edwinfinch/pebble-dev/PebbleSDK-2.6.1/Pebble/lib/libpebble.a(tmpDC1Ifbpebble.o)
 .text.app_comm_get_sniff_interval
                0x0000000000000000        0xc /Users/edwinfinch/pebble-dev/PebbleSDK-2.6.1/Pebble/lib/libpebble.a(tmpDC1Ifbpebble.o)
 .text.app_comm_set_sniff_interval
                0x0000000000000000        0xc /Users/edwinfinch/pebble-dev/PebbleSDK-2.6.1/Pebble/lib/libpebble.a(tmpDC1Ifbpebble.o)
 .text.app_message_deregister_callbacks
                0x0000000000000000        0xc /Users/edwinfinch/pebble-dev/PebbleSDK-2.6.1/Pebble/lib/libpebble.a(tmpDC1Ifbpebble.o)
 .text.app_sync_deinit
                0x0000000000000000        0xc /Users/edwinfinch/pebble-dev/PebbleSDK-2.6.1/Pebble/lib/libpebble.a(tmpDC1Ifbpebble.o)
 .text.app_sync_get
                0x0000000000000000        0xc /Users/edwinfinch/pebble-dev/PebbleSDK-2.6.1/Pebble/lib/libpebble.a(tmpDC1Ifbpebble.o)
 .text.app_sync_init
                0x0000000000000000        0xc /Users/edwinfinch/pebble-dev/PebbleSDK-2.6.1/Pebble/lib/libpebble.a(tmpDC1Ifbpebble.o)
 .text.app_sync_set
                0x0000000000000000        0xc /Users/edwinfinch/pebble-dev/PebbleSDK-2.6.1/Pebble/lib/libpebble.a(tmpDC1Ifbpebble.o)
 .text.app_timer_reschedule
                0x0000000000000000        0xc /Users/edwinfinch/pebble-dev/PebbleSDK-2.6.1/Pebble/lib/libpebble.a(tmpDC1Ifbpebble.o)
 .text.atan2_lookup
                0x0000000000000000        0xc /Users/edwinfinch/pebble-dev/PebbleSDK-2.6.1/Pebble/lib/libpebble.a(tmpDC1Ifbpebble.o)
 .text.atoi     0x0000000000000000        0xc /Users/edwinfinch/pebble-dev/PebbleSDK-2.6.1/Pebble/lib/libpebble.a(tmpDC1Ifbpebble.o)
 .text.atol     0x0000000000000000        0xc /Users/edwinfinch/pebble-dev/PebbleSDK-2.6.1/Pebble/lib/libpebble.a(tmpDC1Ifbpebble.o)
 .text.battery_state_service_subscribe
                0x0000000000000000        0xc /Users/edwinfinch/pebble-dev/PebbleSDK-2.6.1/Pebble/lib/libpebble.a(tmpDC1Ifbpebble.o)
 .text.battery_state_service_unsubscribe
                0x0000000000000000        0xc /Users/edwinfinch/pebble-dev/PebbleSDK-2.6.1/Pebble/lib/libpebble.a(tmpDC1Ifbpebble.o)
 .text.bitmap_layer_set_alignment
                0x0000000000000000        0xc /Users/edwinfinch/pebble-dev/PebbleSDK-2.6.1/Pebble/lib/libpebble.a(tmpDC1Ifbpebble.o)
 .text.bitmap_layer_set_background_color
                0x0000000000000000        0xc /Users/edwinfinch/pebble-dev/PebbleSDK-2.6.1/Pebble/lib/libpebble.a(tmpDC1Ifbpebble.o)
 .text.bitmap_layer_set_compositing_mode
                0x0000000000000000        0xc /Users/edwinfinch/pebble-dev/PebbleSDK-2.6.1/Pebble/lib/libpebble.a(tmpDC1Ifbpebble.o)
 .text.bluetooth_connection_service_subscribe
                0x0000000000000000        0xc /Users/edwinfinch/pebble-dev/PebbleSDK-2.6.1/Pebble/lib/libpebble.a(tmpDC1Ifbpebble.o)
 .text.bluetooth_connection_service_unsubscribe
                0x0000000000000000        0xc /Users/edwinfinch/pebble-dev/PebbleSDK-2.6.1/Pebble/lib/libpebble.a(tmpDC1Ifbpebble.o)
 .text.click_number_of_clicks_counted
                0x0000000000000000        0xc /Users/edwinfinch/pebble-dev/PebbleSDK-2.6.1/Pebble/lib/libpebble.a(tmpDC1Ifbpebble.o)
 .text.click_recognizer_get_button_id
                0x0000000000000000        0xc /Users/edwinfinch/pebble-dev/PebbleSDK-2.6.1/Pebble/lib/libpebble.a(tmpDC1Ifbpebble.o)
 .text.clock_copy_time_string
                0x0000000000000000        0xc /Users/edwinfinch/pebble-dev/PebbleSDK-2.6.1/Pebble/lib/libpebble.a(tmpDC1Ifbpebble.o)
 .text.cos_lookup
                0x0000000000000000        0xc /Users/edwinfinch/pebble-dev/PebbleSDK-2.6.1/Pebble/lib/libpebble.a(tmpDC1Ifbpebble.o)
 .text.data_logging_create
                0x0000000000000000        0xc /Users/edwinfinch/pebble-dev/PebbleSDK-2.6.1/Pebble/lib/libpebble.a(tmpDC1Ifbpebble.o)
 .text.data_logging_finish
                0x0000000000000000        0xc /Users/edwinfinch/pebble-dev/PebbleSDK-2.6.1/Pebble/lib/libpebble.a(tmpDC1Ifbpebble.o)
 .text.data_logging_log
                0x0000000000000000        0xc /Users/edwinfinch/pebble-dev/PebbleSDK-2.6.1/Pebble/lib/libpebble.a(tmpDC1Ifbpebble.o)
 .text.dict_calc_buffer_size
                0x0000000000000000        0xc /Users/edwinfinch/pebble-dev/PebbleSDK-2.6.1/Pebble/lib/libpebble.a(tmpDC1Ifbpebble.o)
 .text.dict_calc_buffer_size_from_tuplets
                0x0000000000000000        0xc /Users/edwinfinch/pebble-dev/PebbleSDK-2.6.1/Pebble/lib/libpebble.a(tmpDC1Ifbpebble.o)
 .text.dict_find
                0x0000000000000000        0xc /Users/edwinfinch/pebble-dev/PebbleSDK-2.6.1/Pebble/lib/libpebble.a(tmpDC1Ifbpebble.o)
 .text.dict_merge
                0x0000000000000000        0xc /Users/edwinfinch/pebble-dev/PebbleSDK-2.6.1/Pebble/lib/libpebble.a(tmpDC1Ifbpebble.o)
 .text.dict_read_begin_from_buffer
                0x0000000000000000        0xc /Users/edwinfinch/pebble-dev/PebbleSDK-2.6.1/Pebble/lib/libpebble.a(tmpDC1Ifbpebble.o)
 .text.dict_serialize_tuplets
                0x0000000000000000        0xc /Users/edwinfinch/pebble-dev/PebbleSDK-2.6.1/Pebble/lib/libpebble.a(tmpDC1Ifbpebble.o)
 .text.dict_serialize_tuplets_to_buffer__deprecated
                0x0000000000000000        0xc /Users/edwinfinch/pebble-dev/PebbleSDK-2.6.1/Pebble/lib/libpebble.a(tmpDC1Ifbpebble.o)
 .text.dict_serialize_tuplets_to_buffer_with_iter
                0x0000000000000000        0xc /Users/edwinfinch/pebble-dev/PebbleSDK-2.6.1/Pebble/lib/libpebble.a(tmpDC1Ifbpebble.o)
 .text.dict_write_begin
                0x0000000000000000        0xc /Users/edwinfinch/pebble-dev/PebbleSDK-2.6.1/Pebble/lib/libpebble.a(tmpDC1Ifbpebble.o)
 .text.dict_write_cstring
                0x0000000000000000        0xc /Users/edwinfinch/pebble-dev/PebbleSDK-2.6.1/Pebble/lib/libpebble.a(tmpDC1Ifbpebble.o)
 .text.dict_write_data
                0x0000000000000000        0xc /Users/edwinfinch/pebble-dev/PebbleSDK-2.6.1/Pebble/lib/libpebble.a(tmpDC1Ifbpebble.o)
 .text.dict_write_end
                0x0000000000000000        0xc /Users/edwinfinch/pebble-dev/PebbleSDK-2.6.1/Pebble/lib/libpebble.a(tmpDC1Ifbpebble.o)
 .text.dict_write_int
                0x0000000000000000        0xc /Users/edwinfinch/pebble-dev/PebbleSDK-2.6.1/Pebble/lib/libpebble.a(tmpDC1Ifbpebble.o)
 .text.dict_write_int16
                0x0000000000000000        0xc /Users/edwinfinch/pebble-dev/PebbleSDK-2.6.1/Pebble/lib/libpebble.a(tmpDC1Ifbpebble.o)
 .text.dict_write_int32
                0x0000000000000000        0xc /Users/edwinfinch/pebble-dev/PebbleSDK-2.6.1/Pebble/lib/libpebble.a(tmpDC1Ifbpebble.o)
 .text.dict_write_int8
                0x0000000000000000        0xc /Users/edwinfinch/pebble-dev/PebbleSDK-2.6.1/Pebble/lib/libpebble.a(tmpDC1Ifbpebble.o)
 .text.dict_write_tuplet
                0x0000000000000000        0xc /Users/edwinfinch/pebble-dev/PebbleSDK-2.6.1/Pebble/lib/libpebble.a(tmpDC1Ifbpebble.o)
 .text.dict_write_uint16
                0x0000000000000000        0xc /Users/edwinfinch/pebble-dev/PebbleSDK-2.6.1/Pebble/lib/libpebble.a(tmpDC1Ifbpebble.o)
 .text.dict_write_uint32
                0x0000000000000000        0xc /Users/edwinfinch/pebble-dev/PebbleSDK-2.6.1/Pebble/lib/libpebble.a(tmpDC1Ifbpebble.o)
 .text.dict_write_uint8
                0x0000000000000000        0xc /Users/edwinfinch/pebble-dev/PebbleSDK-2.6.1/Pebble/lib/libpebble.a(tmpDC1Ifbpebble.o)
 .text.fonts_unload_custom_font
                0x0000000000000000        0xc /Users/edwinfinch/pebble-dev/PebbleSDK-2.6.1/Pebble/lib/libpebble.a(tmpDC1Ifbpebble.o)
 .text.free     0x0000000000000000        0xc /Users/edwinfinch/pebble-dev/PebbleSDK-2.6.1/Pebble/lib/libpebble.a(tmpDC1Ifbpebble.o)
 .text.gbitmap_create_as_sub_bitmap
                0x0000000000000000        0xc /Users/edwinfinch/pebble-dev/PebbleSDK-2.6.1/Pebble/lib/libpebble.a(tmpDC1Ifbpebble.o)
 .text.gbitmap_create_with_data
                0x0000000000000000        0xc /Users/edwinfinch/pebble-dev/PebbleSDK-2.6.1/Pebble/lib/libpebble.a(tmpDC1Ifbpebble.o)
 .text.gmtime   0x0000000000000000        0xc /Users/edwinfinch/pebble-dev/PebbleSDK-2.6.1/Pebble/lib/libpebble.a(tmpDC1Ifbpebble.o)
 .text.gpath_create
                0x0000000000000000        0xc /Users/edwinfinch/pebble-dev/PebbleSDK-2.6.1/Pebble/lib/libpebble.a(tmpDC1Ifbpebble.o)
 .text.gpath_destroy
                0x0000000000000000        0xc /Users/edwinfinch/pebble-dev/PebbleSDK-2.6.1/Pebble/lib/libpebble.a(tmpDC1Ifbpebble.o)
 .text.gpath_draw_filled_legacy
                0x0000000000000000        0xc /Users/edwinfinch/pebble-dev/PebbleSDK-2.6.1/Pebble/lib/libpebble.a(tmpDC1Ifbpebble.o)
 .text.gpath_draw_outline
                0x0000000000000000        0xc /Users/edwinfinch/pebble-dev/PebbleSDK-2.6.1/Pebble/lib/libpebble.a(tmpDC1Ifbpebble.o)
 .text.gpath_move_to
                0x0000000000000000        0xc /Users/edwinfinch/pebble-dev/PebbleSDK-2.6.1/Pebble/lib/libpebble.a(tmpDC1Ifbpebble.o)
 .text.gpath_rotate_to
                0x0000000000000000        0xc /Users/edwinfinch/pebble-dev/PebbleSDK-2.6.1/Pebble/lib/libpebble.a(tmpDC1Ifbpebble.o)
 .text.gpoint_equal
                0x0000000000000000        0xc /Users/edwinfinch/pebble-dev/PebbleSDK-2.6.1/Pebble/lib/libpebble.a(tmpDC1Ifbpebble.o)
 .text.graphics_context_set_compositing_mode
                0x0000000000000000        0xc /Users/edwinfinch/pebble-dev/PebbleSDK-2.6.1/Pebble/lib/libpebble.a(tmpDC1Ifbpebble.o)
 .text.graphics_context_set_text_color
                0x0000000000000000        0xc /Users/edwinfinch/pebble-dev/PebbleSDK-2.6.1/Pebble/lib/libpebble.a(tmpDC1Ifbpebble.o)
 .text.graphics_draw_bitmap_in_rect
                0x0000000000000000        0xc /Users/edwinfinch/pebble-dev/PebbleSDK-2.6.1/Pebble/lib/libpebble.a(tmpDC1Ifbpebble.o)
 .text.graphics_draw_line
                0x0000000000000000        0xc /Users/edwinfinch/pebble-dev/PebbleSDK-2.6.1/Pebble/lib/libpebble.a(tmpDC1Ifbpebble.o)
 .text.graphics_draw_pixel
                0x0000000000000000        0xc /Users/edwinfinch/pebble-dev/PebbleSDK-2.6.1/Pebble/lib/libpebble.a(tmpDC1Ifbpebble.o)
 .text.graphics_draw_rect
                0x0000000000000000        0xc /Users/edwinfinch/pebble-dev/PebbleSDK-2.6.1/Pebble/lib/libpebble.a(tmpDC1Ifbpebble.o)
 .text.graphics_draw_round_rect
                0x0000000000000000        0xc /Users/edwinfinch/pebble-dev/PebbleSDK-2.6.1/Pebble/lib/libpebble.a(tmpDC1Ifbpebble.o)
 .text.graphics_fill_rect
                0x0000000000000000        0xc /Users/edwinfinch/pebble-dev/PebbleSDK-2.6.1/Pebble/lib/libpebble.a(tmpDC1Ifbpebble.o)
 .text.graphics_text_layout_get_max_used_size
                0x0000000000000000        0xc /Users/edwinfinch/pebble-dev/PebbleSDK-2.6.1/Pebble/lib/libpebble.a(tmpDC1Ifbpebble.o)
 .text.grect_align
                0x0000000000000000        0xc /Users/edwinfinch/pebble-dev/PebbleSDK-2.6.1/Pebble/lib/libpebble.a(tmpDC1Ifbpebble.o)
 .text.grect_center_point
                0x0000000000000000        0xc /Users/edwinfinch/pebble-dev/PebbleSDK-2.6.1/Pebble/lib/libpebble.a(tmpDC1Ifbpebble.o)
 .text.grect_clip
                0x0000000000000000        0xc /Users/edwinfinch/pebble-dev/PebbleSDK-2.6.1/Pebble/lib/libpebble.a(tmpDC1Ifbpebble.o)
 .text.grect_contains_point
                0x0000000000000000        0xc /Users/edwinfinch/pebble-dev/PebbleSDK-2.6.1/Pebble/lib/libpebble.a(tmpDC1Ifbpebble.o)
 .text.grect_crop
                0x0000000000000000        0xc /Users/edwinfinch/pebble-dev/PebbleSDK-2.6.1/Pebble/lib/libpebble.a(tmpDC1Ifbpebble.o)
 .text.grect_equal
                0x0000000000000000        0xc /Users/edwinfinch/pebble-dev/PebbleSDK-2.6.1/Pebble/lib/libpebble.a(tmpDC1Ifbpebble.o)
 .text.grect_is_empty
                0x0000000000000000        0xc /Users/edwinfinch/pebble-dev/PebbleSDK-2.6.1/Pebble/lib/libpebble.a(tmpDC1Ifbpebble.o)
 .text.grect_standardize
                0x0000000000000000        0xc /Users/edwinfinch/pebble-dev/PebbleSDK-2.6.1/Pebble/lib/libpebble.a(tmpDC1Ifbpebble.o)
 .text.gsize_equal
                0x0000000000000000        0xc /Users/edwinfinch/pebble-dev/PebbleSDK-2.6.1/Pebble/lib/libpebble.a(tmpDC1Ifbpebble.o)
 .text.layer_create_with_data
                0x0000000000000000        0xc /Users/edwinfinch/pebble-dev/PebbleSDK-2.6.1/Pebble/lib/libpebble.a(tmpDC1Ifbpebble.o)
 .text.layer_get_bounds
                0x0000000000000000        0xc /Users/edwinfinch/pebble-dev/PebbleSDK-2.6.1/Pebble/lib/libpebble.a(tmpDC1Ifbpebble.o)
 .text.layer_get_clips
                0x0000000000000000        0xc /Users/edwinfinch/pebble-dev/PebbleSDK-2.6.1/Pebble/lib/libpebble.a(tmpDC1Ifbpebble.o)
 .text.layer_get_data
                0x0000000000000000        0xc /Users/edwinfinch/pebble-dev/PebbleSDK-2.6.1/Pebble/lib/libpebble.a(tmpDC1Ifbpebble.o)
 .text.layer_get_hidden
                0x0000000000000000        0xc /Users/edwinfinch/pebble-dev/PebbleSDK-2.6.1/Pebble/lib/libpebble.a(tmpDC1Ifbpebble.o)
 .text.layer_get_window
                0x0000000000000000        0xc /Users/edwinfinch/pebble-dev/PebbleSDK-2.6.1/Pebble/lib/libpebble.a(tmpDC1Ifbpebble.o)
 .text.layer_insert_above_sibling
                0x0000000000000000        0xc /Users/edwinfinch/pebble-dev/PebbleSDK-2.6.1/Pebble/lib/libpebble.a(tmpDC1Ifbpebble.o)
 .text.layer_insert_below_sibling
                0x0000000000000000        0xc /Users/edwinfinch/pebble-dev/PebbleSDK-2.6.1/Pebble/lib/libpebble.a(tmpDC1Ifbpebble.o)
 .text.layer_remove_child_layers
                0x0000000000000000        0xc /Users/edwinfinch/pebble-dev/PebbleSDK-2.6.1/Pebble/lib/libpebble.a(tmpDC1Ifbpebble.o)
 .text.layer_remove_from_parent
                0x0000000000000000        0xc /Users/edwinfinch/pebble-dev/PebbleSDK-2.6.1/Pebble/lib/libpebble.a(tmpDC1Ifbpebble.o)
 .text.layer_set_bounds
                0x0000000000000000        0xc /Users/edwinfinch/pebble-dev/PebbleSDK-2.6.1/Pebble/lib/libpebble.a(tmpDC1Ifbpebble.o)
 .text.layer_set_clips
                0x0000000000000000        0xc /Users/edwinfinch/pebble-dev/PebbleSDK-2.6.1/Pebble/lib/libpebble.a(tmpDC1Ifbpebble.o)
 .text.layer_set_frame
                0x0000000000000000        0xc /Users/edwinfinch/pebble-dev/PebbleSDK-2.6.1/Pebble/lib/libpebble.a(tmpDC1Ifbpebble.o)
 .text.light_enable
                0x0000000000000000        0xc /Users/edwinfinch/pebble-dev/PebbleSDK-2.6.1/Pebble/lib/libpebble.a(tmpDC1Ifbpebble.o)
 .text.light_enable_interaction
                0x0000000000000000        0xc /Users/edwinfinch/pebble-dev/PebbleSDK-2.6.1/Pebble/lib/libpebble.a(tmpDC1Ifbpebble.o)
 .text.malloc   0x0000000000000000        0xc /Users/edwinfinch/pebble-dev/PebbleSDK-2.6.1/Pebble/lib/libpebble.a(tmpDC1Ifbpebble.o)
 .text.memcpy   0x0000000000000000        0xc /Users/edwinfinch/pebble-dev/PebbleSDK-2.6.1/Pebble/lib/libpebble.a(tmpDC1Ifbpebble.o)
 .text.memmove  0x0000000000000000        0xc /Users/edwinfinch/pebble-dev/PebbleSDK-2.6.1/Pebble/lib/libpebble.a(tmpDC1Ifbpebble.o)
 .text.menu_cell_basic_draw
                0x0000000000000000        0xc /Users/edwinfinch/pebble-dev/PebbleSDK-2.6.1/Pebble/lib/libpebble.a(tmpDC1Ifbpebble.o)
 .text.menu_cell_basic_header_draw
                0x0000000000000000        0xc /Users/edwinfinch/pebble-dev/PebbleSDK-2.6.1/Pebble/lib/libpebble.a(tmpDC1Ifbpebble.o)
 .text.menu_cell_title_draw
                0x0000000000000000        0xc /Users/edwinfinch/pebble-dev/PebbleSDK-2.6.1/Pebble/lib/libpebble.a(tmpDC1Ifbpebble.o)
 .text.menu_index_compare
                0x0000000000000000        0xc /Users/edwinfinch/pebble-dev/PebbleSDK-2.6.1/Pebble/lib/libpebble.a(tmpDC1Ifbpebble.o)
 .text.menu_layer_create
                0x0000000000000000        0xc /Users/edwinfinch/pebble-dev/PebbleSDK-2.6.1/Pebble/lib/libpebble.a(tmpDC1Ifbpebble.o)
 .text.menu_layer_destroy
                0x0000000000000000        0xc /Users/edwinfinch/pebble-dev/PebbleSDK-2.6.1/Pebble/lib/libpebble.a(tmpDC1Ifbpebble.o)
 .text.menu_layer_get_layer
                0x0000000000000000        0xc /Users/edwinfinch/pebble-dev/PebbleSDK-2.6.1/Pebble/lib/libpebble.a(tmpDC1Ifbpebble.o)
 .text.menu_layer_get_scroll_layer
                0x0000000000000000        0xc /Users/edwinfinch/pebble-dev/PebbleSDK-2.6.1/Pebble/lib/libpebble.a(tmpDC1Ifbpebble.o)
 .text.menu_layer_get_selected_index
                0x0000000000000000        0xc /Users/edwinfinch/pebble-dev/PebbleSDK-2.6.1/Pebble/lib/libpebble.a(tmpDC1Ifbpebble.o)
 .text.menu_layer_reload_data
                0x0000000000000000        0xc /Users/edwinfinch/pebble-dev/PebbleSDK-2.6.1/Pebble/lib/libpebble.a(tmpDC1Ifbpebble.o)
 .text.menu_layer_set_callbacks__deprecated
                0x0000000000000000        0xc /Users/edwinfinch/pebble-dev/PebbleSDK-2.6.1/Pebble/lib/libpebble.a(tmpDC1Ifbpebble.o)
 .text.menu_layer_set_click_config_onto_window
                0x0000000000000000        0xc /Users/edwinfinch/pebble-dev/PebbleSDK-2.6.1/Pebble/lib/libpebble.a(tmpDC1Ifbpebble.o)
 .text.menu_layer_set_selected_index
                0x0000000000000000        0xc /Users/edwinfinch/pebble-dev/PebbleSDK-2.6.1/Pebble/lib/libpebble.a(tmpDC1Ifbpebble.o)
 .text.menu_layer_set_selected_next
                0x0000000000000000        0xc /Users/edwinfinch/pebble-dev/PebbleSDK-2.6.1/Pebble/lib/libpebble.a(tmpDC1Ifbpebble.o)
 .text.number_window_create
                0x0000000000000000        0xc /Users/edwinfinch/pebble-dev/PebbleSDK-2.6.1/Pebble/lib/libpebble.a(tmpDC1Ifbpebble.o)
 .text.number_window_destroy
                0x0000000000000000        0xc /Users/edwinfinch/pebble-dev/PebbleSDK-2.6.1/Pebble/lib/libpebble.a(tmpDC1Ifbpebble.o)
 .text.number_window_get_value
                0x0000000000000000        0xc /Users/edwinfinch/pebble-dev/PebbleSDK-2.6.1/Pebble/lib/libpebble.a(tmpDC1Ifbpebble.o)
 .text.number_window_set_label
                0x0000000000000000        0xc /Users/edwinfinch/pebble-dev/PebbleSDK-2.6.1/Pebble/lib/libpebble.a(tmpDC1Ifbpebble.o)
 .text.number_window_set_max
                0x0000000000000000        0xc /Users/edwinfinch/pebble-dev/PebbleSDK-2.6.1/Pebble/lib/libpebble.a(tmpDC1Ifbpebble.o)
 .text.number_window_set_min
                0x0000000000000000        0xc /Users/edwinfinch/pebble-dev/PebbleSDK-2.6.1/Pebble/lib/libpebble.a(tmpDC1Ifbpebble.o)
 .text.number_window_set_step_size
                0x0000000000000000        0xc /Users/edwinfinch/pebble-dev/PebbleSDK-2.6.1/Pebble/lib/libpebble.a(tmpDC1Ifbpebble.o)
 .text.number_window_set_value
                0x0000000000000000        0xc /Users/edwinfinch/pebble-dev/PebbleSDK-2.6.1/Pebble/lib/libpebble.a(tmpDC1Ifbpebble.o)
 .text.persist_delete
                0x0000000000000000        0xc /Users/edwinfinch/pebble-dev/PebbleSDK-2.6.1/Pebble/lib/libpebble.a(tmpDC1Ifbpebble.o)
 .text.persist_exists
                0x0000000000000000        0xc /Users/edwinfinch/pebble-dev/PebbleSDK-2.6.1/Pebble/lib/libpebble.a(tmpDC1Ifbpebble.o)
 .text.persist_get_size
                0x0000000000000000        0xc /Users/edwinfinch/pebble-dev/PebbleSDK-2.6.1/Pebble/lib/libpebble.a(tmpDC1Ifbpebble.o)
 .text.persist_read_bool
                0x0000000000000000        0xc /Users/edwinfinch/pebble-dev/PebbleSDK-2.6.1/Pebble/lib/libpebble.a(tmpDC1Ifbpebble.o)
 .text.persist_read_data__deprecated
                0x0000000000000000        0xc /Users/edwinfinch/pebble-dev/PebbleSDK-2.6.1/Pebble/lib/libpebble.a(tmpDC1Ifbpebble.o)
 .text.persist_read_int
                0x0000000000000000        0xc /Users/edwinfinch/pebble-dev/PebbleSDK-2.6.1/Pebble/lib/libpebble.a(tmpDC1Ifbpebble.o)
 .text.persist_read_string__deprecated
                0x0000000000000000        0xc /Users/edwinfinch/pebble-dev/PebbleSDK-2.6.1/Pebble/lib/libpebble.a(tmpDC1Ifbpebble.o)
 .text.persist_write_bool
                0x0000000000000000        0xc /Users/edwinfinch/pebble-dev/PebbleSDK-2.6.1/Pebble/lib/libpebble.a(tmpDC1Ifbpebble.o)
 .text.persist_write_data__deprecated
                0x0000000000000000        0xc /Users/edwinfinch/pebble-dev/PebbleSDK-2.6.1/Pebble/lib/libpebble.a(tmpDC1Ifbpebble.o)
 .text.persist_write_int
                0x0000000000000000        0xc /Users/edwinfinch/pebble-dev/PebbleSDK-2.6.1/Pebble/lib/libpebble.a(tmpDC1Ifbpebble.o)
 .text.persist_write_string
                0x0000000000000000        0xc /Users/edwinfinch/pebble-dev/PebbleSDK-2.6.1/Pebble/lib/libpebble.a(tmpDC1Ifbpebble.o)
 .text.property_animation_create
                0x0000000000000000        0xc /Users/edwinfinch/pebble-dev/PebbleSDK-2.6.1/Pebble/lib/libpebble.a(tmpDC1Ifbpebble.o)
 .text.property_animation_update_gpoint
                0x0000000000000000        0xc /Users/edwinfinch/pebble-dev/PebbleSDK-2.6.1/Pebble/lib/libpebble.a(tmpDC1Ifbpebble.o)
 .text.property_animation_update_grect
                0x0000000000000000        0xc /Users/edwinfinch/pebble-dev/PebbleSDK-2.6.1/Pebble/lib/libpebble.a(tmpDC1Ifbpebble.o)
 .text.property_animation_update_int16
                0x0000000000000000        0xc /Users/edwinfinch/pebble-dev/PebbleSDK-2.6.1/Pebble/lib/libpebble.a(tmpDC1Ifbpebble.o)
 .text.psleep   0x0000000000000000        0xc /Users/edwinfinch/pebble-dev/PebbleSDK-2.6.1/Pebble/lib/libpebble.a(tmpDC1Ifbpebble.o)
 .text.rand     0x0000000000000000        0xc /Users/edwinfinch/pebble-dev/PebbleSDK-2.6.1/Pebble/lib/libpebble.a(tmpDC1Ifbpebble.o)
 .text.resource_load
                0x0000000000000000        0xc /Users/edwinfinch/pebble-dev/PebbleSDK-2.6.1/Pebble/lib/libpebble.a(tmpDC1Ifbpebble.o)
 .text.resource_load_byte_range
                0x0000000000000000        0xc /Users/edwinfinch/pebble-dev/PebbleSDK-2.6.1/Pebble/lib/libpebble.a(tmpDC1Ifbpebble.o)
 .text.resource_size
                0x0000000000000000        0xc /Users/edwinfinch/pebble-dev/PebbleSDK-2.6.1/Pebble/lib/libpebble.a(tmpDC1Ifbpebble.o)
 .text.rot_bitmap_layer_create
                0x0000000000000000        0xc /Users/edwinfinch/pebble-dev/PebbleSDK-2.6.1/Pebble/lib/libpebble.a(tmpDC1Ifbpebble.o)
 .text.rot_bitmap_layer_destroy
                0x0000000000000000        0xc /Users/edwinfinch/pebble-dev/PebbleSDK-2.6.1/Pebble/lib/libpebble.a(tmpDC1Ifbpebble.o)
 .text.rot_bitmap_layer_increment_angle
                0x0000000000000000        0xc /Users/edwinfinch/pebble-dev/PebbleSDK-2.6.1/Pebble/lib/libpebble.a(tmpDC1Ifbpebble.o)
 .text.rot_bitmap_layer_set_angle
                0x0000000000000000        0xc /Users/edwinfinch/pebble-dev/PebbleSDK-2.6.1/Pebble/lib/libpebble.a(tmpDC1Ifbpebble.o)
 .text.rot_bitmap_layer_set_corner_clip_color
                0x0000000000000000        0xc /Users/edwinfinch/pebble-dev/PebbleSDK-2.6.1/Pebble/lib/libpebble.a(tmpDC1Ifbpebble.o)
 .text.rot_bitmap_set_compositing_mode
                0x0000000000000000        0xc /Users/edwinfinch/pebble-dev/PebbleSDK-2.6.1/Pebble/lib/libpebble.a(tmpDC1Ifbpebble.o)
 .text.rot_bitmap_set_src_ic
                0x0000000000000000        0xc /Users/edwinfinch/pebble-dev/PebbleSDK-2.6.1/Pebble/lib/libpebble.a(tmpDC1Ifbpebble.o)
 .text.scroll_layer_add_child
                0x0000000000000000        0xc /Users/edwinfinch/pebble-dev/PebbleSDK-2.6.1/Pebble/lib/libpebble.a(tmpDC1Ifbpebble.o)
 .text.scroll_layer_create
                0x0000000000000000        0xc /Users/edwinfinch/pebble-dev/PebbleSDK-2.6.1/Pebble/lib/libpebble.a(tmpDC1Ifbpebble.o)
 .text.scroll_layer_destroy
                0x0000000000000000        0xc /Users/edwinfinch/pebble-dev/PebbleSDK-2.6.1/Pebble/lib/libpebble.a(tmpDC1Ifbpebble.o)
 .text.scroll_layer_get_content_offset
                0x0000000000000000        0xc /Users/edwinfinch/pebble-dev/PebbleSDK-2.6.1/Pebble/lib/libpebble.a(tmpDC1Ifbpebble.o)
 .text.scroll_layer_get_content_size
                0x0000000000000000        0xc /Users/edwinfinch/pebble-dev/PebbleSDK-2.6.1/Pebble/lib/libpebble.a(tmpDC1Ifbpebble.o)
 .text.scroll_layer_get_layer
                0x0000000000000000        0xc /Users/edwinfinch/pebble-dev/PebbleSDK-2.6.1/Pebble/lib/libpebble.a(tmpDC1Ifbpebble.o)
 .text.scroll_layer_get_shadow_hidden
                0x0000000000000000        0xc /Users/edwinfinch/pebble-dev/PebbleSDK-2.6.1/Pebble/lib/libpebble.a(tmpDC1Ifbpebble.o)
 .text.scroll_layer_scroll_down_click_handler
                0x0000000000000000        0xc /Users/edwinfinch/pebble-dev/PebbleSDK-2.6.1/Pebble/lib/libpebble.a(tmpDC1Ifbpebble.o)
 .text.scroll_layer_scroll_up_click_handler
                0x0000000000000000        0xc /Users/edwinfinch/pebble-dev/PebbleSDK-2.6.1/Pebble/lib/libpebble.a(tmpDC1Ifbpebble.o)
 .text.scroll_layer_set_callbacks
                0x0000000000000000        0xc /Users/edwinfinch/pebble-dev/PebbleSDK-2.6.1/Pebble/lib/libpebble.a(tmpDC1Ifbpebble.o)
 .text.scroll_layer_set_click_config_onto_window
                0x0000000000000000        0xc /Users/edwinfinch/pebble-dev/PebbleSDK-2.6.1/Pebble/lib/libpebble.a(tmpDC1Ifbpebble.o)
 .text.scroll_layer_set_content_offset
                0x0000000000000000        0xc /Users/edwinfinch/pebble-dev/PebbleSDK-2.6.1/Pebble/lib/libpebble.a(tmpDC1Ifbpebble.o)
 .text.scroll_layer_set_content_size
                0x0000000000000000        0xc /Users/edwinfinch/pebble-dev/PebbleSDK-2.6.1/Pebble/lib/libpebble.a(tmpDC1Ifbpebble.o)
 .text.scroll_layer_set_context
                0x0000000000000000        0xc /Users/edwinfinch/pebble-dev/PebbleSDK-2.6.1/Pebble/lib/libpebble.a(tmpDC1Ifbpebble.o)
 .text.scroll_layer_set_frame
                0x0000000000000000        0xc /Users/edwinfinch/pebble-dev/PebbleSDK-2.6.1/Pebble/lib/libpebble.a(tmpDC1Ifbpebble.o)
 .text.scroll_layer_set_shadow_hidden
                0x0000000000000000        0xc /Users/edwinfinch/pebble-dev/PebbleSDK-2.6.1/Pebble/lib/libpebble.a(tmpDC1Ifbpebble.o)
 .text.simple_menu_layer_get_selected_index
                0x0000000000000000        0xc /Users/edwinfinch/pebble-dev/PebbleSDK-2.6.1/Pebble/lib/libpebble.a(tmpDC1Ifbpebble.o)
 .text.simple_menu_layer_set_selected_index
                0x0000000000000000        0xc /Users/edwinfinch/pebble-dev/PebbleSDK-2.6.1/Pebble/lib/libpebble.a(tmpDC1Ifbpebble.o)
 .text.sin_lookup
                0x0000000000000000        0xc /Users/edwinfinch/pebble-dev/PebbleSDK-2.6.1/Pebble/lib/libpebble.a(tmpDC1Ifbpebble.o)
 .text.srand    0x0000000000000000        0xc /Users/edwinfinch/pebble-dev/PebbleSDK-2.6.1/Pebble/lib/libpebble.a(tmpDC1Ifbpebble.o)
 .text.strcat   0x0000000000000000        0xc /Users/edwinfinch/pebble-dev/PebbleSDK-2.6.1/Pebble/lib/libpebble.a(tmpDC1Ifbpebble.o)
 .text.strcmp   0x0000000000000000        0xc /Users/edwinfinch/pebble-dev/PebbleSDK-2.6.1/Pebble/lib/libpebble.a(tmpDC1Ifbpebble.o)
 .text.strcpy   0x0000000000000000        0xc /Users/edwinfinch/pebble-dev/PebbleSDK-2.6.1/Pebble/lib/libpebble.a(tmpDC1Ifbpebble.o)
 .text.strlen   0x0000000000000000        0xc /Users/edwinfinch/pebble-dev/PebbleSDK-2.6.1/Pebble/lib/libpebble.a(tmpDC1Ifbpebble.o)
 .text.strncat  0x0000000000000000        0xc /Users/edwinfinch/pebble-dev/PebbleSDK-2.6.1/Pebble/lib/libpebble.a(tmpDC1Ifbpebble.o)
 .text.strncmp  0x0000000000000000        0xc /Users/edwinfinch/pebble-dev/PebbleSDK-2.6.1/Pebble/lib/libpebble.a(tmpDC1Ifbpebble.o)
 .text.strncpy  0x0000000000000000        0xc /Users/edwinfinch/pebble-dev/PebbleSDK-2.6.1/Pebble/lib/libpebble.a(tmpDC1Ifbpebble.o)
 .text.text_layer_get_content_size
                0x0000000000000000        0xc /Users/edwinfinch/pebble-dev/PebbleSDK-2.6.1/Pebble/lib/libpebble.a(tmpDC1Ifbpebble.o)
 .text.text_layer_get_text
                0x0000000000000000        0xc /Users/edwinfinch/pebble-dev/PebbleSDK-2.6.1/Pebble/lib/libpebble.a(tmpDC1Ifbpebble.o)
 .text.text_layer_set_overflow_mode
                0x0000000000000000        0xc /Users/edwinfinch/pebble-dev/PebbleSDK-2.6.1/Pebble/lib/libpebble.a(tmpDC1Ifbpebble.o)
 .text.text_layer_set_size
                0x0000000000000000        0xc /Users/edwinfinch/pebble-dev/PebbleSDK-2.6.1/Pebble/lib/libpebble.a(tmpDC1Ifbpebble.o)
 .text.tick_timer_service_subscribe
                0x0000000000000000        0xc /Users/edwinfinch/pebble-dev/PebbleSDK-2.6.1/Pebble/lib/libpebble.a(tmpDC1Ifbpebble.o)
 .text.tick_timer_service_unsubscribe
                0x0000000000000000        0xc /Users/edwinfinch/pebble-dev/PebbleSDK-2.6.1/Pebble/lib/libpebble.a(tmpDC1Ifbpebble.o)
 .text.time_ms  0x0000000000000000        0xc /Users/edwinfinch/pebble-dev/PebbleSDK-2.6.1/Pebble/lib/libpebble.a(tmpDC1Ifbpebble.o)
 .text.vibes_cancel
                0x0000000000000000        0xc /Users/edwinfinch/pebble-dev/PebbleSDK-2.6.1/Pebble/lib/libpebble.a(tmpDC1Ifbpebble.o)
 .text.vibes_double_pulse
                0x0000000000000000        0xc /Users/edwinfinch/pebble-dev/PebbleSDK-2.6.1/Pebble/lib/libpebble.a(tmpDC1Ifbpebble.o)
 .text.vibes_enqueue_custom_pattern
                0x0000000000000000        0xc /Users/edwinfinch/pebble-dev/PebbleSDK-2.6.1/Pebble/lib/libpebble.a(tmpDC1Ifbpebble.o)
 .text.vibes_long_pulse
                0x0000000000000000        0xc /Users/edwinfinch/pebble-dev/PebbleSDK-2.6.1/Pebble/lib/libpebble.a(tmpDC1Ifbpebble.o)
 .text.vibes_short_pulse
                0x0000000000000000        0xc /Users/edwinfinch/pebble-dev/PebbleSDK-2.6.1/Pebble/lib/libpebble.a(tmpDC1Ifbpebble.o)
 .text.window_get_click_config_provider
                0x0000000000000000        0xc /Users/edwinfinch/pebble-dev/PebbleSDK-2.6.1/Pebble/lib/libpebble.a(tmpDC1Ifbpebble.o)
 .text.window_get_fullscreen
                0x0000000000000000        0xc /Users/edwinfinch/pebble-dev/PebbleSDK-2.6.1/Pebble/lib/libpebble.a(tmpDC1Ifbpebble.o)
 .text.window_is_loaded
                0x0000000000000000        0xc /Users/edwinfinch/pebble-dev/PebbleSDK-2.6.1/Pebble/lib/libpebble.a(tmpDC1Ifbpebble.o)
 .text.window_set_background_color
                0x0000000000000000        0xc /Users/edwinfinch/pebble-dev/PebbleSDK-2.6.1/Pebble/lib/libpebble.a(tmpDC1Ifbpebble.o)
 .text.window_set_click_config_provider_with_context
                0x0000000000000000        0xc /Users/edwinfinch/pebble-dev/PebbleSDK-2.6.1/Pebble/lib/libpebble.a(tmpDC1Ifbpebble.o)
 .text.window_set_status_bar_icon
                0x0000000000000000        0xc /Users/edwinfinch/pebble-dev/PebbleSDK-2.6.1/Pebble/lib/libpebble.a(tmpDC1Ifbpebble.o)
 .text.window_stack_contains_window
                0x0000000000000000        0xc /Users/edwinfinch/pebble-dev/PebbleSDK-2.6.1/Pebble/lib/libpebble.a(tmpDC1Ifbpebble.o)
 .text.window_stack_get_top_window
                0x0000000000000000        0xc /Users/edwinfinch/pebble-dev/PebbleSDK-2.6.1/Pebble/lib/libpebble.a(tmpDC1Ifbpebble.o)
 .text.window_stack_pop
                0x0000000000000000        0xc /Users/edwinfinch/pebble-dev/PebbleSDK-2.6.1/Pebble/lib/libpebble.a(tmpDC1Ifbpebble.o)
 .text.window_stack_pop_all
                0x0000000000000000        0xc /Users/edwinfinch/pebble-dev/PebbleSDK-2.6.1/Pebble/lib/libpebble.a(tmpDC1Ifbpebble.o)
 .text.window_stack_remove
                0x0000000000000000        0xc /Users/edwinfinch/pebble-dev/PebbleSDK-2.6.1/Pebble/lib/libpebble.a(tmpDC1Ifbpebble.o)
 .text.app_focus_service_subscribe
                0x0000000000000000        0xc /Users/edwinfinch/pebble-dev/PebbleSDK-2.6.1/Pebble/lib/libpebble.a(tmpDC1Ifbpebble.o)
 .text.app_focus_service_unsubscribe
                0x0000000000000000        0xc /Users/edwinfinch/pebble-dev/PebbleSDK-2.6.1/Pebble/lib/libpebble.a(tmpDC1Ifbpebble.o)
 .text.window_get_user_data
                0x0000000000000000        0xc /Users/edwinfinch/pebble-dev/PebbleSDK-2.6.1/Pebble/lib/libpebble.a(tmpDC1Ifbpebble.o)
 .text.window_set_user_data
                0x0000000000000000        0xc /Users/edwinfinch/pebble-dev/PebbleSDK-2.6.1/Pebble/lib/libpebble.a(tmpDC1Ifbpebble.o)
 .text.app_message_get_context
                0x0000000000000000        0xc /Users/edwinfinch/pebble-dev/PebbleSDK-2.6.1/Pebble/lib/libpebble.a(tmpDC1Ifbpebble.o)
 .text.app_message_inbox_size_maximum
                0x0000000000000000        0xc /Users/edwinfinch/pebble-dev/PebbleSDK-2.6.1/Pebble/lib/libpebble.a(tmpDC1Ifbpebble.o)
 .text.app_message_outbox_begin
                0x0000000000000000        0xc /Users/edwinfinch/pebble-dev/PebbleSDK-2.6.1/Pebble/lib/libpebble.a(tmpDC1Ifbpebble.o)
 .text.app_message_outbox_send
                0x0000000000000000        0xc /Users/edwinfinch/pebble-dev/PebbleSDK-2.6.1/Pebble/lib/libpebble.a(tmpDC1Ifbpebble.o)
 .text.app_message_outbox_size_maximum
                0x0000000000000000        0xc /Users/edwinfinch/pebble-dev/PebbleSDK-2.6.1/Pebble/lib/libpebble.a(tmpDC1Ifbpebble.o)
 .text.app_message_register_inbox_dropped
                0x0000000000000000        0xc /Users/edwinfinch/pebble-dev/PebbleSDK-2.6.1/Pebble/lib/libpebble.a(tmpDC1Ifbpebble.o)
 .text.app_message_register_outbox_failed
                0x0000000000000000        0xc /Users/edwinfinch/pebble-dev/PebbleSDK-2.6.1/Pebble/lib/libpebble.a(tmpDC1Ifbpebble.o)
 .text.app_message_register_outbox_sent
                0x0000000000000000        0xc /Users/edwinfinch/pebble-dev/PebbleSDK-2.6.1/Pebble/lib/libpebble.a(tmpDC1Ifbpebble.o)
 .text.app_message_set_context
                0x0000000000000000        0xc /Users/edwinfinch/pebble-dev/PebbleSDK-2.6.1/Pebble/lib/libpebble.a(tmpDC1Ifbpebble.o)
 .text.window_multi_click_subscribe
                0x0000000000000000        0xc /Users/edwinfinch/pebble-dev/PebbleSDK-2.6.1/Pebble/lib/libpebble.a(tmpDC1Ifbpebble.o)
 .text.window_raw_click_subscribe
                0x0000000000000000        0xc /Users/edwinfinch/pebble-dev/PebbleSDK-2.6.1/Pebble/lib/libpebble.a(tmpDC1Ifbpebble.o)
 .text.window_set_click_context
                0x0000000000000000        0xc /Users/edwinfinch/pebble-dev/PebbleSDK-2.6.1/Pebble/lib/libpebble.a(tmpDC1Ifbpebble.o)
 .text.window_single_repeating_click_subscribe
                0x0000000000000000        0xc /Users/edwinfinch/pebble-dev/PebbleSDK-2.6.1/Pebble/lib/libpebble.a(tmpDC1Ifbpebble.o)
 .text.graphics_draw_text
                0x0000000000000000        0xc /Users/edwinfinch/pebble-dev/PebbleSDK-2.6.1/Pebble/lib/libpebble.a(tmpDC1Ifbpebble.o)
 .text.dict_serialize_tuplets_to_buffer
                0x0000000000000000        0xc /Users/edwinfinch/pebble-dev/PebbleSDK-2.6.1/Pebble/lib/libpebble.a(tmpDC1Ifbpebble.o)
 .text.persist_read_string
                0x0000000000000000        0xc /Users/edwinfinch/pebble-dev/PebbleSDK-2.6.1/Pebble/lib/libpebble.a(tmpDC1Ifbpebble.o)
 .text.dict_size
                0x0000000000000000        0xc /Users/edwinfinch/pebble-dev/PebbleSDK-2.6.1/Pebble/lib/libpebble.a(tmpDC1Ifbpebble.o)
 .text.graphics_text_layout_get_content_size
                0x0000000000000000        0xc /Users/edwinfinch/pebble-dev/PebbleSDK-2.6.1/Pebble/lib/libpebble.a(tmpDC1Ifbpebble.o)
 .text.simple_menu_layer_get_menu_layer
                0x0000000000000000        0xc /Users/edwinfinch/pebble-dev/PebbleSDK-2.6.1/Pebble/lib/libpebble.a(tmpDC1Ifbpebble.o)
 .text.accel_data_service_subscribe
                0x0000000000000000        0xc /Users/edwinfinch/pebble-dev/PebbleSDK-2.6.1/Pebble/lib/libpebble.a(tmpDC1Ifbpebble.o)
 .text.calloc   0x0000000000000000        0xc /Users/edwinfinch/pebble-dev/PebbleSDK-2.6.1/Pebble/lib/libpebble.a(tmpDC1Ifbpebble.o)
 .text.bitmap_layer_get_bitmap
                0x0000000000000000        0xc /Users/edwinfinch/pebble-dev/PebbleSDK-2.6.1/Pebble/lib/libpebble.a(tmpDC1Ifbpebble.o)
 .text.menu_layer_set_callbacks
                0x0000000000000000        0xc /Users/edwinfinch/pebble-dev/PebbleSDK-2.6.1/Pebble/lib/libpebble.a(tmpDC1Ifbpebble.o)
 .text.window_get_click_config_context
                0x0000000000000000        0xc /Users/edwinfinch/pebble-dev/PebbleSDK-2.6.1/Pebble/lib/libpebble.a(tmpDC1Ifbpebble.o)
 .text.number_window_get_window
                0x0000000000000000        0xc /Users/edwinfinch/pebble-dev/PebbleSDK-2.6.1/Pebble/lib/libpebble.a(tmpDC1Ifbpebble.o)
 .text.realloc  0x0000000000000000        0xc /Users/edwinfinch/pebble-dev/PebbleSDK-2.6.1/Pebble/lib/libpebble.a(tmpDC1Ifbpebble.o)
 .text.gbitmap_create_blank
                0x0000000000000000        0xc /Users/edwinfinch/pebble-dev/PebbleSDK-2.6.1/Pebble/lib/libpebble.a(tmpDC1Ifbpebble.o)
 .text.click_recognizer_is_repeating
                0x0000000000000000        0xc /Users/edwinfinch/pebble-dev/PebbleSDK-2.6.1/Pebble/lib/libpebble.a(tmpDC1Ifbpebble.o)
 .text.accel_raw_data_service_subscribe
                0x0000000000000000        0xc /Users/edwinfinch/pebble-dev/PebbleSDK-2.6.1/Pebble/lib/libpebble.a(tmpDC1Ifbpebble.o)
 .text.app_worker_is_running
                0x0000000000000000        0xc /Users/edwinfinch/pebble-dev/PebbleSDK-2.6.1/Pebble/lib/libpebble.a(tmpDC1Ifbpebble.o)
 .text.app_worker_kill
                0x0000000000000000        0xc /Users/edwinfinch/pebble-dev/PebbleSDK-2.6.1/Pebble/lib/libpebble.a(tmpDC1Ifbpebble.o)
 .text.app_worker_launch
                0x0000000000000000        0xc /Users/edwinfinch/pebble-dev/PebbleSDK-2.6.1/Pebble/lib/libpebble.a(tmpDC1Ifbpebble.o)
 .text.app_worker_message_subscribe
                0x0000000000000000        0xc /Users/edwinfinch/pebble-dev/PebbleSDK-2.6.1/Pebble/lib/libpebble.a(tmpDC1Ifbpebble.o)
 .text.app_worker_message_unsubscribe
                0x0000000000000000        0xc /Users/edwinfinch/pebble-dev/PebbleSDK-2.6.1/Pebble/lib/libpebble.a(tmpDC1Ifbpebble.o)
 .text.app_worker_send_message
                0x0000000000000000        0xc /Users/edwinfinch/pebble-dev/PebbleSDK-2.6.1/Pebble/lib/libpebble.a(tmpDC1Ifbpebble.o)
 .text.worker_event_loop
                0x0000000000000000        0xc /Users/edwinfinch/pebble-dev/PebbleSDK-2.6.1/Pebble/lib/libpebble.a(tmpDC1Ifbpebble.o)
 .text.worker_launch_app
                0x0000000000000000        0xc /Users/edwinfinch/pebble-dev/PebbleSDK-2.6.1/Pebble/lib/libpebble.a(tmpDC1Ifbpebble.o)
 .text.heap_bytes_free
                0x0000000000000000        0xc /Users/edwinfinch/pebble-dev/PebbleSDK-2.6.1/Pebble/lib/libpebble.a(tmpDC1Ifbpebble.o)
 .text.heap_bytes_used
                0x0000000000000000        0xc /Users/edwinfinch/pebble-dev/PebbleSDK-2.6.1/Pebble/lib/libpebble.a(tmpDC1Ifbpebble.o)
 .text.compass_service_peek
                0x0000000000000000        0xc /Users/edwinfinch/pebble-dev/PebbleSDK-2.6.1/Pebble/lib/libpebble.a(tmpDC1Ifbpebble.o)
 .text.compass_service_set_heading_filter
                0x0000000000000000        0xc /Users/edwinfinch/pebble-dev/PebbleSDK-2.6.1/Pebble/lib/libpebble.a(tmpDC1Ifbpebble.o)
 .text.compass_service_subscribe
                0x0000000000000000        0xc /Users/edwinfinch/pebble-dev/PebbleSDK-2.6.1/Pebble/lib/libpebble.a(tmpDC1Ifbpebble.o)
 .text.compass_service_unsubscribe
                0x0000000000000000        0xc /Users/edwinfinch/pebble-dev/PebbleSDK-2.6.1/Pebble/lib/libpebble.a(tmpDC1Ifbpebble.o)
 .text.uuid_equal
                0x0000000000000000        0xc /Users/edwinfinch/pebble-dev/PebbleSDK-2.6.1/Pebble/lib/libpebble.a(tmpDC1Ifbpebble.o)
 .text.uuid_to_string
                0x0000000000000000        0xc /Users/edwinfinch/pebble-dev/PebbleSDK-2.6.1/Pebble/lib/libpebble.a(tmpDC1Ifbpebble.o)
 .text.gpath_draw_filled
                0x0000000000000000        0xc /Users/edwinfinch/pebble-dev/PebbleSDK-2.6.1/Pebble/lib/libpebble.a(tmpDC1Ifbpebble.o)
 .text.animation_set_custom_curve
                0x0000000000000000        0xc /Users/edwinfinch/pebble-dev/PebbleSDK-2.6.1/Pebble/lib/libpebble.a(tmpDC1Ifbpebble.o)
 .text.watch_info_get_color
                0x0000000000000000        0xc /Users/edwinfinch/pebble-dev/PebbleSDK-2.6.1/Pebble/lib/libpebble.a(tmpDC1Ifbpebble.o)
 .text.watch_info_get_firmware_version
                0x0000000000000000        0xc /Users/edwinfinch/pebble-dev/PebbleSDK-2.6.1/Pebble/lib/libpebble.a(tmpDC1Ifbpebble.o)
 .text.watch_info_get_model
                0x0000000000000000        0xc /Users/edwinfinch/pebble-dev/PebbleSDK-2.6.1/Pebble/lib/libpebble.a(tmpDC1Ifbpebble.o)
 .text.graphics_capture_frame_buffer
                0x0000000000000000        0xc /Users/edwinfinch/pebble-dev/PebbleSDK-2.6.1/Pebble/lib/libpebble.a(tmpDC1Ifbpebble.o)
 .text.graphics_frame_buffer_is_captured
                0x0000000000000000        0xc /Users/edwinfinch/pebble-dev/PebbleSDK-2.6.1/Pebble/lib/libpebble.a(tmpDC1Ifbpebble.o)
 .text.graphics_release_frame_buffer
                0x0000000000000000        0xc /Users/edwinfinch/pebble-dev/PebbleSDK-2.6.1/Pebble/lib/libpebble.a(tmpDC1Ifbpebble.o)
 .text          0x0000000000000000        0x0 /Users/edwinfinch/pebble-dev/PebbleSDK-2.6.1/arm-cs-tools/bin/../lib/gcc/arm-none-eabi/4.7.2/thumb2/crtend.o
 .bss           0x0000000000000000        0x0 /Users/edwinfinch/pebble-dev/PebbleSDK-2.6.1/arm-cs-tools/bin/../lib/gcc/arm-none-eabi/4.7.2/thumb2/crtend.o
 .eh_frame      0x0000000000000000        0x4 /Users/edwinfinch/pebble-dev/PebbleSDK-2.6.1/arm-cs-tools/bin/../lib/gcc/arm-none-eabi/4.7.2/thumb2/crtend.o
 .jcr           0x0000000000000000        0x4 /Users/edwinfinch/pebble-dev/PebbleSDK-2.6.1/arm-cs-tools/bin/../lib/gcc/arm-none-eabi/4.7.2/thumb2/crtend.o
 .tm_clone_table
                0x0000000000000000        0x0 /Users/edwinfinch/pebble-dev/PebbleSDK-2.6.1/arm-cs-tools/bin/../lib/gcc/arm-none-eabi/4.7.2/thumb2/crtend.o
 .text          0x0000000000000000        0x0 /Users/edwinfinch/pebble-dev/PebbleSDK-2.6.1/arm-cs-tools/bin/../lib/gcc/arm-none-eabi/4.7.2/thumb2/crtn.o
 .bss           0x0000000000000000        0x0 /Users/edwinfinch/pebble-dev/PebbleSDK-2.6.1/arm-cs-tools/bin/../lib/gcc/arm-none-eabi/4.7.2/thumb2/crtn.o
 .init          0x0000000000000000        0x8 /Users/edwinfinch/pebble-dev/PebbleSDK-2.6.1/arm-cs-tools/bin/../lib/gcc/arm-none-eabi/4.7.2/thumb2/crtn.o
 .fini          0x0000000000000000        0x8 /Users/edwinfinch/pebble-dev/PebbleSDK-2.6.1/arm-cs-tools/bin/../lib/gcc/arm-none-eabi/4.7.2/thumb2/crtn.o

Memory Configuration

Name             Origin             Length             Attributes
APP              0x0000000000000000 0x0000000000006000 xrw
*default*        0x0000000000000000 0xffffffffffffffff

Linker script and memory map

LOAD /Users/edwinfinch/pebble-dev/PebbleSDK-2.6.1/arm-cs-tools/bin/../lib/gcc/arm-none-eabi/4.7.2/thumb2/crti.o
LOAD /Users/edwinfinch/pebble-dev/PebbleSDK-2.6.1/arm-cs-tools/bin/../lib/gcc/arm-none-eabi/4.7.2/thumb2/crtbegin.o
LOAD src/blks.c.16.o
LOAD src/main.c.16.o
LOAD appinfo.auto.c.16.o
LOAD /Users/edwinfinch/pebble-dev/PebbleSDK-2.6.1/Pebble/lib/libpebble.a
START GROUP
LOAD /Users/edwinfinch/pebble-dev/PebbleSDK-2.6.1/arm-cs-tools/bin/../lib/gcc/arm-none-eabi/4.7.2/thumb2/libgcc.a
LOAD /Users/edwinfinch/pebble-dev/PebbleSDK-2.6.1/arm-cs-tools/bin/../lib/gcc/arm-none-eabi/4.7.2/../../../../arm-none-eabi/lib/thumb2/libc.a
END GROUP
LOAD /Users/edwinfinch/pebble-dev/PebbleSDK-2.6.1/arm-cs-tools/bin/../lib/gcc/arm-none-eabi/4.7.2/thumb2/crtend.o
LOAD /Users/edwinfinch/pebble-dev/PebbleSDK-2.6.1/arm-cs-tools/bin/../lib/gcc/arm-none-eabi/4.7.2/thumb2/crtn.o

.header         0x0000000000000000       0x82
 *(.pbl_header)
 .pbl_header    0x0000000000000000       0x82 appinfo.auto.c.16.o
                0x0000000000000000                __pbl_app_info

.text           0x0000000000000084     0x164f
 *(.text)
 .text          0x0000000000000084       0x14 /Users/edwinfinch/pebble-dev/PebbleSDK-2.6.1/Pebble/lib/libpebble.a(tmpDC1Ifbpebble.o)
 *(.text.*)
 .text.text_layer_init
                0x0000000000000098       0x3e src/blks.c.16.o
 *fill*         0x00000000000000d6        0x2 
 .text.circle_proc
                0x00000000000000d8       0x24 src/blks.c.16.o
                0x00000000000000d8                circle_proc
 .text.charge_invert
                0x00000000000000fc       0x64 src/blks.c.16.o
                0x00000000000000fc                charge_invert
 .text.battery_proc
                0x0000000000000160       0x70 src/blks.c.16.o
                0x0000000000000160                battery_proc
 .text.stopped  0x00000000000001d0        0x4 src/blks.c.16.o
                0x00000000000001d0                stopped
 .text.animate_layer
                0x00000000000001d4       0x40 src/blks.c.16.o
                0x00000000000001d4                animate_layer
 .text.animate  0x0000000000000214      0x19c src/blks.c.16.o
                0x0000000000000214                animate
 .text.get_minute_change
                0x00000000000003b0       0x40 src/blks.c.16.o
                0x00000000000003b0                get_minute_change
 .text.blks_tick
                0x00000000000003f0      0x18c src/blks.c.16.o
                0x00000000000003f0                blks_tick
 .text.blks_bat
                0x000000000000057c       0x78 src/blks.c.16.o
                0x000000000000057c                blks_bat
 .text.blks_bt  0x00000000000005f4       0x44 src/blks.c.16.o
                0x00000000000005f4                blks_bt
 .text.unload_blks
                0x0000000000000638       0x8c src/blks.c.16.o
                0x0000000000000638                unload_blks
 .text.load_blks
                0x00000000000006c4      0x3c4 src/blks.c.16.o
                0x00000000000006c4                load_blks
 .text.override_gesture
                0x0000000000000a88        0x2 src/main.c.16.o
                0x0000000000000a88                override_gesture
 .text.callback
                0x0000000000000a8a        0x2 src/main.c.16.o
                0x0000000000000a8a                callback
 .text.window_load_debug
                0x0000000000000a8c        0x2 src/main.c.16.o
                0x0000000000000a8c                window_load_debug
 .text.window_unload_debug
                0x0000000000000a8e        0x2 src/main.c.16.o
                0x0000000000000a8e                window_unload_debug
 .text.aboot_callback
                0x0000000000000a90       0x18 src/main.c.16.o
                0x0000000000000a90                aboot_callback
 .text.settings_callback
                0x0000000000000aa8       0x18 src/main.c.16.o
                0x0000000000000aa8                settings_callback
 .text.select   0x0000000000000ac0       0x18 src/main.c.16.o
                0x0000000000000ac0                select
 .text.window_unload_aboot
                0x0000000000000ad8       0x38 src/main.c.16.o
                0x0000000000000ad8                window_unload_aboot
 .text.window_unload_menu
                0x0000000000000b10       0x18 src/main.c.16.o
                0x0000000000000b10                window_unload_menu
 .text.window_unload_settings_menu
                0x0000000000000b28       0x18 src/main.c.16.o
                0x0000000000000b28                window_unload_settings_menu
 .text.window_load_menu
                0x0000000000000b40      0x154 src/main.c.16.o
                0x0000000000000b40                window_load_menu
 .text.window_load_settings_menu
                0x0000000000000c94       0xf4 src/main.c.16.o
                0x0000000000000c94                window_load_settings_menu
 .text.click_prov
                0x0000000000000d88       0x30 src/main.c.16.o
                0x0000000000000d88                click_prov
 .text.inbox    0x0000000000000db8       0x16 src/main.c.16.o
                0x0000000000000db8                inbox
 *fill*         0x0000000000000dce        0x2 
 .text.text_layer_init
                0x0000000000000dd0       0x58 src/main.c.16.o
                0x0000000000000dd0                text_layer_init
 .text.window_load_aboot
                0x0000000000000e28       0xd4 src/main.c.16.o
                0x0000000000000e28                window_load_aboot
 .text.redraw_menu
                0x0000000000000efc       0x34 src/main.c.16.o
                0x0000000000000efc                redraw_menu
 .text.bt_callback
                0x0000000000000f30       0x3c src/main.c.16.o
                0x0000000000000f30                bt_callback
 .text.override_callback
                0x0000000000000f6c       0x3c src/main.c.16.o
                0x0000000000000f6c                override_callback
 .text.init     0x0000000000000fa8      0x1c4 src/main.c.16.o
                0x0000000000000fa8                init
 .text.deinit   0x000000000000116c       0x88 src/main.c.16.o
                0x000000000000116c                deinit
 .text.startup.main
                0x00000000000011f4       0x12 src/main.c.16.o
                0x00000000000011f4                main
 *fill*         0x0000000000001206        0x2 
 .text.animation_schedule
                0x0000000000001208        0xc /Users/edwinfinch/pebble-dev/PebbleSDK-2.6.1/Pebble/lib/libpebble.a(tmpDC1Ifbpebble.o)
                0x0000000000001208                animation_schedule
 .text.animation_set_delay
                0x0000000000001214        0xc /Users/edwinfinch/pebble-dev/PebbleSDK-2.6.1/Pebble/lib/libpebble.a(tmpDC1Ifbpebble.o)
                0x0000000000001214                animation_set_delay
 .text.animation_set_duration
                0x0000000000001220        0xc /Users/edwinfinch/pebble-dev/PebbleSDK-2.6.1/Pebble/lib/libpebble.a(tmpDC1Ifbpebble.o)
                0x0000000000001220                animation_set_duration
 .text.animation_set_handlers
                0x000000000000122c        0xc /Users/edwinfinch/pebble-dev/PebbleSDK-2.6.1/Pebble/lib/libpebble.a(tmpDC1Ifbpebble.o)
                0x000000000000122c                animation_set_handlers
 .text.app_event_loop
                0x0000000000001238        0xc /Users/edwinfinch/pebble-dev/PebbleSDK-2.6.1/Pebble/lib/libpebble.a(tmpDC1Ifbpebble.o)
                0x0000000000001238                app_event_loop
 .text.app_log  0x0000000000001244        0xc /Users/edwinfinch/pebble-dev/PebbleSDK-2.6.1/Pebble/lib/libpebble.a(tmpDC1Ifbpebble.o)
                0x0000000000001244                app_log
 .text.app_message_open
                0x0000000000001250        0xc /Users/edwinfinch/pebble-dev/PebbleSDK-2.6.1/Pebble/lib/libpebble.a(tmpDC1Ifbpebble.o)
                0x0000000000001250                app_message_open
 .text.app_timer_cancel
                0x000000000000125c        0xc /Users/edwinfinch/pebble-dev/PebbleSDK-2.6.1/Pebble/lib/libpebble.a(tmpDC1Ifbpebble.o)
                0x000000000000125c                app_timer_cancel
 .text.app_timer_register
                0x0000000000001268        0xc /Users/edwinfinch/pebble-dev/PebbleSDK-2.6.1/Pebble/lib/libpebble.a(tmpDC1Ifbpebble.o)
                0x0000000000001268                app_timer_register
 .text.battery_state_service_peek
                0x0000000000001274        0xc /Users/edwinfinch/pebble-dev/PebbleSDK-2.6.1/Pebble/lib/libpebble.a(tmpDC1Ifbpebble.o)
                0x0000000000001274                battery_state_service_peek
 .text.bitmap_layer_create
                0x0000000000001280        0xc /Users/edwinfinch/pebble-dev/PebbleSDK-2.6.1/Pebble/lib/libpebble.a(tmpDC1Ifbpebble.o)
                0x0000000000001280                bitmap_layer_create
 .text.bitmap_layer_destroy
                0x000000000000128c        0xc /Users/edwinfinch/pebble-dev/PebbleSDK-2.6.1/Pebble/lib/libpebble.a(tmpDC1Ifbpebble.o)
                0x000000000000128c                bitmap_layer_destroy
 .text.bitmap_layer_get_layer
                0x0000000000001298        0xc /Users/edwinfinch/pebble-dev/PebbleSDK-2.6.1/Pebble/lib/libpebble.a(tmpDC1Ifbpebble.o)
                0x0000000000001298                bitmap_layer_get_layer
 .text.bitmap_layer_set_bitmap
                0x00000000000012a4        0xc /Users/edwinfinch/pebble-dev/PebbleSDK-2.6.1/Pebble/lib/libpebble.a(tmpDC1Ifbpebble.o)
                0x00000000000012a4                bitmap_layer_set_bitmap
 .text.bluetooth_connection_service_peek
                0x00000000000012b0        0xc /Users/edwinfinch/pebble-dev/PebbleSDK-2.6.1/Pebble/lib/libpebble.a(tmpDC1Ifbpebble.o)
                0x00000000000012b0                bluetooth_connection_service_peek
 .text.clock_is_24h_style
                0x00000000000012bc        0xc /Users/edwinfinch/pebble-dev/PebbleSDK-2.6.1/Pebble/lib/libpebble.a(tmpDC1Ifbpebble.o)
                0x00000000000012bc                clock_is_24h_style
 .text.dict_read_first
                0x00000000000012c8        0xc /Users/edwinfinch/pebble-dev/PebbleSDK-2.6.1/Pebble/lib/libpebble.a(tmpDC1Ifbpebble.o)
                0x00000000000012c8                dict_read_first
 .text.dict_read_next
                0x00000000000012d4        0xc /Users/edwinfinch/pebble-dev/PebbleSDK-2.6.1/Pebble/lib/libpebble.a(tmpDC1Ifbpebble.o)
                0x00000000000012d4                dict_read_next
 .text.fonts_get_system_font
                0x00000000000012e0        0xc /Users/edwinfinch/pebble-dev/PebbleSDK-2.6.1/Pebble/lib/libpebble.a(tmpDC1Ifbpebble.o)
                0x00000000000012e0                fonts_get_system_font
 .text.fonts_load_custom_font
                0x00000000000012ec        0xc /Users/edwinfinch/pebble-dev/PebbleSDK-2.6.1/Pebble/lib/libpebble.a(tmpDC1Ifbpebble.o)
                0x00000000000012ec                fonts_load_custom_font
 .text.gbitmap_create_with_resource
                0x00000000000012f8        0xc /Users/edwinfinch/pebble-dev/PebbleSDK-2.6.1/Pebble/lib/libpebble.a(tmpDC1Ifbpebble.o)
                0x00000000000012f8                gbitmap_create_with_resource
 .text.gbitmap_destroy
                0x0000000000001304        0xc /Users/edwinfinch/pebble-dev/PebbleSDK-2.6.1/Pebble/lib/libpebble.a(tmpDC1Ifbpebble.o)
                0x0000000000001304                gbitmap_destroy
 .text.graphics_context_set_fill_color
                0x0000000000001310        0xc /Users/edwinfinch/pebble-dev/PebbleSDK-2.6.1/Pebble/lib/libpebble.a(tmpDC1Ifbpebble.o)
                0x0000000000001310                graphics_context_set_fill_color
 .text.graphics_context_set_stroke_color
                0x000000000000131c        0xc /Users/edwinfinch/pebble-dev/PebbleSDK-2.6.1/Pebble/lib/libpebble.a(tmpDC1Ifbpebble.o)
                0x000000000000131c                graphics_context_set_stroke_color
 .text.graphics_draw_circle
                0x0000000000001328        0xc /Users/edwinfinch/pebble-dev/PebbleSDK-2.6.1/Pebble/lib/libpebble.a(tmpDC1Ifbpebble.o)
                0x0000000000001328                graphics_draw_circle
 .text.graphics_fill_circle
                0x0000000000001334        0xc /Users/edwinfinch/pebble-dev/PebbleSDK-2.6.1/Pebble/lib/libpebble.a(tmpDC1Ifbpebble.o)
                0x0000000000001334                graphics_fill_circle
 .text.inverter_layer_create
                0x0000000000001340        0xc /Users/edwinfinch/pebble-dev/PebbleSDK-2.6.1/Pebble/lib/libpebble.a(tmpDC1Ifbpebble.o)
                0x0000000000001340                inverter_layer_create
 .text.inverter_layer_destroy
                0x000000000000134c        0xc /Users/edwinfinch/pebble-dev/PebbleSDK-2.6.1/Pebble/lib/libpebble.a(tmpDC1Ifbpebble.o)
                0x000000000000134c                inverter_layer_destroy
 .text.inverter_layer_get_layer
                0x0000000000001358        0xc /Users/edwinfinch/pebble-dev/PebbleSDK-2.6.1/Pebble/lib/libpebble.a(tmpDC1Ifbpebble.o)
                0x0000000000001358                inverter_layer_get_layer
 .text.layer_add_child
                0x0000000000001364        0xc /Users/edwinfinch/pebble-dev/PebbleSDK-2.6.1/Pebble/lib/libpebble.a(tmpDC1Ifbpebble.o)
                0x0000000000001364                layer_add_child
 .text.layer_create
                0x0000000000001370        0xc /Users/edwinfinch/pebble-dev/PebbleSDK-2.6.1/Pebble/lib/libpebble.a(tmpDC1Ifbpebble.o)
                0x0000000000001370                layer_create
 .text.layer_destroy
                0x000000000000137c        0xc /Users/edwinfinch/pebble-dev/PebbleSDK-2.6.1/Pebble/lib/libpebble.a(tmpDC1Ifbpebble.o)
                0x000000000000137c                layer_destroy
 .text.layer_get_frame
                0x0000000000001388        0xc /Users/edwinfinch/pebble-dev/PebbleSDK-2.6.1/Pebble/lib/libpebble.a(tmpDC1Ifbpebble.o)
                0x0000000000001388                layer_get_frame
 .text.layer_mark_dirty
                0x0000000000001394        0xc /Users/edwinfinch/pebble-dev/PebbleSDK-2.6.1/Pebble/lib/libpebble.a(tmpDC1Ifbpebble.o)
                0x0000000000001394                layer_mark_dirty
 .text.layer_set_hidden
                0x00000000000013a0        0xc /Users/edwinfinch/pebble-dev/PebbleSDK-2.6.1/Pebble/lib/libpebble.a(tmpDC1Ifbpebble.o)
                0x00000000000013a0                layer_set_hidden
 .text.layer_set_update_proc
                0x00000000000013ac        0xc /Users/edwinfinch/pebble-dev/PebbleSDK-2.6.1/Pebble/lib/libpebble.a(tmpDC1Ifbpebble.o)
                0x00000000000013ac                layer_set_update_proc
 .text.localtime
                0x00000000000013b8        0xc /Users/edwinfinch/pebble-dev/PebbleSDK-2.6.1/Pebble/lib/libpebble.a(tmpDC1Ifbpebble.o)
                0x00000000000013b8                localtime
 .text.memset   0x00000000000013c4        0xc /Users/edwinfinch/pebble-dev/PebbleSDK-2.6.1/Pebble/lib/libpebble.a(tmpDC1Ifbpebble.o)
                0x00000000000013c4                memset
 .text.property_animation_create_layer_frame
                0x00000000000013d0        0xc /Users/edwinfinch/pebble-dev/PebbleSDK-2.6.1/Pebble/lib/libpebble.a(tmpDC1Ifbpebble.o)
                0x00000000000013d0                property_animation_create_layer_frame
 .text.property_animation_destroy
                0x00000000000013dc        0xc /Users/edwinfinch/pebble-dev/PebbleSDK-2.6.1/Pebble/lib/libpebble.a(tmpDC1Ifbpebble.o)
                0x00000000000013dc                property_animation_destroy
 .text.resource_get_handle
                0x00000000000013e8        0xc /Users/edwinfinch/pebble-dev/PebbleSDK-2.6.1/Pebble/lib/libpebble.a(tmpDC1Ifbpebble.o)
                0x00000000000013e8                resource_get_handle
 .text.simple_menu_layer_create
                0x00000000000013f4        0xc /Users/edwinfinch/pebble-dev/PebbleSDK-2.6.1/Pebble/lib/libpebble.a(tmpDC1Ifbpebble.o)
                0x00000000000013f4                simple_menu_layer_create
 .text.simple_menu_layer_destroy
                0x0000000000001400        0xc /Users/edwinfinch/pebble-dev/PebbleSDK-2.6.1/Pebble/lib/libpebble.a(tmpDC1Ifbpebble.o)
                0x0000000000001400                simple_menu_layer_destroy
 .text.simple_menu_layer_get_layer
                0x000000000000140c        0xc /Users/edwinfinch/pebble-dev/PebbleSDK-2.6.1/Pebble/lib/libpebble.a(tmpDC1Ifbpebble.o)
                0x000000000000140c                simple_menu_layer_get_layer
 .text.snprintf
                0x0000000000001418        0xc /Users/edwinfinch/pebble-dev/PebbleSDK-2.6.1/Pebble/lib/libpebble.a(tmpDC1Ifbpebble.o)
                0x0000000000001418                snprintf
 .text.strftime
                0x0000000000001424        0xc /Users/edwinfinch/pebble-dev/PebbleSDK-2.6.1/Pebble/lib/libpebble.a(tmpDC1Ifbpebble.o)
                0x0000000000001424                strftime
 .text.text_layer_create
                0x0000000000001430        0xc /Users/edwinfinch/pebble-dev/PebbleSDK-2.6.1/Pebble/lib/libpebble.a(tmpDC1Ifbpebble.o)
                0x0000000000001430                text_layer_create
 .text.text_layer_destroy
                0x000000000000143c        0xc /Users/edwinfinch/pebble-dev/PebbleSDK-2.6.1/Pebble/lib/libpebble.a(tmpDC1Ifbpebble.o)
                0x000000000000143c                text_layer_destroy
 .text.text_layer_get_layer
                0x0000000000001448        0xc /Users/edwinfinch/pebble-dev/PebbleSDK-2.6.1/Pebble/lib/libpebble.a(tmpDC1Ifbpebble.o)
                0x0000000000001448                text_layer_get_layer
 .text.text_layer_set_background_color
                0x0000000000001454        0xc /Users/edwinfinch/pebble-dev/PebbleSDK-2.6.1/Pebble/lib/libpebble.a(tmpDC1Ifbpebble.o)
                0x0000000000001454                text_layer_set_background_color
 .text.text_layer_set_font
                0x0000000000001460        0xc /Users/edwinfinch/pebble-dev/PebbleSDK-2.6.1/Pebble/lib/libpebble.a(tmpDC1Ifbpebble.o)
                0x0000000000001460                text_layer_set_font
 .text.text_layer_set_text
                0x000000000000146c        0xc /Users/edwinfinch/pebble-dev/PebbleSDK-2.6.1/Pebble/lib/libpebble.a(tmpDC1Ifbpebble.o)
                0x000000000000146c                text_layer_set_text
 .text.text_layer_set_text_alignment
                0x0000000000001478        0xc /Users/edwinfinch/pebble-dev/PebbleSDK-2.6.1/Pebble/lib/libpebble.a(tmpDC1Ifbpebble.o)
                0x0000000000001478                text_layer_set_text_alignment
 .text.text_layer_set_text_color
                0x0000000000001484        0xc /Users/edwinfinch/pebble-dev/PebbleSDK-2.6.1/Pebble/lib/libpebble.a(tmpDC1Ifbpebble.o)
                0x0000000000001484                text_layer_set_text_color
 .text.time     0x0000000000001490        0xc /Users/edwinfinch/pebble-dev/PebbleSDK-2.6.1/Pebble/lib/libpebble.a(tmpDC1Ifbpebble.o)
                0x0000000000001490                time
 .text.window_create
                0x000000000000149c        0xc /Users/edwinfinch/pebble-dev/PebbleSDK-2.6.1/Pebble/lib/libpebble.a(tmpDC1Ifbpebble.o)
                0x000000000000149c                window_create
 .text.window_destroy
                0x00000000000014a8        0xc /Users/edwinfinch/pebble-dev/PebbleSDK-2.6.1/Pebble/lib/libpebble.a(tmpDC1Ifbpebble.o)
                0x00000000000014a8                window_destroy
 .text.window_get_root_layer
                0x00000000000014b4        0xc /Users/edwinfinch/pebble-dev/PebbleSDK-2.6.1/Pebble/lib/libpebble.a(tmpDC1Ifbpebble.o)
                0x00000000000014b4                window_get_root_layer
 .text.window_set_click_config_provider
                0x00000000000014c0        0xc /Users/edwinfinch/pebble-dev/PebbleSDK-2.6.1/Pebble/lib/libpebble.a(tmpDC1Ifbpebble.o)
                0x00000000000014c0                window_set_click_config_provider
 .text.window_set_fullscreen
                0x00000000000014cc        0xc /Users/edwinfinch/pebble-dev/PebbleSDK-2.6.1/Pebble/lib/libpebble.a(tmpDC1Ifbpebble.o)
                0x00000000000014cc                window_set_fullscreen
 .text.window_set_window_handlers
                0x00000000000014d8        0xc /Users/edwinfinch/pebble-dev/PebbleSDK-2.6.1/Pebble/lib/libpebble.a(tmpDC1Ifbpebble.o)
                0x00000000000014d8                window_set_window_handlers
 .text.window_stack_push
                0x00000000000014e4        0xc /Users/edwinfinch/pebble-dev/PebbleSDK-2.6.1/Pebble/lib/libpebble.a(tmpDC1Ifbpebble.o)
                0x00000000000014e4                window_stack_push
 .text.app_message_register_inbox_received
                0x00000000000014f0        0xc /Users/edwinfinch/pebble-dev/PebbleSDK-2.6.1/Pebble/lib/libpebble.a(tmpDC1Ifbpebble.o)
                0x00000000000014f0                app_message_register_inbox_received
 .text.window_long_click_subscribe
                0x00000000000014fc        0xc /Users/edwinfinch/pebble-dev/PebbleSDK-2.6.1/Pebble/lib/libpebble.a(tmpDC1Ifbpebble.o)
                0x00000000000014fc                window_long_click_subscribe
 .text.window_single_click_subscribe
                0x0000000000001508        0xc /Users/edwinfinch/pebble-dev/PebbleSDK-2.6.1/Pebble/lib/libpebble.a(tmpDC1Ifbpebble.o)
                0x0000000000001508                window_single_click_subscribe
 .text.persist_read_data
                0x0000000000001514        0xc /Users/edwinfinch/pebble-dev/PebbleSDK-2.6.1/Pebble/lib/libpebble.a(tmpDC1Ifbpebble.o)
                0x0000000000001514                persist_read_data
 .text.persist_write_data
                0x0000000000001520        0xc /Users/edwinfinch/pebble-dev/PebbleSDK-2.6.1/Pebble/lib/libpebble.a(tmpDC1Ifbpebble.o)
                0x0000000000001520                persist_write_data
 *(.rodata)
 .rodata        0x000000000000152c       0x7c src/blks.c.16.o
 .rodata        0x00000000000015a8       0x18 src/main.c.16.o
 *(.rodata*)
 .rodata.str1.1
                0x00000000000015c0        0x6 src/blks.c.16.o
 .rodata.str1.1
                0x00000000000015c6      0x10d src/main.c.16.o
                                        0x115 (size before relaxing)

.glue_7         0x00000000000016d4        0x0
 .glue_7        0x0000000000000000        0x0 linker stubs

.glue_7t        0x00000000000016d4        0x0
 .glue_7t       0x0000000000000000        0x0 linker stubs

.vfp11_veneer   0x00000000000016d4        0x0
 .vfp11_veneer  0x0000000000000000        0x0 linker stubs

.v4_bx          0x00000000000016d4        0x0
 .v4_bx         0x0000000000000000        0x0 linker stubs

.iplt           0x00000000000016d4        0x0
 .iplt          0x0000000000000000        0x0 /Users/edwinfinch/pebble-dev/PebbleSDK-2.6.1/arm-cs-tools/bin/../lib/gcc/arm-none-eabi/4.7.2/thumb2/crtbegin.o

.rel.dyn        0x00000000000016d4        0x0
 .rel.iplt      0x0000000000000000        0x0 /Users/edwinfinch/pebble-dev/PebbleSDK-2.6.1/arm-cs-tools/bin/../lib/gcc/arm-none-eabi/4.7.2/thumb2/crtbegin.o
 .rel.got       0x0000000000000000        0x0 /Users/edwinfinch/pebble-dev/PebbleSDK-2.6.1/arm-cs-tools/bin/../lib/gcc/arm-none-eabi/4.7.2/thumb2/crtbegin.o

.data           0x00000000000016d4       0x11
 *(.data)
 .data          0x00000000000016d4        0x0 /Users/edwinfinch/pebble-dev/PebbleSDK-2.6.1/arm-cs-tools/bin/../lib/gcc/arm-none-eabi/4.7.2/thumb2/crti.o
 .data          0x00000000000016d4        0x4 /Users/edwinfinch/pebble-dev/PebbleSDK-2.6.1/arm-cs-tools/bin/../lib/gcc/arm-none-eabi/4.7.2/thumb2/crtbegin.o
                0x00000000000016d4                __dso_handle
 .data          0x00000000000016d8        0x0 src/blks.c.16.o
 .data          0x00000000000016d8        0x0 src/main.c.16.o
 .data          0x00000000000016d8        0x0 appinfo.auto.c.16.o
 .data          0x00000000000016d8        0x0 /Users/edwinfinch/pebble-dev/PebbleSDK-2.6.1/Pebble/lib/libpebble.a(tmpDC1Ifbpebble.o)
 .data          0x00000000000016d8        0x0 /Users/edwinfinch/pebble-dev/PebbleSDK-2.6.1/arm-cs-tools/bin/../lib/gcc/arm-none-eabi/4.7.2/thumb2/crtend.o
 .data          0x00000000000016d8        0x0 /Users/edwinfinch/pebble-dev/PebbleSDK-2.6.1/arm-cs-tools/bin/../lib/gcc/arm-none-eabi/4.7.2/thumb2/crtn.o
 *(.data.*)
 .data.min_1_buf.6653
                0x00000000000016d8        0x2 src/blks.c.16.o
 .data.hour_2_buf.6656
                0x00000000000016da        0x2 src/blks.c.16.o
 .data.date_buf.6657
                0x00000000000016dc        0x5 src/blks.c.16.o
 .data.min_2_buf.6654
                0x00000000000016e1        0x2 src/blks.c.16.o
 .data.hour_1_buf.6655
                0x00000000000016e3        0x2 src/blks.c.16.o

.igot.plt       0x00000000000016e8        0x0
 .igot.plt      0x0000000000000000        0x0 /Users/edwinfinch/pebble-dev/PebbleSDK-2.6.1/arm-cs-tools/bin/../lib/gcc/arm-none-eabi/4.7.2/thumb2/crtbegin.o

.got            0x00000000000016e8       0xb8
 .got           0x00000000000016e8       0xb8 /Users/edwinfinch/pebble-dev/PebbleSDK-2.6.1/arm-cs-tools/bin/../lib/gcc/arm-none-eabi/4.7.2/thumb2/crtbegin.o

.got.plt        0x00000000000017a0        0xc
 .got.plt       0x00000000000017a0        0xc /Users/edwinfinch/pebble-dev/PebbleSDK-2.6.1/arm-cs-tools/bin/../lib/gcc/arm-none-eabi/4.7.2/thumb2/crtbegin.o
                0x00000000000017a0                _GLOBAL_OFFSET_TABLE_

.bss            0x00000000000017ac      0x170
 *(.bss)
 *(.bss.*)
 .bss.cancelled
                0x00000000000017ac        0x1 src/blks.c.16.o
                0x00000000000017ac                cancelled
 *fill*         0x00000000000017ad        0x3 
 .bss.minute    0x00000000000017b0        0x4 src/blks.c.16.o
                0x00000000000017b0                minute
 .bss.seconds   0x00000000000017b4        0x4 src/blks.c.16.o
                0x00000000000017b4                seconds
 .bss.public_connection
                0x00000000000017b8        0x1 src/blks.c.16.o
                0x00000000000017b8                public_connection
 *fill*         0x00000000000017b9        0x3 
 .bss.hour      0x00000000000017bc        0x4 src/blks.c.16.o
                0x00000000000017bc                hour
 COMMON         0x00000000000017c0       0x88 src/blks.c.16.o
                0x00000000000017c0                final_3
                0x00000000000017c8                initial_2
                0x00000000000017d0                charge_timer
                0x00000000000017d4                battery_percent
                0x00000000000017d8                circle_layer
                0x00000000000017dc                date_layer
                0x00000000000017e0                final_1
                0x00000000000017e8                initial_1
                0x00000000000017f0                hour_1
                0x00000000000017f4                background_layer
                0x00000000000017f8                initial_3
                0x0000000000001800                battery_layer
                0x0000000000001804                cov_1
                0x0000000000001808                cov_4
                0x000000000000180c                bt_image
                0x0000000000001810                final_2
                0x0000000000001818                minute_2
                0x000000000000181c                cov_2
                0x0000000000001820                initial_4
                0x0000000000001828                bt_image_layer
                0x000000000000182c                minute_1
                0x0000000000001830                invert
                0x0000000000001834                background_image
                0x0000000000001838                final_4
                0x0000000000001840                cov_3
                0x0000000000001844                hour_2
 COMMON         0x0000000000001848       0xd4 src/main.c.16.o
                0x0000000000001848                menu_sections
                0x0000000000001854                aboot_version
                0x0000000000001858                menu_settings_items
                0x00000000000018a8                settings
                0x00000000000018b4                menu_window
                0x00000000000018b8                blks_window
                0x00000000000018bc                log_icon
                0x00000000000018c0                aboot_edwin
                0x00000000000018c4                gesture_icon
                0x00000000000018c8                menu_layer
                0x00000000000018cc                debug_window
                0x00000000000018d0                s_menu_sections
                0x00000000000018dc                settings_icon
                0x00000000000018e0                aboot_window
                0x00000000000018e4                wf_icon
                0x00000000000018e8                aboot_theme
                0x00000000000018ec                s_menu_settings_items
                0x000000000000190c                main_menu
                0x0000000000001910                settings_window
                0x0000000000001914                settings_menu
                0x0000000000001918                aboot_icon

DISCARD
 libc.a(*)
 libm.a(*)
 libgcc.a(*)
 *(.eh_frame)
OUTPUT(/Users/edwinfinch/pebble-projects/iDoc360/build/pebble-app.elf elf32-littlearm)

.ARM.attributes
                0x0000000000000000       0x27
 .ARM.attributes
                0x0000000000000000       0x19 /Users/edwinfinch/pebble-dev/PebbleSDK-2.6.1/arm-cs-tools/bin/../lib/gcc/arm-none-eabi/4.7.2/thumb2/crti.o
 .ARM.attributes
                0x0000000000000019       0x29 /Users/edwinfinch/pebble-dev/PebbleSDK-2.6.1/arm-cs-tools/bin/../lib/gcc/arm-none-eabi/4.7.2/thumb2/crtbegin.o
 .ARM.attributes
                0x0000000000000042       0x33 src/blks.c.16.o
 .ARM.attributes
                0x0000000000000075       0x33 src/main.c.16.o
 .ARM.attributes
                0x00000000000000a8       0x33 appinfo.auto.c.16.o
 .ARM.attributes
                0x00000000000000db       0x21 /Users/edwinfinch/pebble-dev/PebbleSDK-2.6.1/Pebble/lib/libpebble.a(tmpDC1Ifbpebble.o)
 .ARM.attributes
                0x00000000000000fc       0x29 /Users/edwinfinch/pebble-dev/PebbleSDK-2.6.1/arm-cs-tools/bin/../lib/gcc/arm-none-eabi/4.7.2/thumb2/crtend.o
 .ARM.attributes
                0x0000000000000125       0x19 /Users/edwinfinch/pebble-dev/PebbleSDK-2.6.1/arm-cs-tools/bin/../lib/gcc/arm-none-eabi/4.7.2/thumb2/crtn.o

.comment        0x0000000000000000       0x4e
 .comment       0x0000000000000000       0x4e /Users/edwinfinch/pebble-dev/PebbleSDK-2.6.1/arm-cs-tools/bin/../lib/gcc/arm-none-eabi/4.7.2/thumb2/crtbegin.o
                                         0x4f (size before relaxing)
 .comment       0x0000000000000000       0x4f src/blks.c.16.o
 .comment       0x0000000000000000       0x4f src/main.c.16.o
 .comment       0x0000000000000000       0x4f appinfo.auto.c.16.o
 .comment       0x0000000000000000       0x4f /Users/edwinfinch/pebble-dev/PebbleSDK-2.6.1/arm-cs-tools/bin/../lib/gcc/arm-none-eabi/4.7.2/thumb2/crtend.o

.debug_info     0x0000000000000000     0x380c
 .debug_info    0x0000000000000000     0x1bf6 src/blks.c.16.o
 .debug_info    0x0000000000001bf6     0x18de src/main.c.16.o
 .debug_info    0x00000000000034d4      0x338 appinfo.auto.c.16.o

.debug_abbrev   0x0000000000000000      0x827
 .debug_abbrev  0x0000000000000000      0x3a2 src/blks.c.16.o
 .debug_abbrev  0x00000000000003a2      0x3e7 src/main.c.16.o
 .debug_abbrev  0x0000000000000789       0x9e appinfo.auto.c.16.o

.debug_loc      0x0000000000000000      0xbaf
 .debug_loc     0x0000000000000000      0x66c src/blks.c.16.o
 .debug_loc     0x000000000000066c      0x543 src/main.c.16.o

.debug_aranges  0x0000000000000000      0x170
 .debug_aranges
                0x0000000000000000       0x88 src/blks.c.16.o
 .debug_aranges
                0x0000000000000088       0xd0 src/main.c.16.o
 .debug_aranges
                0x0000000000000158       0x18 appinfo.auto.c.16.o

.debug_ranges   0x0000000000000000      0x138
 .debug_ranges  0x0000000000000000       0x78 src/blks.c.16.o
 .debug_ranges  0x0000000000000078       0xc0 src/main.c.16.o

.debug_line     0x0000000000000000      0xa17
 .debug_line    0x0000000000000000      0x4bc src/blks.c.16.o
 .debug_line    0x00000000000004bc      0x431 src/main.c.16.o
 .debug_line    0x00000000000008ed      0x12a appinfo.auto.c.16.o

.debug_str      0x0000000000000000     0x15f9
 .debug_str     0x0000000000000000      0xc94 src/blks.c.16.o
                                        0xd67 (size before relaxing)
 .debug_str     0x0000000000000c94      0x807 src/main.c.16.o
                                        0xd22 (size before relaxing)
 .debug_str     0x000000000000149b      0x15e appinfo.auto.c.16.o
                                        0x374 (size before relaxing)

.debug_frame    0x0000000000000000      0x3cc
 .debug_frame   0x0000000000000000      0x1b4 src/blks.c.16.o
 .debug_frame   0x00000000000001b4      0x218 src/main.c.16.o
