Archive member included because of file (symbol)

/Users/edwinfinch/pebble-dev/PebbleSDK-2.6.1/Pebble/lib/libpebble.a(tmpDC1Ifbpebble.o)
                              src/double_tap.c.17.o (accel_tap_service_subscribe)

Allocating common symbols
Common symbol       size              file

final_3             0x8               src/blks.c.17.o
initial_2           0x8               src/blks.c.17.o
charge_timer        0x4               src/blks.c.17.o
battery_percent     0x4               src/blks.c.17.o
menu_sections       0xc               src/main.c.17.o
aboot_version       0x4               src/main.c.17.o
circle_layer        0x4               src/blks.c.17.o
menu_settings_items
                    0x50              src/main.c.17.o
settings            0xc               src/main.c.17.o
date_layer          0x4               src/blks.c.17.o
menu_window         0x4               src/main.c.17.o
final_1             0x8               src/blks.c.17.o
initial_1           0x8               src/blks.c.17.o
hour_1              0x4               src/blks.c.17.o
log_icon            0x4               src/main.c.17.o
aboot_edwin         0x4               src/main.c.17.o
background_layer    0x4               src/blks.c.17.o
gesture_icon        0x4               src/main.c.17.o
initial_3           0x8               src/blks.c.17.o
previousStatus      0x1               src/main.c.17.o
battery_layer       0x4               src/blks.c.17.o
cov_1               0x4               src/blks.c.17.o
notif_layer         0xc               src/notification.c.17.o
is_tapped_waiting   0x1               src/double_tap.c.17.o
wf_menu_sections    0xc               src/main.c.17.o
cov_4               0x4               src/blks.c.17.o
bt_image            0x4               src/blks.c.17.o
menu_layer          0x4               src/main.c.17.o
debug_window        0x4               src/main.c.17.o
tap_timer           0x4               src/double_tap.c.17.o
s_menu_sections     0xc               src/main.c.17.o
final_2             0x8               src/blks.c.17.o
minute_2            0x4               src/blks.c.17.o
settings_icon       0x4               src/main.c.17.o
watchface_window    0x4               src/main.c.17.o
text_time_layer     0x4               src/simplicity.c.17.o
aboot_window        0x4               src/main.c.17.o
wf_icon             0x4               src/main.c.17.o
aboot_theme         0x4               src/main.c.17.o
cov_2               0x4               src/blks.c.17.o
s_menu_settings_items
                    0x20              src/main.c.17.o
main_menu           0x4               src/main.c.17.o
initial_4           0x8               src/blks.c.17.o
bt_image_layer      0x4               src/blks.c.17.o
minute_1            0x4               src/blks.c.17.o
invert              0x1               src/blks.c.17.o
settings_window     0x4               src/main.c.17.o
text_date_layer     0x4               src/simplicity.c.17.o
background_image    0x4               src/blks.c.17.o
final_4             0x8               src/blks.c.17.o
bt_timer            0x4               src/main.c.17.o
cov_3               0x4               src/blks.c.17.o
settings_menu       0x4               src/main.c.17.o
wf_window           0x4               src/main.c.17.o
hour_2              0x4               src/blks.c.17.o
wf_choice_menu      0x4               src/main.c.17.o
aboot_icon          0x4               src/main.c.17.o
line_layer          0x4               src/simplicity.c.17.o
wf_menu_items       0x20              src/main.c.17.o

Discarded input sections

 .text          0x0000000000000000        0x0 /Users/edwinfinch/pebble-dev/PebbleSDK-2.6.1/arm-cs-tools/bin/../lib/gcc/arm-none-eabi/4.7.2/thumb2/crti.o
 .bss           0x0000000000000000        0x0 /Users/edwinfinch/pebble-dev/PebbleSDK-2.6.1/arm-cs-tools/bin/../lib/gcc/arm-none-eabi/4.7.2/thumb2/crti.o
 .init          0x0000000000000000        0x4 /Users/edwinfinch/pebble-dev/PebbleSDK-2.6.1/arm-cs-tools/bin/../lib/gcc/arm-none-eabi/4.7.2/thumb2/crti.o
 .fini          0x0000000000000000        0x4 /Users/edwinfinch/pebble-dev/PebbleSDK-2.6.1/arm-cs-tools/bin/../lib/gcc/arm-none-eabi/4.7.2/thumb2/crti.o
 .text          0x0000000000000000       0xc8 /Users/edwinfinch/pebble-dev/PebbleSDK-2.6.1/arm-cs-tools/bin/../lib/gcc/arm-none-eabi/4.7.2/thumb2/crtbegin.o
 .bss           0x0000000000000000       0x1c /Users/edwinfinch/pebble-dev/PebbleSDK-2.6.1/arm-cs-tools/bin/../lib/gcc/arm-none-eabi/4.7.2/thumb2/crtbegin.o
 .init_array    0x0000000000000000        0x4 /Users/edwinfinch/pebble-dev/PebbleSDK-2.6.1/arm-cs-tools/bin/../lib/gcc/arm-none-eabi/4.7.2/thumb2/crtbegin.o
 .fini_array    0x0000000000000000        0x4 /Users/edwinfinch/pebble-dev/PebbleSDK-2.6.1/arm-cs-tools/bin/../lib/gcc/arm-none-eabi/4.7.2/thumb2/crtbegin.o
 .eh_frame      0x0000000000000000        0x0 /Users/edwinfinch/pebble-dev/PebbleSDK-2.6.1/arm-cs-tools/bin/../lib/gcc/arm-none-eabi/4.7.2/thumb2/crtbegin.o
 .jcr           0x0000000000000000        0x0 /Users/edwinfinch/pebble-dev/PebbleSDK-2.6.1/arm-cs-tools/bin/../lib/gcc/arm-none-eabi/4.7.2/thumb2/crtbegin.o
 .tm_clone_table
                0x0000000000000000        0x0 /Users/edwinfinch/pebble-dev/PebbleSDK-2.6.1/arm-cs-tools/bin/../lib/gcc/arm-none-eabi/4.7.2/thumb2/crtbegin.o
 .text          0x0000000000000000        0x0 src/blks.c.17.o
 .bss           0x0000000000000000        0x0 src/blks.c.17.o
 .text          0x0000000000000000        0x0 src/double_tap.c.17.o
 .bss           0x0000000000000000        0x0 src/double_tap.c.17.o
 .text.timer_callback
                0x0000000000000000       0x18 src/double_tap.c.17.o
 .text.deinit_double_tap
                0x0000000000000000        0x4 src/double_tap.c.17.o
 COMMON         0x0000000000000000        0x8 src/double_tap.c.17.o
 .text          0x0000000000000000        0x0 src/extras.c.17.o
 .bss           0x0000000000000000        0x0 src/extras.c.17.o
 .text          0x0000000000000000        0x0 src/main.c.17.o
 .bss           0x0000000000000000        0x0 src/main.c.17.o
 .text.process_tuple
                0x0000000000000000        0x2 src/main.c.17.o
 .text          0x0000000000000000        0x0 src/notification.c.17.o
 .bss           0x0000000000000000        0x0 src/notification.c.17.o
 .text.root_proc
                0x0000000000000000       0x30 src/notification.c.17.o
 .text.notif_layer_init
                0x0000000000000000       0xdc src/notification.c.17.o
 .text.notif_layer_deinit
                0x0000000000000000       0x28 src/notification.c.17.o
 .text.notif_layer_push_notif
                0x0000000000000000       0xa0 src/notification.c.17.o
 .rodata        0x0000000000000000       0x28 src/notification.c.17.o
 .rodata.str1.1
                0x0000000000000000       0x31 src/notification.c.17.o
 COMMON         0x0000000000000000        0xc src/notification.c.17.o
 .text          0x0000000000000000        0x0 src/simplicity.c.17.o
 .bss           0x0000000000000000        0x0 src/simplicity.c.17.o
 .text          0x0000000000000000        0x0 appinfo.auto.c.17.o
 .bss           0x0000000000000000        0x0 appinfo.auto.c.17.o
 .bss           0x0000000000000000        0x0 /Users/edwinfinch/pebble-dev/PebbleSDK-2.6.1/Pebble/lib/libpebble.a(tmpDC1Ifbpebble.o)
 .text.accel_data_service_subscribe__deprecated
                0x0000000000000000        0xc /Users/edwinfinch/pebble-dev/PebbleSDK-2.6.1/Pebble/lib/libpebble.a(tmpDC1Ifbpebble.o)
 .text.accel_data_service_unsubscribe
                0x0000000000000000        0xc /Users/edwinfinch/pebble-dev/PebbleSDK-2.6.1/Pebble/lib/libpebble.a(tmpDC1Ifbpebble.o)
 .text.accel_service_peek
                0x0000000000000000        0xc /Users/edwinfinch/pebble-dev/PebbleSDK-2.6.1/Pebble/lib/libpebble.a(tmpDC1Ifbpebble.o)
 .text.accel_service_set_samples_per_update
                0x0000000000000000        0xc /Users/edwinfinch/pebble-dev/PebbleSDK-2.6.1/Pebble/lib/libpebble.a(tmpDC1Ifbpebble.o)
 .text.accel_service_set_sampling_rate
                0x0000000000000000        0xc /Users/edwinfinch/pebble-dev/PebbleSDK-2.6.1/Pebble/lib/libpebble.a(tmpDC1Ifbpebble.o)
 .text.action_bar_layer_add_to_window
                0x0000000000000000        0xc /Users/edwinfinch/pebble-dev/PebbleSDK-2.6.1/Pebble/lib/libpebble.a(tmpDC1Ifbpebble.o)
 .text.action_bar_layer_clear_icon
                0x0000000000000000        0xc /Users/edwinfinch/pebble-dev/PebbleSDK-2.6.1/Pebble/lib/libpebble.a(tmpDC1Ifbpebble.o)
 .text.action_bar_layer_create
                0x0000000000000000        0xc /Users/edwinfinch/pebble-dev/PebbleSDK-2.6.1/Pebble/lib/libpebble.a(tmpDC1Ifbpebble.o)
 .text.action_bar_layer_destroy
                0x0000000000000000        0xc /Users/edwinfinch/pebble-dev/PebbleSDK-2.6.1/Pebble/lib/libpebble.a(tmpDC1Ifbpebble.o)
 .text.action_bar_layer_get_layer
                0x0000000000000000        0xc /Users/edwinfinch/pebble-dev/PebbleSDK-2.6.1/Pebble/lib/libpebble.a(tmpDC1Ifbpebble.o)
 .text.action_bar_layer_remove_from_window
                0x0000000000000000        0xc /Users/edwinfinch/pebble-dev/PebbleSDK-2.6.1/Pebble/lib/libpebble.a(tmpDC1Ifbpebble.o)
 .text.action_bar_layer_set_background_color
                0x0000000000000000        0xc /Users/edwinfinch/pebble-dev/PebbleSDK-2.6.1/Pebble/lib/libpebble.a(tmpDC1Ifbpebble.o)
 .text.action_bar_layer_set_click_config_provider
                0x0000000000000000        0xc /Users/edwinfinch/pebble-dev/PebbleSDK-2.6.1/Pebble/lib/libpebble.a(tmpDC1Ifbpebble.o)
 .text.action_bar_layer_set_context
                0x0000000000000000        0xc /Users/edwinfinch/pebble-dev/PebbleSDK-2.6.1/Pebble/lib/libpebble.a(tmpDC1Ifbpebble.o)
 .text.action_bar_layer_set_icon
                0x0000000000000000        0xc /Users/edwinfinch/pebble-dev/PebbleSDK-2.6.1/Pebble/lib/libpebble.a(tmpDC1Ifbpebble.o)
 .text.animation_create
                0x0000000000000000        0xc /Users/edwinfinch/pebble-dev/PebbleSDK-2.6.1/Pebble/lib/libpebble.a(tmpDC1Ifbpebble.o)
 .text.animation_destroy
                0x0000000000000000        0xc /Users/edwinfinch/pebble-dev/PebbleSDK-2.6.1/Pebble/lib/libpebble.a(tmpDC1Ifbpebble.o)
 .text.animation_get_context
                0x0000000000000000        0xc /Users/edwinfinch/pebble-dev/PebbleSDK-2.6.1/Pebble/lib/libpebble.a(tmpDC1Ifbpebble.o)
 .text.animation_is_scheduled
                0x0000000000000000        0xc /Users/edwinfinch/pebble-dev/PebbleSDK-2.6.1/Pebble/lib/libpebble.a(tmpDC1Ifbpebble.o)
 .text.animation_set_curve
                0x0000000000000000        0xc /Users/edwinfinch/pebble-dev/PebbleSDK-2.6.1/Pebble/lib/libpebble.a(tmpDC1Ifbpebble.o)
 .text.animation_set_implementation
                0x0000000000000000        0xc /Users/edwinfinch/pebble-dev/PebbleSDK-2.6.1/Pebble/lib/libpebble.a(tmpDC1Ifbpebble.o)
 .text.animation_unschedule
                0x0000000000000000        0xc /Users/edwinfinch/pebble-dev/PebbleSDK-2.6.1/Pebble/lib/libpebble.a(tmpDC1Ifbpebble.o)
 .text.animation_unschedule_all
                0x0000000000000000        0xc /Users/edwinfinch/pebble-dev/PebbleSDK-2.6.1/Pebble/lib/libpebble.a(tmpDC1Ifbpebble.o)
 .text.app_comm_get_sniff_interval
                0x0000000000000000        0xc /Users/edwinfinch/pebble-dev/PebbleSDK-2.6.1/Pebble/lib/libpebble.a(tmpDC1Ifbpebble.o)
 .text.app_comm_set_sniff_interval
                0x0000000000000000        0xc /Users/edwinfinch/pebble-dev/PebbleSDK-2.6.1/Pebble/lib/libpebble.a(tmpDC1Ifbpebble.o)
 .text.app_message_deregister_callbacks
                0x0000000000000000        0xc /Users/edwinfinch/pebble-dev/PebbleSDK-2.6.1/Pebble/lib/libpebble.a(tmpDC1Ifbpebble.o)
 .text.app_sync_deinit
                0x0000000000000000        0xc /Users/edwinfinch/pebble-dev/PebbleSDK-2.6.1/Pebble/lib/libpebble.a(tmpDC1Ifbpebble.o)
 .text.app_sync_get
                0x0000000000000000        0xc /Users/edwinfinch/pebble-dev/PebbleSDK-2.6.1/Pebble/lib/libpebble.a(tmpDC1Ifbpebble.o)
 .text.app_sync_init
                0x0000000000000000        0xc /Users/edwinfinch/pebble-dev/PebbleSDK-2.6.1/Pebble/lib/libpebble.a(tmpDC1Ifbpebble.o)
 .text.app_sync_set
                0x0000000000000000        0xc /Users/edwinfinch/pebble-dev/PebbleSDK-2.6.1/Pebble/lib/libpebble.a(tmpDC1Ifbpebble.o)
 .text.app_timer_reschedule
                0x0000000000000000        0xc /Users/edwinfinch/pebble-dev/PebbleSDK-2.6.1/Pebble/lib/libpebble.a(tmpDC1Ifbpebble.o)
 .text.atan2_lookup
                0x0000000000000000        0xc /Users/edwinfinch/pebble-dev/PebbleSDK-2.6.1/Pebble/lib/libpebble.a(tmpDC1Ifbpebble.o)
 .text.atoi     0x0000000000000000        0xc /Users/edwinfinch/pebble-dev/PebbleSDK-2.6.1/Pebble/lib/libpebble.a(tmpDC1Ifbpebble.o)
 .text.atol     0x0000000000000000        0xc /Users/edwinfinch/pebble-dev/PebbleSDK-2.6.1/Pebble/lib/libpebble.a(tmpDC1Ifbpebble.o)
 .text.battery_state_service_subscribe
                0x0000000000000000        0xc /Users/edwinfinch/pebble-dev/PebbleSDK-2.6.1/Pebble/lib/libpebble.a(tmpDC1Ifbpebble.o)
 .text.battery_state_service_unsubscribe
                0x0000000000000000        0xc /Users/edwinfinch/pebble-dev/PebbleSDK-2.6.1/Pebble/lib/libpebble.a(tmpDC1Ifbpebble.o)
 .text.bitmap_layer_set_alignment
                0x0000000000000000        0xc /Users/edwinfinch/pebble-dev/PebbleSDK-2.6.1/Pebble/lib/libpebble.a(tmpDC1Ifbpebble.o)
 .text.bitmap_layer_set_background_color
                0x0000000000000000        0xc /Users/edwinfinch/pebble-dev/PebbleSDK-2.6.1/Pebble/lib/libpebble.a(tmpDC1Ifbpebble.o)
 .text.bitmap_layer_set_compositing_mode
                0x0000000000000000        0xc /Users/edwinfinch/pebble-dev/PebbleSDK-2.6.1/Pebble/lib/libpebble.a(tmpDC1Ifbpebble.o)
 .text.bluetooth_connection_service_subscribe
                0x0000000000000000        0xc /Users/edwinfinch/pebble-dev/PebbleSDK-2.6.1/Pebble/lib/libpebble.a(tmpDC1Ifbpebble.o)
 .text.bluetooth_connection_service_unsubscribe
                0x0000000000000000        0xc /Users/edwinfinch/pebble-dev/PebbleSDK-2.6.1/Pebble/lib/libpebble.a(tmpDC1Ifbpebble.o)
 .text.click_number_of_clicks_counted
                0x0000000000000000        0xc /Users/edwinfinch/pebble-dev/PebbleSDK-2.6.1/Pebble/lib/libpebble.a(tmpDC1Ifbpebble.o)
 .text.click_recognizer_get_button_id
                0x0000000000000000        0xc /Users/edwinfinch/pebble-dev/PebbleSDK-2.6.1/Pebble/lib/libpebble.a(tmpDC1Ifbpebble.o)
 .text.clock_copy_time_string
                0x0000000000000000        0xc /Users/edwinfinch/pebble-dev/PebbleSDK-2.6.1/Pebble/lib/libpebble.a(tmpDC1Ifbpebble.o)
 .text.cos_lookup
                0x0000000000000000        0xc /Users/edwinfinch/pebble-dev/PebbleSDK-2.6.1/Pebble/lib/libpebble.a(tmpDC1Ifbpebble.o)
 .text.data_logging_create
                0x0000000000000000        0xc /Users/edwinfinch/pebble-dev/PebbleSDK-2.6.1/Pebble/lib/libpebble.a(tmpDC1Ifbpebble.o)
 .text.data_logging_finish
                0x0000000000000000        0xc /Users/edwinfinch/pebble-dev/PebbleSDK-2.6.1/Pebble/lib/libpebble.a(tmpDC1Ifbpebble.o)
 .text.data_logging_log
                0x0000000000000000        0xc /Users/edwinfinch/pebble-dev/PebbleSDK-2.6.1/Pebble/lib/libpebble.a(tmpDC1Ifbpebble.o)
 .text.dict_calc_buffer_size
                0x0000000000000000        0xc /Users/edwinfinch/pebble-dev/PebbleSDK-2.6.1/Pebble/lib/libpebble.a(tmpDC1Ifbpebble.o)
 .text.dict_calc_buffer_size_from_tuplets
                0x0000000000000000        0xc /Users/edwinfinch/pebble-dev/PebbleSDK-2.6.1/Pebble/lib/libpebble.a(tmpDC1Ifbpebble.o)
 .text.dict_find
                0x0000000000000000        0xc /Users/edwinfinch/pebble-dev/PebbleSDK-2.6.1/Pebble/lib/libpebble.a(tmpDC1Ifbpebble.o)
 .text.dict_merge
                0x0000000000000000        0xc /Users/edwinfinch/pebble-dev/PebbleSDK-2.6.1/Pebble/lib/libpebble.a(tmpDC1Ifbpebble.o)
 .text.dict_read_begin_from_buffer
                0x0000000000000000        0xc /Users/edwinfinch/pebble-dev/PebbleSDK-2.6.1/Pebble/lib/libpebble.a(tmpDC1Ifbpebble.o)
 .text.dict_serialize_tuplets
                0x0000000000000000        0xc /Users/edwinfinch/pebble-dev/PebbleSDK-2.6.1/Pebble/lib/libpebble.a(tmpDC1Ifbpebble.o)
 .text.dict_serialize_tuplets_to_buffer__deprecated
                0x0000000000000000        0xc /Users/edwinfinch/pebble-dev/PebbleSDK-2.6.1/Pebble/lib/libpebble.a(tmpDC1Ifbpebble.o)
 .text.dict_serialize_tuplets_to_buffer_with_iter
                0x0000000000000000        0xc /Users/edwinfinch/pebble-dev/PebbleSDK-2.6.1/Pebble/lib/libpebble.a(tmpDC1Ifbpebble.o)
 .text.dict_write_begin
                0x0000000000000000        0xc /Users/edwinfinch/pebble-dev/PebbleSDK-2.6.1/Pebble/lib/libpebble.a(tmpDC1Ifbpebble.o)
 .text.dict_write_cstring
                0x0000000000000000        0xc /Users/edwinfinch/pebble-dev/PebbleSDK-2.6.1/Pebble/lib/libpebble.a(tmpDC1Ifbpebble.o)
 .text.dict_write_data
                0x0000000000000000        0xc /Users/edwinfinch/pebble-dev/PebbleSDK-2.6.1/Pebble/lib/libpebble.a(tmpDC1Ifbpebble.o)
 .text.dict_write_end
                0x0000000000000000        0xc /Users/edwinfinch/pebble-dev/PebbleSDK-2.6.1/Pebble/lib/libpebble.a(tmpDC1Ifbpebble.o)
 .text.dict_write_int
                0x0000000000000000        0xc /Users/edwinfinch/pebble-dev/PebbleSDK-2.6.1/Pebble/lib/libpebble.a(tmpDC1Ifbpebble.o)
 .text.dict_write_int16
                0x0000000000000000        0xc /Users/edwinfinch/pebble-dev/PebbleSDK-2.6.1/Pebble/lib/libpebble.a(tmpDC1Ifbpebble.o)
 .text.dict_write_int32
                0x0000000000000000        0xc /Users/edwinfinch/pebble-dev/PebbleSDK-2.6.1/Pebble/lib/libpebble.a(tmpDC1Ifbpebble.o)
 .text.dict_write_int8
                0x0000000000000000        0xc /Users/edwinfinch/pebble-dev/PebbleSDK-2.6.1/Pebble/lib/libpebble.a(tmpDC1Ifbpebble.o)
 .text.dict_write_tuplet
                0x0000000000000000        0xc /Users/edwinfinch/pebble-dev/PebbleSDK-2.6.1/Pebble/lib/libpebble.a(tmpDC1Ifbpebble.o)
 .text.dict_write_uint16
                0x0000000000000000        0xc /Users/edwinfinch/pebble-dev/PebbleSDK-2.6.1/Pebble/lib/libpebble.a(tmpDC1Ifbpebble.o)
 .text.dict_write_uint32
                0x0000000000000000        0xc /Users/edwinfinch/pebble-dev/PebbleSDK-2.6.1/Pebble/lib/libpebble.a(tmpDC1Ifbpebble.o)
 .text.dict_write_uint8
                0x0000000000000000        0xc /Users/edwinfinch/pebble-dev/PebbleSDK-2.6.1/Pebble/lib/libpebble.a(tmpDC1Ifbpebble.o)
 .text.fonts_unload_custom_font
                0x0000000000000000        0xc /Users/edwinfinch/pebble-dev/PebbleSDK-2.6.1/Pebble/lib/libpebble.a(tmpDC1Ifbpebble.o)
 .text.free     0x0000000000000000        0xc /Users/edwinfinch/pebble-dev/PebbleSDK-2.6.1/Pebble/lib/libpebble.a(tmpDC1Ifbpebble.o)
 .text.gbitmap_create_as_sub_bitmap
                0x0000000000000000        0xc /Users/edwinfinch/pebble-dev/PebbleSDK-2.6.1/Pebble/lib/libpebble.a(tmpDC1Ifbpebble.o)
 .text.gbitmap_create_with_data
                0x0000000000000000        0xc /Users/edwinfinch/pebble-dev/PebbleSDK-2.6.1/Pebble/lib/libpebble.a(tmpDC1Ifbpebble.o)
 .text.gmtime   0x0000000000000000        0xc /Users/edwinfinch/pebble-dev/PebbleSDK-2.6.1/Pebble/lib/libpebble.a(tmpDC1Ifbpebble.o)
 .text.gpath_create
                0x0000000000000000        0xc /Users/edwinfinch/pebble-dev/PebbleSDK-2.6.1/Pebble/lib/libpebble.a(tmpDC1Ifbpebble.o)
 .text.gpath_destroy
                0x0000000000000000        0xc /Users/edwinfinch/pebble-dev/PebbleSDK-2.6.1/Pebble/lib/libpebble.a(tmpDC1Ifbpebble.o)
 .text.gpath_draw_filled_legacy
                0x0000000000000000        0xc /Users/edwinfinch/pebble-dev/PebbleSDK-2.6.1/Pebble/lib/libpebble.a(tmpDC1Ifbpebble.o)
 .text.gpath_draw_outline
                0x0000000000000000        0xc /Users/edwinfinch/pebble-dev/PebbleSDK-2.6.1/Pebble/lib/libpebble.a(tmpDC1Ifbpebble.o)
 .text.gpath_move_to
                0x0000000000000000        0xc /Users/edwinfinch/pebble-dev/PebbleSDK-2.6.1/Pebble/lib/libpebble.a(tmpDC1Ifbpebble.o)
 .text.gpath_rotate_to
                0x0000000000000000        0xc /Users/edwinfinch/pebble-dev/PebbleSDK-2.6.1/Pebble/lib/libpebble.a(tmpDC1Ifbpebble.o)
 .text.gpoint_equal
                0x0000000000000000        0xc /Users/edwinfinch/pebble-dev/PebbleSDK-2.6.1/Pebble/lib/libpebble.a(tmpDC1Ifbpebble.o)
 .text.graphics_context_set_compositing_mode
                0x0000000000000000        0xc /Users/edwinfinch/pebble-dev/PebbleSDK-2.6.1/Pebble/lib/libpebble.a(tmpDC1Ifbpebble.o)
 .text.graphics_context_set_text_color
                0x0000000000000000        0xc /Users/edwinfinch/pebble-dev/PebbleSDK-2.6.1/Pebble/lib/libpebble.a(tmpDC1Ifbpebble.o)
 .text.graphics_draw_bitmap_in_rect
                0x0000000000000000        0xc /Users/edwinfinch/pebble-dev/PebbleSDK-2.6.1/Pebble/lib/libpebble.a(tmpDC1Ifbpebble.o)
 .text.graphics_draw_line
                0x0000000000000000        0xc /Users/edwinfinch/pebble-dev/PebbleSDK-2.6.1/Pebble/lib/libpebble.a(tmpDC1Ifbpebble.o)
 .text.graphics_draw_pixel
                0x0000000000000000        0xc /Users/edwinfinch/pebble-dev/PebbleSDK-2.6.1/Pebble/lib/libpebble.a(tmpDC1Ifbpebble.o)
 .text.graphics_draw_rect
                0x0000000000000000        0xc /Users/edwinfinch/pebble-dev/PebbleSDK-2.6.1/Pebble/lib/libpebble.a(tmpDC1Ifbpebble.o)
 .text.graphics_draw_round_rect
                0x0000000000000000        0xc /Users/edwinfinch/pebble-dev/PebbleSDK-2.6.1/Pebble/lib/libpebble.a(tmpDC1Ifbpebble.o)
 .text.graphics_text_layout_get_max_used_size
                0x0000000000000000        0xc /Users/edwinfinch/pebble-dev/PebbleSDK-2.6.1/Pebble/lib/libpebble.a(tmpDC1Ifbpebble.o)
 .text.grect_align
                0x0000000000000000        0xc /Users/edwinfinch/pebble-dev/PebbleSDK-2.6.1/Pebble/lib/libpebble.a(tmpDC1Ifbpebble.o)
 .text.grect_center_point
                0x0000000000000000        0xc /Users/edwinfinch/pebble-dev/PebbleSDK-2.6.1/Pebble/lib/libpebble.a(tmpDC1Ifbpebble.o)
 .text.grect_clip
                0x0000000000000000        0xc /Users/edwinfinch/pebble-dev/PebbleSDK-2.6.1/Pebble/lib/libpebble.a(tmpDC1Ifbpebble.o)
 .text.grect_contains_point
                0x0000000000000000        0xc /Users/edwinfinch/pebble-dev/PebbleSDK-2.6.1/Pebble/lib/libpebble.a(tmpDC1Ifbpebble.o)
 .text.grect_crop
                0x0000000000000000        0xc /Users/edwinfinch/pebble-dev/PebbleSDK-2.6.1/Pebble/lib/libpebble.a(tmpDC1Ifbpebble.o)
 .text.grect_equal
                0x0000000000000000        0xc /Users/edwinfinch/pebble-dev/PebbleSDK-2.6.1/Pebble/lib/libpebble.a(tmpDC1Ifbpebble.o)
 .text.grect_is_empty
                0x0000000000000000        0xc /Users/edwinfinch/pebble-dev/PebbleSDK-2.6.1/Pebble/lib/libpebble.a(tmpDC1Ifbpebble.o)
 .text.grect_standardize
                0x0000000000000000        0xc /Users/edwinfinch/pebble-dev/PebbleSDK-2.6.1/Pebble/lib/libpebble.a(tmpDC1Ifbpebble.o)
 .text.gsize_equal
                0x0000000000000000        0xc /Users/edwinfinch/pebble-dev/PebbleSDK-2.6.1/Pebble/lib/libpebble.a(tmpDC1Ifbpebble.o)
 .text.layer_create_with_data
                0x0000000000000000        0xc /Users/edwinfinch/pebble-dev/PebbleSDK-2.6.1/Pebble/lib/libpebble.a(tmpDC1Ifbpebble.o)
 .text.layer_get_clips
                0x0000000000000000        0xc /Users/edwinfinch/pebble-dev/PebbleSDK-2.6.1/Pebble/lib/libpebble.a(tmpDC1Ifbpebble.o)
 .text.layer_get_data
                0x0000000000000000        0xc /Users/edwinfinch/pebble-dev/PebbleSDK-2.6.1/Pebble/lib/libpebble.a(tmpDC1Ifbpebble.o)
 .text.layer_get_hidden
                0x0000000000000000        0xc /Users/edwinfinch/pebble-dev/PebbleSDK-2.6.1/Pebble/lib/libpebble.a(tmpDC1Ifbpebble.o)
 .text.layer_get_window
                0x0000000000000000        0xc /Users/edwinfinch/pebble-dev/PebbleSDK-2.6.1/Pebble/lib/libpebble.a(tmpDC1Ifbpebble.o)
 .text.layer_insert_above_sibling
                0x0000000000000000        0xc /Users/edwinfinch/pebble-dev/PebbleSDK-2.6.1/Pebble/lib/libpebble.a(tmpDC1Ifbpebble.o)
 .text.layer_insert_below_sibling
                0x0000000000000000        0xc /Users/edwinfinch/pebble-dev/PebbleSDK-2.6.1/Pebble/lib/libpebble.a(tmpDC1Ifbpebble.o)
 .text.layer_remove_child_layers
                0x0000000000000000        0xc /Users/edwinfinch/pebble-dev/PebbleSDK-2.6.1/Pebble/lib/libpebble.a(tmpDC1Ifbpebble.o)
 .text.layer_remove_from_parent
                0x0000000000000000        0xc /Users/edwinfinch/pebble-dev/PebbleSDK-2.6.1/Pebble/lib/libpebble.a(tmpDC1Ifbpebble.o)
 .text.layer_set_bounds
                0x0000000000000000        0xc /Users/edwinfinch/pebble-dev/PebbleSDK-2.6.1/Pebble/lib/libpebble.a(tmpDC1Ifbpebble.o)
 .text.layer_set_clips
                0x0000000000000000        0xc /Users/edwinfinch/pebble-dev/PebbleSDK-2.6.1/Pebble/lib/libpebble.a(tmpDC1Ifbpebble.o)
 .text.layer_set_frame
                0x0000000000000000        0xc /Users/edwinfinch/pebble-dev/PebbleSDK-2.6.1/Pebble/lib/libpebble.a(tmpDC1Ifbpebble.o)
 .text.light_enable
                0x0000000000000000        0xc /Users/edwinfinch/pebble-dev/PebbleSDK-2.6.1/Pebble/lib/libpebble.a(tmpDC1Ifbpebble.o)
 .text.light_enable_interaction
                0x0000000000000000        0xc /Users/edwinfinch/pebble-dev/PebbleSDK-2.6.1/Pebble/lib/libpebble.a(tmpDC1Ifbpebble.o)
 .text.malloc   0x0000000000000000        0xc /Users/edwinfinch/pebble-dev/PebbleSDK-2.6.1/Pebble/lib/libpebble.a(tmpDC1Ifbpebble.o)
 .text.memcpy   0x0000000000000000        0xc /Users/edwinfinch/pebble-dev/PebbleSDK-2.6.1/Pebble/lib/libpebble.a(tmpDC1Ifbpebble.o)
 .text.menu_cell_basic_draw
                0x0000000000000000        0xc /Users/edwinfinch/pebble-dev/PebbleSDK-2.6.1/Pebble/lib/libpebble.a(tmpDC1Ifbpebble.o)
 .text.menu_cell_basic_header_draw
                0x0000000000000000        0xc /Users/edwinfinch/pebble-dev/PebbleSDK-2.6.1/Pebble/lib/libpebble.a(tmpDC1Ifbpebble.o)
 .text.menu_cell_title_draw
                0x0000000000000000        0xc /Users/edwinfinch/pebble-dev/PebbleSDK-2.6.1/Pebble/lib/libpebble.a(tmpDC1Ifbpebble.o)
 .text.menu_index_compare
                0x0000000000000000        0xc /Users/edwinfinch/pebble-dev/PebbleSDK-2.6.1/Pebble/lib/libpebble.a(tmpDC1Ifbpebble.o)
 .text.menu_layer_create
                0x0000000000000000        0xc /Users/edwinfinch/pebble-dev/PebbleSDK-2.6.1/Pebble/lib/libpebble.a(tmpDC1Ifbpebble.o)
 .text.menu_layer_destroy
                0x0000000000000000        0xc /Users/edwinfinch/pebble-dev/PebbleSDK-2.6.1/Pebble/lib/libpebble.a(tmpDC1Ifbpebble.o)
 .text.menu_layer_get_layer
                0x0000000000000000        0xc /Users/edwinfinch/pebble-dev/PebbleSDK-2.6.1/Pebble/lib/libpebble.a(tmpDC1Ifbpebble.o)
 .text.menu_layer_get_scroll_layer
                0x0000000000000000        0xc /Users/edwinfinch/pebble-dev/PebbleSDK-2.6.1/Pebble/lib/libpebble.a(tmpDC1Ifbpebble.o)
 .text.menu_layer_get_selected_index
                0x0000000000000000        0xc /Users/edwinfinch/pebble-dev/PebbleSDK-2.6.1/Pebble/lib/libpebble.a(tmpDC1Ifbpebble.o)
 .text.menu_layer_reload_data
                0x0000000000000000        0xc /Users/edwinfinch/pebble-dev/PebbleSDK-2.6.1/Pebble/lib/libpebble.a(tmpDC1Ifbpebble.o)
 .text.menu_layer_set_callbacks__deprecated
                0x0000000000000000        0xc /Users/edwinfinch/pebble-dev/PebbleSDK-2.6.1/Pebble/lib/libpebble.a(tmpDC1Ifbpebble.o)
 .text.menu_layer_set_click_config_onto_window
                0x0000000000000000        0xc /Users/edwinfinch/pebble-dev/PebbleSDK-2.6.1/Pebble/lib/libpebble.a(tmpDC1Ifbpebble.o)
 .text.menu_layer_set_selected_index
                0x0000000000000000        0xc /Users/edwinfinch/pebble-dev/PebbleSDK-2.6.1/Pebble/lib/libpebble.a(tmpDC1Ifbpebble.o)
 .text.menu_layer_set_selected_next
                0x0000000000000000        0xc /Users/edwinfinch/pebble-dev/PebbleSDK-2.6.1/Pebble/lib/libpebble.a(tmpDC1Ifbpebble.o)
 .text.number_window_create
                0x0000000000000000        0xc /Users/edwinfinch/pebble-dev/PebbleSDK-2.6.1/Pebble/lib/libpebble.a(tmpDC1Ifbpebble.o)
 .text.number_window_destroy
                0x0000000000000000        0xc /Users/edwinfinch/pebble-dev/PebbleSDK-2.6.1/Pebble/lib/libpebble.a(tmpDC1Ifbpebble.o)
 .text.number_window_get_value
                0x0000000000000000        0xc /Users/edwinfinch/pebble-dev/PebbleSDK-2.6.1/Pebble/lib/libpebble.a(tmpDC1Ifbpebble.o)
 .text.number_window_set_label
                0x0000000000000000        0xc /Users/edwinfinch/pebble-dev/PebbleSDK-2.6.1/Pebble/lib/libpebble.a(tmpDC1Ifbpebble.o)
 .text.number_window_set_max
                0x0000000000000000        0xc /Users/edwinfinch/pebble-dev/PebbleSDK-2.6.1/Pebble/lib/libpebble.a(tmpDC1Ifbpebble.o)
 .text.number_window_set_min
                0x0000000000000000        0xc /Users/edwinfinch/pebble-dev/PebbleSDK-2.6.1/Pebble/lib/libpebble.a(tmpDC1Ifbpebble.o)
 .text.number_window_set_step_size
                0x0000000000000000        0xc /Users/edwinfinch/pebble-dev/PebbleSDK-2.6.1/Pebble/lib/libpebble.a(tmpDC1Ifbpebble.o)
 .text.number_window_set_value
                0x0000000000000000        0xc /Users/edwinfinch/pebble-dev/PebbleSDK-2.6.1/Pebble/lib/libpebble.a(tmpDC1Ifbpebble.o)
 .text.persist_delete
                0x0000000000000000        0xc /Users/edwinfinch/pebble-dev/PebbleSDK-2.6.1/Pebble/lib/libpebble.a(tmpDC1Ifbpebble.o)
 .text.persist_exists
                0x0000000000000000        0xc /Users/edwinfinch/pebble-dev/PebbleSDK-2.6.1/Pebble/lib/libpebble.a(tmpDC1Ifbpebble.o)
 .text.persist_get_size
                0x0000000000000000        0xc /Users/edwinfinch/pebble-dev/PebbleSDK-2.6.1/Pebble/lib/libpebble.a(tmpDC1Ifbpebble.o)
 .text.persist_read_bool
                0x0000000000000000        0xc /Users/edwinfinch/pebble-dev/PebbleSDK-2.6.1/Pebble/lib/libpebble.a(tmpDC1Ifbpebble.o)
 .text.persist_read_data__deprecated
                0x0000000000000000        0xc /Users/edwinfinch/pebble-dev/PebbleSDK-2.6.1/Pebble/lib/libpebble.a(tmpDC1Ifbpebble.o)
 .text.persist_read_int
                0x0000000000000000        0xc /Users/edwinfinch/pebble-dev/PebbleSDK-2.6.1/Pebble/lib/libpebble.a(tmpDC1Ifbpebble.o)
 .text.persist_read_string__deprecated
                0x0000000000000000        0xc /Users/edwinfinch/pebble-dev/PebbleSDK-2.6.1/Pebble/lib/libpebble.a(tmpDC1Ifbpebble.o)
 .text.persist_write_bool
                0x0000000000000000        0xc /Users/edwinfinch/pebble-dev/PebbleSDK-2.6.1/Pebble/lib/libpebble.a(tmpDC1Ifbpebble.o)
 .text.persist_write_data__deprecated
                0x0000000000000000        0xc /Users/edwinfinch/pebble-dev/PebbleSDK-2.6.1/Pebble/lib/libpebble.a(tmpDC1Ifbpebble.o)
 .text.persist_write_int
                0x0000000000000000        0xc /Users/edwinfinch/pebble-dev/PebbleSDK-2.6.1/Pebble/lib/libpebble.a(tmpDC1Ifbpebble.o)
 .text.persist_write_string
                0x0000000000000000        0xc /Users/edwinfinch/pebble-dev/PebbleSDK-2.6.1/Pebble/lib/libpebble.a(tmpDC1Ifbpebble.o)
 .text.property_animation_create
                0x0000000000000000        0xc /Users/edwinfinch/pebble-dev/PebbleSDK-2.6.1/Pebble/lib/libpebble.a(tmpDC1Ifbpebble.o)
 .text.property_animation_update_gpoint
                0x0000000000000000        0xc /Users/edwinfinch/pebble-dev/PebbleSDK-2.6.1/Pebble/lib/libpebble.a(tmpDC1Ifbpebble.o)
 .text.property_animation_update_grect
                0x0000000000000000        0xc /Users/edwinfinch/pebble-dev/PebbleSDK-2.6.1/Pebble/lib/libpebble.a(tmpDC1Ifbpebble.o)
 .text.property_animation_update_int16
                0x0000000000000000        0xc /Users/edwinfinch/pebble-dev/PebbleSDK-2.6.1/Pebble/lib/libpebble.a(tmpDC1Ifbpebble.o)
 .text.psleep   0x0000000000000000        0xc /Users/edwinfinch/pebble-dev/PebbleSDK-2.6.1/Pebble/lib/libpebble.a(tmpDC1Ifbpebble.o)
 .text.rand     0x0000000000000000        0xc /Users/edwinfinch/pebble-dev/PebbleSDK-2.6.1/Pebble/lib/libpebble.a(tmpDC1Ifbpebble.o)
 .text.resource_load
                0x0000000000000000        0xc /Users/edwinfinch/pebble-dev/PebbleSDK-2.6.1/Pebble/lib/libpebble.a(tmpDC1Ifbpebble.o)
 .text.resource_load_byte_range
                0x0000000000000000        0xc /Users/edwinfinch/pebble-dev/PebbleSDK-2.6.1/Pebble/lib/libpebble.a(tmpDC1Ifbpebble.o)
 .text.resource_size
                0x0000000000000000        0xc /Users/edwinfinch/pebble-dev/PebbleSDK-2.6.1/Pebble/lib/libpebble.a(tmpDC1Ifbpebble.o)
 .text.rot_bitmap_layer_create
                0x0000000000000000        0xc /Users/edwinfinch/pebble-dev/PebbleSDK-2.6.1/Pebble/lib/libpebble.a(tmpDC1Ifbpebble.o)
 .text.rot_bitmap_layer_destroy
                0x0000000000000000        0xc /Users/edwinfinch/pebble-dev/PebbleSDK-2.6.1/Pebble/lib/libpebble.a(tmpDC1Ifbpebble.o)
 .text.rot_bitmap_layer_increment_angle
                0x0000000000000000        0xc /Users/edwinfinch/pebble-dev/PebbleSDK-2.6.1/Pebble/lib/libpebble.a(tmpDC1Ifbpebble.o)
 .text.rot_bitmap_layer_set_angle
                0x0000000000000000        0xc /Users/edwinfinch/pebble-dev/PebbleSDK-2.6.1/Pebble/lib/libpebble.a(tmpDC1Ifbpebble.o)
 .text.rot_bitmap_layer_set_corner_clip_color
                0x0000000000000000        0xc /Users/edwinfinch/pebble-dev/PebbleSDK-2.6.1/Pebble/lib/libpebble.a(tmpDC1Ifbpebble.o)
 .text.rot_bitmap_set_compositing_mode
                0x0000000000000000        0xc /Users/edwinfinch/pebble-dev/PebbleSDK-2.6.1/Pebble/lib/libpebble.a(tmpDC1Ifbpebble.o)
 .text.rot_bitmap_set_src_ic
                0x0000000000000000        0xc /Users/edwinfinch/pebble-dev/PebbleSDK-2.6.1/Pebble/lib/libpebble.a(tmpDC1Ifbpebble.o)
 .text.scroll_layer_add_child
                0x0000000000000000        0xc /Users/edwinfinch/pebble-dev/PebbleSDK-2.6.1/Pebble/lib/libpebble.a(tmpDC1Ifbpebble.o)
 .text.scroll_layer_create
                0x0000000000000000        0xc /Users/edwinfinch/pebble-dev/PebbleSDK-2.6.1/Pebble/lib/libpebble.a(tmpDC1Ifbpebble.o)
 .text.scroll_layer_destroy
                0x0000000000000000        0xc /Users/edwinfinch/pebble-dev/PebbleSDK-2.6.1/Pebble/lib/libpebble.a(tmpDC1Ifbpebble.o)
 .text.scroll_layer_get_content_offset
                0x0000000000000000        0xc /Users/edwinfinch/pebble-dev/PebbleSDK-2.6.1/Pebble/lib/libpebble.a(tmpDC1Ifbpebble.o)
 .text.scroll_layer_get_content_size
                0x0000000000000000        0xc /Users/edwinfinch/pebble-dev/PebbleSDK-2.6.1/Pebble/lib/libpebble.a(tmpDC1Ifbpebble.o)
 .text.scroll_layer_get_layer
                0x0000000000000000        0xc /Users/edwinfinch/pebble-dev/PebbleSDK-2.6.1/Pebble/lib/libpebble.a(tmpDC1Ifbpebble.o)
 .text.scroll_layer_get_shadow_hidden
                0x0000000000000000        0xc /Users/edwinfinch/pebble-dev/PebbleSDK-2.6.1/Pebble/lib/libpebble.a(tmpDC1Ifbpebble.o)
 .text.scroll_layer_scroll_down_click_handler
                0x0000000000000000        0xc /Users/edwinfinch/pebble-dev/PebbleSDK-2.6.1/Pebble/lib/libpebble.a(tmpDC1Ifbpebble.o)
 .text.scroll_layer_scroll_up_click_handler
                0x0000000000000000        0xc /Users/edwinfinch/pebble-dev/PebbleSDK-2.6.1/Pebble/lib/libpebble.a(tmpDC1Ifbpebble.o)
 .text.scroll_layer_set_callbacks
                0x0000000000000000        0xc /Users/edwinfinch/pebble-dev/PebbleSDK-2.6.1/Pebble/lib/libpebble.a(tmpDC1Ifbpebble.o)
 .text.scroll_layer_set_click_config_onto_window
                0x0000000000000000        0xc /Users/edwinfinch/pebble-dev/PebbleSDK-2.6.1/Pebble/lib/libpebble.a(tmpDC1Ifbpebble.o)
 .text.scroll_layer_set_content_offset
                0x0000000000000000        0xc /Users/edwinfinch/pebble-dev/PebbleSDK-2.6.1/Pebble/lib/libpebble.a(tmpDC1Ifbpebble.o)
 .text.scroll_layer_set_content_size
                0x0000000000000000        0xc /Users/edwinfinch/pebble-dev/PebbleSDK-2.6.1/Pebble/lib/libpebble.a(tmpDC1Ifbpebble.o)
 .text.scroll_layer_set_context
                0x0000000000000000        0xc /Users/edwinfinch/pebble-dev/PebbleSDK-2.6.1/Pebble/lib/libpebble.a(tmpDC1Ifbpebble.o)
 .text.scroll_layer_set_frame
                0x0000000000000000        0xc /Users/edwinfinch/pebble-dev/PebbleSDK-2.6.1/Pebble/lib/libpebble.a(tmpDC1Ifbpebble.o)
 .text.scroll_layer_set_shadow_hidden
                0x0000000000000000        0xc /Users/edwinfinch/pebble-dev/PebbleSDK-2.6.1/Pebble/lib/libpebble.a(tmpDC1Ifbpebble.o)
 .text.simple_menu_layer_get_selected_index
                0x0000000000000000        0xc /Users/edwinfinch/pebble-dev/PebbleSDK-2.6.1/Pebble/lib/libpebble.a(tmpDC1Ifbpebble.o)
 .text.simple_menu_layer_set_selected_index
                0x0000000000000000        0xc /Users/edwinfinch/pebble-dev/PebbleSDK-2.6.1/Pebble/lib/libpebble.a(tmpDC1Ifbpebble.o)
 .text.sin_lookup
                0x0000000000000000        0xc /Users/edwinfinch/pebble-dev/PebbleSDK-2.6.1/Pebble/lib/libpebble.a(tmpDC1Ifbpebble.o)
 .text.srand    0x0000000000000000        0xc /Users/edwinfinch/pebble-dev/PebbleSDK-2.6.1/Pebble/lib/libpebble.a(tmpDC1Ifbpebble.o)
 .text.strcat   0x0000000000000000        0xc /Users/edwinfinch/pebble-dev/PebbleSDK-2.6.1/Pebble/lib/libpebble.a(tmpDC1Ifbpebble.o)
 .text.strcmp   0x0000000000000000        0xc /Users/edwinfinch/pebble-dev/PebbleSDK-2.6.1/Pebble/lib/libpebble.a(tmpDC1Ifbpebble.o)
 .text.strcpy   0x0000000000000000        0xc /Users/edwinfinch/pebble-dev/PebbleSDK-2.6.1/Pebble/lib/libpebble.a(tmpDC1Ifbpebble.o)
 .text.strlen   0x0000000000000000        0xc /Users/edwinfinch/pebble-dev/PebbleSDK-2.6.1/Pebble/lib/libpebble.a(tmpDC1Ifbpebble.o)
 .text.strncat  0x0000000000000000        0xc /Users/edwinfinch/pebble-dev/PebbleSDK-2.6.1/Pebble/lib/libpebble.a(tmpDC1Ifbpebble.o)
 .text.strncmp  0x0000000000000000        0xc /Users/edwinfinch/pebble-dev/PebbleSDK-2.6.1/Pebble/lib/libpebble.a(tmpDC1Ifbpebble.o)
 .text.strncpy  0x0000000000000000        0xc /Users/edwinfinch/pebble-dev/PebbleSDK-2.6.1/Pebble/lib/libpebble.a(tmpDC1Ifbpebble.o)
 .text.text_layer_get_content_size
                0x0000000000000000        0xc /Users/edwinfinch/pebble-dev/PebbleSDK-2.6.1/Pebble/lib/libpebble.a(tmpDC1Ifbpebble.o)
 .text.text_layer_get_text
                0x0000000000000000        0xc /Users/edwinfinch/pebble-dev/PebbleSDK-2.6.1/Pebble/lib/libpebble.a(tmpDC1Ifbpebble.o)
 .text.text_layer_set_overflow_mode
                0x0000000000000000        0xc /Users/edwinfinch/pebble-dev/PebbleSDK-2.6.1/Pebble/lib/libpebble.a(tmpDC1Ifbpebble.o)
 .text.text_layer_set_size
                0x0000000000000000        0xc /Users/edwinfinch/pebble-dev/PebbleSDK-2.6.1/Pebble/lib/libpebble.a(tmpDC1Ifbpebble.o)
 .text.time_ms  0x0000000000000000        0xc /Users/edwinfinch/pebble-dev/PebbleSDK-2.6.1/Pebble/lib/libpebble.a(tmpDC1Ifbpebble.o)
 .text.vibes_cancel
                0x0000000000000000        0xc /Users/edwinfinch/pebble-dev/PebbleSDK-2.6.1/Pebble/lib/libpebble.a(tmpDC1Ifbpebble.o)
 .text.vibes_enqueue_custom_pattern
                0x0000000000000000        0xc /Users/edwinfinch/pebble-dev/PebbleSDK-2.6.1/Pebble/lib/libpebble.a(tmpDC1Ifbpebble.o)
 .text.vibes_short_pulse
                0x0000000000000000        0xc /Users/edwinfinch/pebble-dev/PebbleSDK-2.6.1/Pebble/lib/libpebble.a(tmpDC1Ifbpebble.o)
 .text.window_get_click_config_provider
                0x0000000000000000        0xc /Users/edwinfinch/pebble-dev/PebbleSDK-2.6.1/Pebble/lib/libpebble.a(tmpDC1Ifbpebble.o)
 .text.window_get_fullscreen
                0x0000000000000000        0xc /Users/edwinfinch/pebble-dev/PebbleSDK-2.6.1/Pebble/lib/libpebble.a(tmpDC1Ifbpebble.o)
 .text.window_is_loaded
                0x0000000000000000        0xc /Users/edwinfinch/pebble-dev/PebbleSDK-2.6.1/Pebble/lib/libpebble.a(tmpDC1Ifbpebble.o)
 .text.window_set_click_config_provider_with_context
                0x0000000000000000        0xc /Users/edwinfinch/pebble-dev/PebbleSDK-2.6.1/Pebble/lib/libpebble.a(tmpDC1Ifbpebble.o)
 .text.window_set_status_bar_icon
                0x0000000000000000        0xc /Users/edwinfinch/pebble-dev/PebbleSDK-2.6.1/Pebble/lib/libpebble.a(tmpDC1Ifbpebble.o)
 .text.window_stack_contains_window
                0x0000000000000000        0xc /Users/edwinfinch/pebble-dev/PebbleSDK-2.6.1/Pebble/lib/libpebble.a(tmpDC1Ifbpebble.o)
 .text.window_stack_get_top_window
                0x0000000000000000        0xc /Users/edwinfinch/pebble-dev/PebbleSDK-2.6.1/Pebble/lib/libpebble.a(tmpDC1Ifbpebble.o)
 .text.window_stack_pop
                0x0000000000000000        0xc /Users/edwinfinch/pebble-dev/PebbleSDK-2.6.1/Pebble/lib/libpebble.a(tmpDC1Ifbpebble.o)
 .text.window_stack_pop_all
                0x0000000000000000        0xc /Users/edwinfinch/pebble-dev/PebbleSDK-2.6.1/Pebble/lib/libpebble.a(tmpDC1Ifbpebble.o)
 .text.window_stack_remove
                0x0000000000000000        0xc /Users/edwinfinch/pebble-dev/PebbleSDK-2.6.1/Pebble/lib/libpebble.a(tmpDC1Ifbpebble.o)
 .text.app_focus_service_subscribe
                0x0000000000000000        0xc /Users/edwinfinch/pebble-dev/PebbleSDK-2.6.1/Pebble/lib/libpebble.a(tmpDC1Ifbpebble.o)
 .text.app_focus_service_unsubscribe
                0x0000000000000000        0xc /Users/edwinfinch/pebble-dev/PebbleSDK-2.6.1/Pebble/lib/libpebble.a(tmpDC1Ifbpebble.o)
 .text.window_get_user_data
                0x0000000000000000        0xc /Users/edwinfinch/pebble-dev/PebbleSDK-2.6.1/Pebble/lib/libpebble.a(tmpDC1Ifbpebble.o)
 .text.window_set_user_data
                0x0000000000000000        0xc /Users/edwinfinch/pebble-dev/PebbleSDK-2.6.1/Pebble/lib/libpebble.a(tmpDC1Ifbpebble.o)
 .text.app_message_get_context
                0x0000000000000000        0xc /Users/edwinfinch/pebble-dev/PebbleSDK-2.6.1/Pebble/lib/libpebble.a(tmpDC1Ifbpebble.o)
 .text.app_message_inbox_size_maximum
                0x0000000000000000        0xc /Users/edwinfinch/pebble-dev/PebbleSDK-2.6.1/Pebble/lib/libpebble.a(tmpDC1Ifbpebble.o)
 .text.app_message_outbox_begin
                0x0000000000000000        0xc /Users/edwinfinch/pebble-dev/PebbleSDK-2.6.1/Pebble/lib/libpebble.a(tmpDC1Ifbpebble.o)
 .text.app_message_outbox_send
                0x0000000000000000        0xc /Users/edwinfinch/pebble-dev/PebbleSDK-2.6.1/Pebble/lib/libpebble.a(tmpDC1Ifbpebble.o)
 .text.app_message_outbox_size_maximum
                0x0000000000000000        0xc /Users/edwinfinch/pebble-dev/PebbleSDK-2.6.1/Pebble/lib/libpebble.a(tmpDC1Ifbpebble.o)
 .text.app_message_register_inbox_dropped
                0x0000000000000000        0xc /Users/edwinfinch/pebble-dev/PebbleSDK-2.6.1/Pebble/lib/libpebble.a(tmpDC1Ifbpebble.o)
 .text.app_message_register_outbox_failed
                0x0000000000000000        0xc /Users/edwinfinch/pebble-dev/PebbleSDK-2.6.1/Pebble/lib/libpebble.a(tmpDC1Ifbpebble.o)
 .text.app_message_register_outbox_sent
                0x0000000000000000        0xc /Users/edwinfinch/pebble-dev/PebbleSDK-2.6.1/Pebble/lib/libpebble.a(tmpDC1Ifbpebble.o)
 .text.app_message_set_context
                0x0000000000000000        0xc /Users/edwinfinch/pebble-dev/PebbleSDK-2.6.1/Pebble/lib/libpebble.a(tmpDC1Ifbpebble.o)
 .text.window_multi_click_subscribe
                0x0000000000000000        0xc /Users/edwinfinch/pebble-dev/PebbleSDK-2.6.1/Pebble/lib/libpebble.a(tmpDC1Ifbpebble.o)
 .text.window_raw_click_subscribe
                0x0000000000000000        0xc /Users/edwinfinch/pebble-dev/PebbleSDK-2.6.1/Pebble/lib/libpebble.a(tmpDC1Ifbpebble.o)
 .text.window_set_click_context
                0x0000000000000000        0xc /Users/edwinfinch/pebble-dev/PebbleSDK-2.6.1/Pebble/lib/libpebble.a(tmpDC1Ifbpebble.o)
 .text.window_single_repeating_click_subscribe
                0x0000000000000000        0xc /Users/edwinfinch/pebble-dev/PebbleSDK-2.6.1/Pebble/lib/libpebble.a(tmpDC1Ifbpebble.o)
 .text.graphics_draw_text
                0x0000000000000000        0xc /Users/edwinfinch/pebble-dev/PebbleSDK-2.6.1/Pebble/lib/libpebble.a(tmpDC1Ifbpebble.o)
 .text.dict_serialize_tuplets_to_buffer
                0x0000000000000000        0xc /Users/edwinfinch/pebble-dev/PebbleSDK-2.6.1/Pebble/lib/libpebble.a(tmpDC1Ifbpebble.o)
 .text.persist_read_string
                0x0000000000000000        0xc /Users/edwinfinch/pebble-dev/PebbleSDK-2.6.1/Pebble/lib/libpebble.a(tmpDC1Ifbpebble.o)
 .text.dict_size
                0x0000000000000000        0xc /Users/edwinfinch/pebble-dev/PebbleSDK-2.6.1/Pebble/lib/libpebble.a(tmpDC1Ifbpebble.o)
 .text.graphics_text_layout_get_content_size
                0x0000000000000000        0xc /Users/edwinfinch/pebble-dev/PebbleSDK-2.6.1/Pebble/lib/libpebble.a(tmpDC1Ifbpebble.o)
 .text.simple_menu_layer_get_menu_layer
                0x0000000000000000        0xc /Users/edwinfinch/pebble-dev/PebbleSDK-2.6.1/Pebble/lib/libpebble.a(tmpDC1Ifbpebble.o)
 .text.accel_data_service_subscribe
                0x0000000000000000        0xc /Users/edwinfinch/pebble-dev/PebbleSDK-2.6.1/Pebble/lib/libpebble.a(tmpDC1Ifbpebble.o)
 .text.calloc   0x0000000000000000        0xc /Users/edwinfinch/pebble-dev/PebbleSDK-2.6.1/Pebble/lib/libpebble.a(tmpDC1Ifbpebble.o)
 .text.bitmap_layer_get_bitmap
                0x0000000000000000        0xc /Users/edwinfinch/pebble-dev/PebbleSDK-2.6.1/Pebble/lib/libpebble.a(tmpDC1Ifbpebble.o)
 .text.menu_layer_set_callbacks
                0x0000000000000000        0xc /Users/edwinfinch/pebble-dev/PebbleSDK-2.6.1/Pebble/lib/libpebble.a(tmpDC1Ifbpebble.o)
 .text.window_get_click_config_context
                0x0000000000000000        0xc /Users/edwinfinch/pebble-dev/PebbleSDK-2.6.1/Pebble/lib/libpebble.a(tmpDC1Ifbpebble.o)
 .text.number_window_get_window
                0x0000000000000000        0xc /Users/edwinfinch/pebble-dev/PebbleSDK-2.6.1/Pebble/lib/libpebble.a(tmpDC1Ifbpebble.o)
 .text.realloc  0x0000000000000000        0xc /Users/edwinfinch/pebble-dev/PebbleSDK-2.6.1/Pebble/lib/libpebble.a(tmpDC1Ifbpebble.o)
 .text.gbitmap_create_blank
                0x0000000000000000        0xc /Users/edwinfinch/pebble-dev/PebbleSDK-2.6.1/Pebble/lib/libpebble.a(tmpDC1Ifbpebble.o)
 .text.click_recognizer_is_repeating
                0x0000000000000000        0xc /Users/edwinfinch/pebble-dev/PebbleSDK-2.6.1/Pebble/lib/libpebble.a(tmpDC1Ifbpebble.o)
 .text.accel_raw_data_service_subscribe
                0x0000000000000000        0xc /Users/edwinfinch/pebble-dev/PebbleSDK-2.6.1/Pebble/lib/libpebble.a(tmpDC1Ifbpebble.o)
 .text.app_worker_is_running
                0x0000000000000000        0xc /Users/edwinfinch/pebble-dev/PebbleSDK-2.6.1/Pebble/lib/libpebble.a(tmpDC1Ifbpebble.o)
 .text.app_worker_kill
                0x0000000000000000        0xc /Users/edwinfinch/pebble-dev/PebbleSDK-2.6.1/Pebble/lib/libpebble.a(tmpDC1Ifbpebble.o)
 .text.app_worker_launch
                0x0000000000000000        0xc /Users/edwinfinch/pebble-dev/PebbleSDK-2.6.1/Pebble/lib/libpebble.a(tmpDC1Ifbpebble.o)
 .text.app_worker_message_subscribe
                0x0000000000000000        0xc /Users/edwinfinch/pebble-dev/PebbleSDK-2.6.1/Pebble/lib/libpebble.a(tmpDC1Ifbpebble.o)
 .text.app_worker_message_unsubscribe
                0x0000000000000000        0xc /Users/edwinfinch/pebble-dev/PebbleSDK-2.6.1/Pebble/lib/libpebble.a(tmpDC1Ifbpebble.o)
 .text.app_worker_send_message
                0x0000000000000000        0xc /Users/edwinfinch/pebble-dev/PebbleSDK-2.6.1/Pebble/lib/libpebble.a(tmpDC1Ifbpebble.o)
 .text.worker_event_loop
                0x0000000000000000        0xc /Users/edwinfinch/pebble-dev/PebbleSDK-2.6.1/Pebble/lib/libpebble.a(tmpDC1Ifbpebble.o)
 .text.worker_launch_app
                0x0000000000000000        0xc /Users/edwinfinch/pebble-dev/PebbleSDK-2.6.1/Pebble/lib/libpebble.a(tmpDC1Ifbpebble.o)
 .text.heap_bytes_free
                0x0000000000000000        0xc /Users/edwinfinch/pebble-dev/PebbleSDK-2.6.1/Pebble/lib/libpebble.a(tmpDC1Ifbpebble.o)
 .text.heap_bytes_used
                0x0000000000000000        0xc /Users/edwinfinch/pebble-dev/PebbleSDK-2.6.1/Pebble/lib/libpebble.a(tmpDC1Ifbpebble.o)
 .text.compass_service_peek
                0x0000000000000000        0xc /Users/edwinfinch/pebble-dev/PebbleSDK-2.6.1/Pebble/lib/libpebble.a(tmpDC1Ifbpebble.o)
 .text.compass_service_set_heading_filter
                0x0000000000000000        0xc /Users/edwinfinch/pebble-dev/PebbleSDK-2.6.1/Pebble/lib/libpebble.a(tmpDC1Ifbpebble.o)
 .text.compass_service_subscribe
                0x0000000000000000        0xc /Users/edwinfinch/pebble-dev/PebbleSDK-2.6.1/Pebble/lib/libpebble.a(tmpDC1Ifbpebble.o)
 .text.compass_service_unsubscribe
                0x0000000000000000        0xc /Users/edwinfinch/pebble-dev/PebbleSDK-2.6.1/Pebble/lib/libpebble.a(tmpDC1Ifbpebble.o)
 .text.uuid_equal
                0x0000000000000000        0xc /Users/edwinfinch/pebble-dev/PebbleSDK-2.6.1/Pebble/lib/libpebble.a(tmpDC1Ifbpebble.o)
 .text.uuid_to_string
                0x0000000000000000        0xc /Users/edwinfinch/pebble-dev/PebbleSDK-2.6.1/Pebble/lib/libpebble.a(tmpDC1Ifbpebble.o)
 .text.gpath_draw_filled
                0x0000000000000000        0xc /Users/edwinfinch/pebble-dev/PebbleSDK-2.6.1/Pebble/lib/libpebble.a(tmpDC1Ifbpebble.o)
 .text.animation_set_custom_curve
                0x0000000000000000        0xc /Users/edwinfinch/pebble-dev/PebbleSDK-2.6.1/Pebble/lib/libpebble.a(tmpDC1Ifbpebble.o)
 .text.watch_info_get_color
                0x0000000000000000        0xc /Users/edwinfinch/pebble-dev/PebbleSDK-2.6.1/Pebble/lib/libpebble.a(tmpDC1Ifbpebble.o)
 .text.watch_info_get_firmware_version
                0x0000000000000000        0xc /Users/edwinfinch/pebble-dev/PebbleSDK-2.6.1/Pebble/lib/libpebble.a(tmpDC1Ifbpebble.o)
 .text.watch_info_get_model
                0x0000000000000000        0xc /Users/edwinfinch/pebble-dev/PebbleSDK-2.6.1/Pebble/lib/libpebble.a(tmpDC1Ifbpebble.o)
 .text.graphics_capture_frame_buffer
                0x0000000000000000        0xc /Users/edwinfinch/pebble-dev/PebbleSDK-2.6.1/Pebble/lib/libpebble.a(tmpDC1Ifbpebble.o)
 .text.graphics_frame_buffer_is_captured
                0x0000000000000000        0xc /Users/edwinfinch/pebble-dev/PebbleSDK-2.6.1/Pebble/lib/libpebble.a(tmpDC1Ifbpebble.o)
 .text.graphics_release_frame_buffer
                0x0000000000000000        0xc /Users/edwinfinch/pebble-dev/PebbleSDK-2.6.1/Pebble/lib/libpebble.a(tmpDC1Ifbpebble.o)
 .text          0x0000000000000000        0x0 /Users/edwinfinch/pebble-dev/PebbleSDK-2.6.1/arm-cs-tools/bin/../lib/gcc/arm-none-eabi/4.7.2/thumb2/crtend.o
 .bss           0x0000000000000000        0x0 /Users/edwinfinch/pebble-dev/PebbleSDK-2.6.1/arm-cs-tools/bin/../lib/gcc/arm-none-eabi/4.7.2/thumb2/crtend.o
 .eh_frame      0x0000000000000000        0x4 /Users/edwinfinch/pebble-dev/PebbleSDK-2.6.1/arm-cs-tools/bin/../lib/gcc/arm-none-eabi/4.7.2/thumb2/crtend.o
 .jcr           0x0000000000000000        0x4 /Users/edwinfinch/pebble-dev/PebbleSDK-2.6.1/arm-cs-tools/bin/../lib/gcc/arm-none-eabi/4.7.2/thumb2/crtend.o
 .tm_clone_table
                0x0000000000000000        0x0 /Users/edwinfinch/pebble-dev/PebbleSDK-2.6.1/arm-cs-tools/bin/../lib/gcc/arm-none-eabi/4.7.2/thumb2/crtend.o
 .text          0x0000000000000000        0x0 /Users/edwinfinch/pebble-dev/PebbleSDK-2.6.1/arm-cs-tools/bin/../lib/gcc/arm-none-eabi/4.7.2/thumb2/crtn.o
 .bss           0x0000000000000000        0x0 /Users/edwinfinch/pebble-dev/PebbleSDK-2.6.1/arm-cs-tools/bin/../lib/gcc/arm-none-eabi/4.7.2/thumb2/crtn.o
 .init          0x0000000000000000        0x8 /Users/edwinfinch/pebble-dev/PebbleSDK-2.6.1/arm-cs-tools/bin/../lib/gcc/arm-none-eabi/4.7.2/thumb2/crtn.o
 .fini          0x0000000000000000        0x8 /Users/edwinfinch/pebble-dev/PebbleSDK-2.6.1/arm-cs-tools/bin/../lib/gcc/arm-none-eabi/4.7.2/thumb2/crtn.o

Memory Configuration

Name             Origin             Length             Attributes
APP              0x0000000000000000 0x0000000000006000 xrw
*default*        0x0000000000000000 0xffffffffffffffff

Linker script and memory map

LOAD /Users/edwinfinch/pebble-dev/PebbleSDK-2.6.1/arm-cs-tools/bin/../lib/gcc/arm-none-eabi/4.7.2/thumb2/crti.o
LOAD /Users/edwinfinch/pebble-dev/PebbleSDK-2.6.1/arm-cs-tools/bin/../lib/gcc/arm-none-eabi/4.7.2/thumb2/crtbegin.o
LOAD src/blks.c.17.o
LOAD src/double_tap.c.17.o
LOAD src/extras.c.17.o
LOAD src/main.c.17.o
LOAD src/notification.c.17.o
LOAD src/simplicity.c.17.o
LOAD appinfo.auto.c.17.o
LOAD /Users/edwinfinch/pebble-dev/PebbleSDK-2.6.1/Pebble/lib/libpebble.a
START GROUP
LOAD /Users/edwinfinch/pebble-dev/PebbleSDK-2.6.1/arm-cs-tools/bin/../lib/gcc/arm-none-eabi/4.7.2/thumb2/libgcc.a
LOAD /Users/edwinfinch/pebble-dev/PebbleSDK-2.6.1/arm-cs-tools/bin/../lib/gcc/arm-none-eabi/4.7.2/../../../../arm-none-eabi/lib/thumb2/libc.a
END GROUP
LOAD /Users/edwinfinch/pebble-dev/PebbleSDK-2.6.1/arm-cs-tools/bin/../lib/gcc/arm-none-eabi/4.7.2/thumb2/crtend.o
LOAD /Users/edwinfinch/pebble-dev/PebbleSDK-2.6.1/arm-cs-tools/bin/../lib/gcc/arm-none-eabi/4.7.2/thumb2/crtn.o

.header         0x0000000000000000       0x82
 *(.pbl_header)
 .pbl_header    0x0000000000000000       0x82 appinfo.auto.c.17.o
                0x0000000000000000                __pbl_app_info

.text           0x0000000000000084     0x1da6
 *(.text)
 .text          0x0000000000000084       0x14 /Users/edwinfinch/pebble-dev/PebbleSDK-2.6.1/Pebble/lib/libpebble.a(tmpDC1Ifbpebble.o)
 *(.text.*)
 .text.circle_proc
                0x0000000000000098       0x24 src/blks.c.17.o
                0x0000000000000098                circle_proc
 .text.charge_invert
                0x00000000000000bc       0x64 src/blks.c.17.o
                0x00000000000000bc                charge_invert
 .text.battery_proc
                0x0000000000000120       0x70 src/blks.c.17.o
                0x0000000000000120                battery_proc
 .text.text_layer_init_BLKS
                0x0000000000000190       0x3e src/blks.c.17.o
                0x0000000000000190                text_layer_init_BLKS
 *fill*         0x00000000000001ce        0x2 
 .text.animate  0x00000000000001d0      0x19c src/blks.c.17.o
                0x00000000000001d0                animate
 .text.get_minute_change
                0x000000000000036c       0x40 src/blks.c.17.o
                0x000000000000036c                get_minute_change
 .text.blks_tick
                0x00000000000003ac      0x18c src/blks.c.17.o
                0x00000000000003ac                blks_tick
 .text.blks_bat
                0x0000000000000538       0x78 src/blks.c.17.o
                0x0000000000000538                blks_bat
 .text.blks_bt  0x00000000000005b0       0x44 src/blks.c.17.o
                0x00000000000005b0                blks_bt
 .text.blks_tap
                0x00000000000005f4       0x78 src/blks.c.17.o
                0x00000000000005f4                blks_tap
 .text.unload_blks
                0x000000000000066c       0xc4 src/blks.c.17.o
                0x000000000000066c                unload_blks
 .text.load_blks
                0x0000000000000730      0x3d4 src/blks.c.17.o
                0x0000000000000730                load_blks
 .text.double_tap
                0x0000000000000b04       0x18 src/double_tap.c.17.o
                0x0000000000000b04                double_tap
 .text.handle_tap
                0x0000000000000b1c        0xe src/double_tap.c.17.o
                0x0000000000000b1c                handle_tap
 *fill*         0x0000000000000b2a        0x2 
 .text.init_double_tap
                0x0000000000000b2c        0xc src/double_tap.c.17.o
                0x0000000000000b2c                init_double_tap
 .text.stopped  0x0000000000000b38        0x4 src/extras.c.17.o
                0x0000000000000b38                stopped
 .text.text_layer_init
                0x0000000000000b3c       0x58 src/extras.c.17.o
                0x0000000000000b3c                text_layer_init
 .text.animate_layer
                0x0000000000000b94       0x40 src/extras.c.17.o
                0x0000000000000b94                animate_layer
 .text.callback
                0x0000000000000bd4        0x2 src/main.c.17.o
                0x0000000000000bd4                callback
 .text.window_load_debug
                0x0000000000000bd6        0x2 src/main.c.17.o
                0x0000000000000bd6                window_load_debug
 .text.window_unload_debug
                0x0000000000000bd8        0x2 src/main.c.17.o
                0x0000000000000bd8                window_unload_debug
 *fill*         0x0000000000000bda        0x2 
 .text.debug_callback
                0x0000000000000bdc       0x18 src/main.c.17.o
                0x0000000000000bdc                debug_callback
 .text.wf_callback
                0x0000000000000bf4       0x18 src/main.c.17.o
                0x0000000000000bf4                wf_callback
 .text.aboot_callback
                0x0000000000000c0c       0x18 src/main.c.17.o
                0x0000000000000c0c                aboot_callback
 .text.settings_callback
                0x0000000000000c24       0x18 src/main.c.17.o
                0x0000000000000c24                settings_callback
 .text.select   0x0000000000000c3c       0x18 src/main.c.17.o
                0x0000000000000c3c                select
 .text.window_unload_aboot
                0x0000000000000c54       0x38 src/main.c.17.o
                0x0000000000000c54                window_unload_aboot
 .text.window_load_aboot
                0x0000000000000c8c       0xd4 src/main.c.17.o
                0x0000000000000c8c                window_load_aboot
 .text.window_unload_menu
                0x0000000000000d60       0x18 src/main.c.17.o
                0x0000000000000d60                window_unload_menu
 .text.window_unload_settings_menu
                0x0000000000000d78       0x18 src/main.c.17.o
                0x0000000000000d78                window_unload_settings_menu
 .text.window_unload_wf
                0x0000000000000d90       0x18 src/main.c.17.o
                0x0000000000000d90                window_unload_wf
 .text.window_load_menu
                0x0000000000000da8      0x16c src/main.c.17.o
                0x0000000000000da8                window_load_menu
 .text.window_load_settings_menu
                0x0000000000000f14       0xf4 src/main.c.17.o
                0x0000000000000f14                window_load_settings_menu
 .text.window_load_wf
                0x0000000000001008       0xcc src/main.c.17.o
                0x0000000000001008                window_load_wf
 .text.wf_sel_callback
                0x00000000000010d4       0xb8 src/main.c.17.o
                0x00000000000010d4                wf_sel_callback
 .text.bt_handler
                0x000000000000118c       0x4c src/main.c.17.o
                0x000000000000118c                bt_handler
 .text.click_prov
                0x00000000000011d8       0x30 src/main.c.17.o
                0x00000000000011d8                click_prov
 .text.inbox    0x0000000000001208       0x16 src/main.c.17.o
                0x0000000000001208                inbox
 *fill*         0x000000000000121e        0x2 
 .text.override_gesture
                0x0000000000001220       0x20 src/main.c.17.o
                0x0000000000001220                override_gesture
 .text.redraw_menu
                0x0000000000001240       0x34 src/main.c.17.o
                0x0000000000001240                redraw_menu
 .text.bt_callback
                0x0000000000001274       0x68 src/main.c.17.o
                0x0000000000001274                bt_callback
 .text.override_callback
                0x00000000000012dc       0x3c src/main.c.17.o
                0x00000000000012dc                override_callback
 .text.init_gesture
                0x0000000000001318       0x24 src/main.c.17.o
                0x0000000000001318                init_gesture
 .text.init     0x000000000000133c      0x24c src/main.c.17.o
                0x000000000000133c                init
 .text.deinit   0x0000000000001588       0x90 src/main.c.17.o
                0x0000000000001588                deinit
 .text.startup.main
                0x0000000000001618       0x12 src/main.c.17.o
                0x0000000000001618                main
 *fill*         0x000000000000162a        0x2 
 .text.handle_minute_tick
                0x000000000000162c       0xa4 src/simplicity.c.17.o
                0x000000000000162c                handle_minute_tick
 .text.line_layer_update_callback
                0x00000000000016d0       0x28 src/simplicity.c.17.o
                0x00000000000016d0                line_layer_update_callback
 .text.simplicity_unload
                0x00000000000016f8       0x3c src/simplicity.c.17.o
                0x00000000000016f8                simplicity_unload
 .text.simplicity_load
                0x0000000000001734      0x110 src/simplicity.c.17.o
                0x0000000000001734                simplicity_load
 .text.accel_tap_service_subscribe
                0x0000000000001844        0xc /Users/edwinfinch/pebble-dev/PebbleSDK-2.6.1/Pebble/lib/libpebble.a(tmpDC1Ifbpebble.o)
                0x0000000000001844                accel_tap_service_subscribe
 .text.accel_tap_service_unsubscribe
                0x0000000000001850        0xc /Users/edwinfinch/pebble-dev/PebbleSDK-2.6.1/Pebble/lib/libpebble.a(tmpDC1Ifbpebble.o)
                0x0000000000001850                accel_tap_service_unsubscribe
 .text.animation_schedule
                0x000000000000185c        0xc /Users/edwinfinch/pebble-dev/PebbleSDK-2.6.1/Pebble/lib/libpebble.a(tmpDC1Ifbpebble.o)
                0x000000000000185c                animation_schedule
 .text.animation_set_delay
                0x0000000000001868        0xc /Users/edwinfinch/pebble-dev/PebbleSDK-2.6.1/Pebble/lib/libpebble.a(tmpDC1Ifbpebble.o)
                0x0000000000001868                animation_set_delay
 .text.animation_set_duration
                0x0000000000001874        0xc /Users/edwinfinch/pebble-dev/PebbleSDK-2.6.1/Pebble/lib/libpebble.a(tmpDC1Ifbpebble.o)
                0x0000000000001874                animation_set_duration
 .text.animation_set_handlers
                0x0000000000001880        0xc /Users/edwinfinch/pebble-dev/PebbleSDK-2.6.1/Pebble/lib/libpebble.a(tmpDC1Ifbpebble.o)
                0x0000000000001880                animation_set_handlers
 .text.app_event_loop
                0x000000000000188c        0xc /Users/edwinfinch/pebble-dev/PebbleSDK-2.6.1/Pebble/lib/libpebble.a(tmpDC1Ifbpebble.o)
                0x000000000000188c                app_event_loop
 .text.app_log  0x0000000000001898        0xc /Users/edwinfinch/pebble-dev/PebbleSDK-2.6.1/Pebble/lib/libpebble.a(tmpDC1Ifbpebble.o)
                0x0000000000001898                app_log
 .text.app_message_open
                0x00000000000018a4        0xc /Users/edwinfinch/pebble-dev/PebbleSDK-2.6.1/Pebble/lib/libpebble.a(tmpDC1Ifbpebble.o)
                0x00000000000018a4                app_message_open
 .text.app_timer_cancel
                0x00000000000018b0        0xc /Users/edwinfinch/pebble-dev/PebbleSDK-2.6.1/Pebble/lib/libpebble.a(tmpDC1Ifbpebble.o)
                0x00000000000018b0                app_timer_cancel
 .text.app_timer_register
                0x00000000000018bc        0xc /Users/edwinfinch/pebble-dev/PebbleSDK-2.6.1/Pebble/lib/libpebble.a(tmpDC1Ifbpebble.o)
                0x00000000000018bc                app_timer_register
 .text.battery_state_service_peek
                0x00000000000018c8        0xc /Users/edwinfinch/pebble-dev/PebbleSDK-2.6.1/Pebble/lib/libpebble.a(tmpDC1Ifbpebble.o)
                0x00000000000018c8                battery_state_service_peek
 .text.bitmap_layer_create
                0x00000000000018d4        0xc /Users/edwinfinch/pebble-dev/PebbleSDK-2.6.1/Pebble/lib/libpebble.a(tmpDC1Ifbpebble.o)
                0x00000000000018d4                bitmap_layer_create
 .text.bitmap_layer_destroy
                0x00000000000018e0        0xc /Users/edwinfinch/pebble-dev/PebbleSDK-2.6.1/Pebble/lib/libpebble.a(tmpDC1Ifbpebble.o)
                0x00000000000018e0                bitmap_layer_destroy
 .text.bitmap_layer_get_layer
                0x00000000000018ec        0xc /Users/edwinfinch/pebble-dev/PebbleSDK-2.6.1/Pebble/lib/libpebble.a(tmpDC1Ifbpebble.o)
                0x00000000000018ec                bitmap_layer_get_layer
 .text.bitmap_layer_set_bitmap
                0x00000000000018f8        0xc /Users/edwinfinch/pebble-dev/PebbleSDK-2.6.1/Pebble/lib/libpebble.a(tmpDC1Ifbpebble.o)
                0x00000000000018f8                bitmap_layer_set_bitmap
 .text.bluetooth_connection_service_peek
                0x0000000000001904        0xc /Users/edwinfinch/pebble-dev/PebbleSDK-2.6.1/Pebble/lib/libpebble.a(tmpDC1Ifbpebble.o)
                0x0000000000001904                bluetooth_connection_service_peek
 .text.clock_is_24h_style
                0x0000000000001910        0xc /Users/edwinfinch/pebble-dev/PebbleSDK-2.6.1/Pebble/lib/libpebble.a(tmpDC1Ifbpebble.o)
                0x0000000000001910                clock_is_24h_style
 .text.dict_read_first
                0x000000000000191c        0xc /Users/edwinfinch/pebble-dev/PebbleSDK-2.6.1/Pebble/lib/libpebble.a(tmpDC1Ifbpebble.o)
                0x000000000000191c                dict_read_first
 .text.dict_read_next
                0x0000000000001928        0xc /Users/edwinfinch/pebble-dev/PebbleSDK-2.6.1/Pebble/lib/libpebble.a(tmpDC1Ifbpebble.o)
                0x0000000000001928                dict_read_next
 .text.fonts_get_system_font
                0x0000000000001934        0xc /Users/edwinfinch/pebble-dev/PebbleSDK-2.6.1/Pebble/lib/libpebble.a(tmpDC1Ifbpebble.o)
                0x0000000000001934                fonts_get_system_font
 .text.fonts_load_custom_font
                0x0000000000001940        0xc /Users/edwinfinch/pebble-dev/PebbleSDK-2.6.1/Pebble/lib/libpebble.a(tmpDC1Ifbpebble.o)
                0x0000000000001940                fonts_load_custom_font
 .text.gbitmap_create_with_resource
                0x000000000000194c        0xc /Users/edwinfinch/pebble-dev/PebbleSDK-2.6.1/Pebble/lib/libpebble.a(tmpDC1Ifbpebble.o)
                0x000000000000194c                gbitmap_create_with_resource
 .text.gbitmap_destroy
                0x0000000000001958        0xc /Users/edwinfinch/pebble-dev/PebbleSDK-2.6.1/Pebble/lib/libpebble.a(tmpDC1Ifbpebble.o)
                0x0000000000001958                gbitmap_destroy
 .text.graphics_context_set_fill_color
                0x0000000000001964        0xc /Users/edwinfinch/pebble-dev/PebbleSDK-2.6.1/Pebble/lib/libpebble.a(tmpDC1Ifbpebble.o)
                0x0000000000001964                graphics_context_set_fill_color
 .text.graphics_context_set_stroke_color
                0x0000000000001970        0xc /Users/edwinfinch/pebble-dev/PebbleSDK-2.6.1/Pebble/lib/libpebble.a(tmpDC1Ifbpebble.o)
                0x0000000000001970                graphics_context_set_stroke_color
 .text.graphics_draw_circle
                0x000000000000197c        0xc /Users/edwinfinch/pebble-dev/PebbleSDK-2.6.1/Pebble/lib/libpebble.a(tmpDC1Ifbpebble.o)
                0x000000000000197c                graphics_draw_circle
 .text.graphics_fill_circle
                0x0000000000001988        0xc /Users/edwinfinch/pebble-dev/PebbleSDK-2.6.1/Pebble/lib/libpebble.a(tmpDC1Ifbpebble.o)
                0x0000000000001988                graphics_fill_circle
 .text.graphics_fill_rect
                0x0000000000001994        0xc /Users/edwinfinch/pebble-dev/PebbleSDK-2.6.1/Pebble/lib/libpebble.a(tmpDC1Ifbpebble.o)
                0x0000000000001994                graphics_fill_rect
 .text.inverter_layer_create
                0x00000000000019a0        0xc /Users/edwinfinch/pebble-dev/PebbleSDK-2.6.1/Pebble/lib/libpebble.a(tmpDC1Ifbpebble.o)
                0x00000000000019a0                inverter_layer_create
 .text.inverter_layer_destroy
                0x00000000000019ac        0xc /Users/edwinfinch/pebble-dev/PebbleSDK-2.6.1/Pebble/lib/libpebble.a(tmpDC1Ifbpebble.o)
                0x00000000000019ac                inverter_layer_destroy
 .text.inverter_layer_get_layer
                0x00000000000019b8        0xc /Users/edwinfinch/pebble-dev/PebbleSDK-2.6.1/Pebble/lib/libpebble.a(tmpDC1Ifbpebble.o)
                0x00000000000019b8                inverter_layer_get_layer
 .text.layer_add_child
                0x00000000000019c4        0xc /Users/edwinfinch/pebble-dev/PebbleSDK-2.6.1/Pebble/lib/libpebble.a(tmpDC1Ifbpebble.o)
                0x00000000000019c4                layer_add_child
 .text.layer_create
                0x00000000000019d0        0xc /Users/edwinfinch/pebble-dev/PebbleSDK-2.6.1/Pebble/lib/libpebble.a(tmpDC1Ifbpebble.o)
                0x00000000000019d0                layer_create
 .text.layer_destroy
                0x00000000000019dc        0xc /Users/edwinfinch/pebble-dev/PebbleSDK-2.6.1/Pebble/lib/libpebble.a(tmpDC1Ifbpebble.o)
                0x00000000000019dc                layer_destroy
 .text.layer_get_bounds
                0x00000000000019e8        0xc /Users/edwinfinch/pebble-dev/PebbleSDK-2.6.1/Pebble/lib/libpebble.a(tmpDC1Ifbpebble.o)
                0x00000000000019e8                layer_get_bounds
 .text.layer_get_frame
                0x00000000000019f4        0xc /Users/edwinfinch/pebble-dev/PebbleSDK-2.6.1/Pebble/lib/libpebble.a(tmpDC1Ifbpebble.o)
                0x00000000000019f4                layer_get_frame
 .text.layer_mark_dirty
                0x0000000000001a00        0xc /Users/edwinfinch/pebble-dev/PebbleSDK-2.6.1/Pebble/lib/libpebble.a(tmpDC1Ifbpebble.o)
                0x0000000000001a00                layer_mark_dirty
 .text.layer_set_hidden
                0x0000000000001a0c        0xc /Users/edwinfinch/pebble-dev/PebbleSDK-2.6.1/Pebble/lib/libpebble.a(tmpDC1Ifbpebble.o)
                0x0000000000001a0c                layer_set_hidden
 .text.layer_set_update_proc
                0x0000000000001a18        0xc /Users/edwinfinch/pebble-dev/PebbleSDK-2.6.1/Pebble/lib/libpebble.a(tmpDC1Ifbpebble.o)
                0x0000000000001a18                layer_set_update_proc
 .text.localtime
                0x0000000000001a24        0xc /Users/edwinfinch/pebble-dev/PebbleSDK-2.6.1/Pebble/lib/libpebble.a(tmpDC1Ifbpebble.o)
                0x0000000000001a24                localtime
 .text.memmove  0x0000000000001a30        0xc /Users/edwinfinch/pebble-dev/PebbleSDK-2.6.1/Pebble/lib/libpebble.a(tmpDC1Ifbpebble.o)
                0x0000000000001a30                memmove
 .text.memset   0x0000000000001a3c        0xc /Users/edwinfinch/pebble-dev/PebbleSDK-2.6.1/Pebble/lib/libpebble.a(tmpDC1Ifbpebble.o)
                0x0000000000001a3c                memset
 .text.property_animation_create_layer_frame
                0x0000000000001a48        0xc /Users/edwinfinch/pebble-dev/PebbleSDK-2.6.1/Pebble/lib/libpebble.a(tmpDC1Ifbpebble.o)
                0x0000000000001a48                property_animation_create_layer_frame
 .text.property_animation_destroy
                0x0000000000001a54        0xc /Users/edwinfinch/pebble-dev/PebbleSDK-2.6.1/Pebble/lib/libpebble.a(tmpDC1Ifbpebble.o)
                0x0000000000001a54                property_animation_destroy
 .text.resource_get_handle
                0x0000000000001a60        0xc /Users/edwinfinch/pebble-dev/PebbleSDK-2.6.1/Pebble/lib/libpebble.a(tmpDC1Ifbpebble.o)
                0x0000000000001a60                resource_get_handle
 .text.simple_menu_layer_create
                0x0000000000001a6c        0xc /Users/edwinfinch/pebble-dev/PebbleSDK-2.6.1/Pebble/lib/libpebble.a(tmpDC1Ifbpebble.o)
                0x0000000000001a6c                simple_menu_layer_create
 .text.simple_menu_layer_destroy
                0x0000000000001a78        0xc /Users/edwinfinch/pebble-dev/PebbleSDK-2.6.1/Pebble/lib/libpebble.a(tmpDC1Ifbpebble.o)
                0x0000000000001a78                simple_menu_layer_destroy
 .text.simple_menu_layer_get_layer
                0x0000000000001a84        0xc /Users/edwinfinch/pebble-dev/PebbleSDK-2.6.1/Pebble/lib/libpebble.a(tmpDC1Ifbpebble.o)
                0x0000000000001a84                simple_menu_layer_get_layer
 .text.snprintf
                0x0000000000001a90        0xc /Users/edwinfinch/pebble-dev/PebbleSDK-2.6.1/Pebble/lib/libpebble.a(tmpDC1Ifbpebble.o)
                0x0000000000001a90                snprintf
 .text.strftime
                0x0000000000001a9c        0xc /Users/edwinfinch/pebble-dev/PebbleSDK-2.6.1/Pebble/lib/libpebble.a(tmpDC1Ifbpebble.o)
                0x0000000000001a9c                strftime
 .text.text_layer_create
                0x0000000000001aa8        0xc /Users/edwinfinch/pebble-dev/PebbleSDK-2.6.1/Pebble/lib/libpebble.a(tmpDC1Ifbpebble.o)
                0x0000000000001aa8                text_layer_create
 .text.text_layer_destroy
                0x0000000000001ab4        0xc /Users/edwinfinch/pebble-dev/PebbleSDK-2.6.1/Pebble/lib/libpebble.a(tmpDC1Ifbpebble.o)
                0x0000000000001ab4                text_layer_destroy
 .text.text_layer_get_layer
                0x0000000000001ac0        0xc /Users/edwinfinch/pebble-dev/PebbleSDK-2.6.1/Pebble/lib/libpebble.a(tmpDC1Ifbpebble.o)
                0x0000000000001ac0                text_layer_get_layer
 .text.text_layer_set_background_color
                0x0000000000001acc        0xc /Users/edwinfinch/pebble-dev/PebbleSDK-2.6.1/Pebble/lib/libpebble.a(tmpDC1Ifbpebble.o)
                0x0000000000001acc                text_layer_set_background_color
 .text.text_layer_set_font
                0x0000000000001ad8        0xc /Users/edwinfinch/pebble-dev/PebbleSDK-2.6.1/Pebble/lib/libpebble.a(tmpDC1Ifbpebble.o)
                0x0000000000001ad8                text_layer_set_font
 .text.text_layer_set_text
                0x0000000000001ae4        0xc /Users/edwinfinch/pebble-dev/PebbleSDK-2.6.1/Pebble/lib/libpebble.a(tmpDC1Ifbpebble.o)
                0x0000000000001ae4                text_layer_set_text
 .text.text_layer_set_text_alignment
                0x0000000000001af0        0xc /Users/edwinfinch/pebble-dev/PebbleSDK-2.6.1/Pebble/lib/libpebble.a(tmpDC1Ifbpebble.o)
                0x0000000000001af0                text_layer_set_text_alignment
 .text.text_layer_set_text_color
                0x0000000000001afc        0xc /Users/edwinfinch/pebble-dev/PebbleSDK-2.6.1/Pebble/lib/libpebble.a(tmpDC1Ifbpebble.o)
                0x0000000000001afc                text_layer_set_text_color
 .text.tick_timer_service_subscribe
                0x0000000000001b08        0xc /Users/edwinfinch/pebble-dev/PebbleSDK-2.6.1/Pebble/lib/libpebble.a(tmpDC1Ifbpebble.o)
                0x0000000000001b08                tick_timer_service_subscribe
 .text.tick_timer_service_unsubscribe
                0x0000000000001b14        0xc /Users/edwinfinch/pebble-dev/PebbleSDK-2.6.1/Pebble/lib/libpebble.a(tmpDC1Ifbpebble.o)
                0x0000000000001b14                tick_timer_service_unsubscribe
 .text.time     0x0000000000001b20        0xc /Users/edwinfinch/pebble-dev/PebbleSDK-2.6.1/Pebble/lib/libpebble.a(tmpDC1Ifbpebble.o)
                0x0000000000001b20                time
 .text.vibes_double_pulse
                0x0000000000001b2c        0xc /Users/edwinfinch/pebble-dev/PebbleSDK-2.6.1/Pebble/lib/libpebble.a(tmpDC1Ifbpebble.o)
                0x0000000000001b2c                vibes_double_pulse
 .text.vibes_long_pulse
                0x0000000000001b38        0xc /Users/edwinfinch/pebble-dev/PebbleSDK-2.6.1/Pebble/lib/libpebble.a(tmpDC1Ifbpebble.o)
                0x0000000000001b38                vibes_long_pulse
 .text.window_create
                0x0000000000001b44        0xc /Users/edwinfinch/pebble-dev/PebbleSDK-2.6.1/Pebble/lib/libpebble.a(tmpDC1Ifbpebble.o)
                0x0000000000001b44                window_create
 .text.window_destroy
                0x0000000000001b50        0xc /Users/edwinfinch/pebble-dev/PebbleSDK-2.6.1/Pebble/lib/libpebble.a(tmpDC1Ifbpebble.o)
                0x0000000000001b50                window_destroy
 .text.window_get_root_layer
                0x0000000000001b5c        0xc /Users/edwinfinch/pebble-dev/PebbleSDK-2.6.1/Pebble/lib/libpebble.a(tmpDC1Ifbpebble.o)
                0x0000000000001b5c                window_get_root_layer
 .text.window_set_background_color
                0x0000000000001b68        0xc /Users/edwinfinch/pebble-dev/PebbleSDK-2.6.1/Pebble/lib/libpebble.a(tmpDC1Ifbpebble.o)
                0x0000000000001b68                window_set_background_color
 .text.window_set_click_config_provider
                0x0000000000001b74        0xc /Users/edwinfinch/pebble-dev/PebbleSDK-2.6.1/Pebble/lib/libpebble.a(tmpDC1Ifbpebble.o)
                0x0000000000001b74                window_set_click_config_provider
 .text.window_set_fullscreen
                0x0000000000001b80        0xc /Users/edwinfinch/pebble-dev/PebbleSDK-2.6.1/Pebble/lib/libpebble.a(tmpDC1Ifbpebble.o)
                0x0000000000001b80                window_set_fullscreen
 .text.window_set_window_handlers
                0x0000000000001b8c        0xc /Users/edwinfinch/pebble-dev/PebbleSDK-2.6.1/Pebble/lib/libpebble.a(tmpDC1Ifbpebble.o)
                0x0000000000001b8c                window_set_window_handlers
 .text.window_stack_push
                0x0000000000001b98        0xc /Users/edwinfinch/pebble-dev/PebbleSDK-2.6.1/Pebble/lib/libpebble.a(tmpDC1Ifbpebble.o)
                0x0000000000001b98                window_stack_push
 .text.app_message_register_inbox_received
                0x0000000000001ba4        0xc /Users/edwinfinch/pebble-dev/PebbleSDK-2.6.1/Pebble/lib/libpebble.a(tmpDC1Ifbpebble.o)
                0x0000000000001ba4                app_message_register_inbox_received
 .text.window_long_click_subscribe
                0x0000000000001bb0        0xc /Users/edwinfinch/pebble-dev/PebbleSDK-2.6.1/Pebble/lib/libpebble.a(tmpDC1Ifbpebble.o)
                0x0000000000001bb0                window_long_click_subscribe
 .text.window_single_click_subscribe
                0x0000000000001bbc        0xc /Users/edwinfinch/pebble-dev/PebbleSDK-2.6.1/Pebble/lib/libpebble.a(tmpDC1Ifbpebble.o)
                0x0000000000001bbc                window_single_click_subscribe
 .text.persist_read_data
                0x0000000000001bc8        0xc /Users/edwinfinch/pebble-dev/PebbleSDK-2.6.1/Pebble/lib/libpebble.a(tmpDC1Ifbpebble.o)
                0x0000000000001bc8                persist_read_data
 .text.persist_write_data
                0x0000000000001bd4        0xc /Users/edwinfinch/pebble-dev/PebbleSDK-2.6.1/Pebble/lib/libpebble.a(tmpDC1Ifbpebble.o)
                0x0000000000001bd4                persist_write_data
 *(.rodata)
 .rodata        0x0000000000001be0       0x7c src/blks.c.17.o
 .rodata        0x0000000000001c5c       0x18 src/main.c.17.o
 .rodata        0x0000000000001c74       0x18 src/simplicity.c.17.o
 *(.rodata*)
 .rodata.str1.1
                0x0000000000001c8c        0x6 src/blks.c.17.o
 .rodata.str1.1
                0x0000000000001c92       0x12 src/double_tap.c.17.o
 .rodata.str1.1
                0x0000000000001ca4       0x31 src/extras.c.17.o
 .rodata.str1.1
                0x0000000000001cd5      0x104 src/main.c.17.o
                                        0x10c (size before relaxing)
 .rodata.str1.1
                0x0000000000001dd9       0x51 src/simplicity.c.17.o

.glue_7         0x0000000000001e2c        0x0
 .glue_7        0x0000000000000000        0x0 linker stubs

.glue_7t        0x0000000000001e2c        0x0
 .glue_7t       0x0000000000000000        0x0 linker stubs

.vfp11_veneer   0x0000000000001e2c        0x0
 .vfp11_veneer  0x0000000000000000        0x0 linker stubs

.v4_bx          0x0000000000001e2c        0x0
 .v4_bx         0x0000000000000000        0x0 linker stubs

.iplt           0x0000000000001e2c        0x0
 .iplt          0x0000000000000000        0x0 /Users/edwinfinch/pebble-dev/PebbleSDK-2.6.1/arm-cs-tools/bin/../lib/gcc/arm-none-eabi/4.7.2/thumb2/crtbegin.o

.rel.dyn        0x0000000000001e2c        0x0
 .rel.iplt      0x0000000000000000        0x0 /Users/edwinfinch/pebble-dev/PebbleSDK-2.6.1/arm-cs-tools/bin/../lib/gcc/arm-none-eabi/4.7.2/thumb2/crtbegin.o
 .rel.got       0x0000000000000000        0x0 /Users/edwinfinch/pebble-dev/PebbleSDK-2.6.1/arm-cs-tools/bin/../lib/gcc/arm-none-eabi/4.7.2/thumb2/crtbegin.o

.data           0x0000000000001e2c       0x24
 *(.data)
 .data          0x0000000000001e2c        0x0 /Users/edwinfinch/pebble-dev/PebbleSDK-2.6.1/arm-cs-tools/bin/../lib/gcc/arm-none-eabi/4.7.2/thumb2/crti.o
 .data          0x0000000000001e2c        0x4 /Users/edwinfinch/pebble-dev/PebbleSDK-2.6.1/arm-cs-tools/bin/../lib/gcc/arm-none-eabi/4.7.2/thumb2/crtbegin.o
                0x0000000000001e2c                __dso_handle
 .data          0x0000000000001e30        0x0 src/blks.c.17.o
 .data          0x0000000000001e30        0x0 src/double_tap.c.17.o
 .data          0x0000000000001e30        0x0 src/extras.c.17.o
 .data          0x0000000000001e30        0x0 src/main.c.17.o
 .data          0x0000000000001e30        0x0 src/notification.c.17.o
 .data          0x0000000000001e30        0x0 src/simplicity.c.17.o
 .data          0x0000000000001e30        0x0 appinfo.auto.c.17.o
 .data          0x0000000000001e30        0x0 /Users/edwinfinch/pebble-dev/PebbleSDK-2.6.1/Pebble/lib/libpebble.a(tmpDC1Ifbpebble.o)
 .data          0x0000000000001e30        0x0 /Users/edwinfinch/pebble-dev/PebbleSDK-2.6.1/arm-cs-tools/bin/../lib/gcc/arm-none-eabi/4.7.2/thumb2/crtend.o
 .data          0x0000000000001e30        0x0 /Users/edwinfinch/pebble-dev/PebbleSDK-2.6.1/arm-cs-tools/bin/../lib/gcc/arm-none-eabi/4.7.2/thumb2/crtn.o
 *(.data.*)
 .data.hour_1_buf.6666
                0x0000000000001e30        0x2 src/blks.c.17.o
 .data.min_1_buf.6664
                0x0000000000001e32        0x2 src/blks.c.17.o
 .data.date_buf.6668
                0x0000000000001e34        0x5 src/blks.c.17.o
 .data.min_2_buf.6665
                0x0000000000001e39        0x2 src/blks.c.17.o
 .data.hour_2_buf.6667
                0x0000000000001e3b        0x2 src/blks.c.17.o
 .data.date_text.6586
                0x0000000000001e3d        0xd src/simplicity.c.17.o
 .data.time_text.6585
                0x0000000000001e4a        0x6 src/simplicity.c.17.o

.igot.plt       0x0000000000001e50        0x0
 .igot.plt      0x0000000000000000        0x0 /Users/edwinfinch/pebble-dev/PebbleSDK-2.6.1/arm-cs-tools/bin/../lib/gcc/arm-none-eabi/4.7.2/thumb2/crtbegin.o

.got            0x0000000000001e50       0xdc
 .got           0x0000000000001e50       0xdc /Users/edwinfinch/pebble-dev/PebbleSDK-2.6.1/arm-cs-tools/bin/../lib/gcc/arm-none-eabi/4.7.2/thumb2/crtbegin.o

.got.plt        0x0000000000001f2c        0xc
 .got.plt       0x0000000000001f2c        0xc /Users/edwinfinch/pebble-dev/PebbleSDK-2.6.1/arm-cs-tools/bin/../lib/gcc/arm-none-eabi/4.7.2/thumb2/crtbegin.o
                0x0000000000001f2c                _GLOBAL_OFFSET_TABLE_

.bss            0x0000000000001f38      0x1c0
 *(.bss)
 *(.bss.*)
 .bss.cancelled
                0x0000000000001f38        0x1 src/blks.c.17.o
                0x0000000000001f38                cancelled
 *fill*         0x0000000000001f39        0x3 
 .bss.minute    0x0000000000001f3c        0x4 src/blks.c.17.o
                0x0000000000001f3c                minute
 .bss.seconds   0x0000000000001f40        0x4 src/blks.c.17.o
                0x0000000000001f40                seconds
 .bss.public_connection
                0x0000000000001f44        0x1 src/blks.c.17.o
                0x0000000000001f44                public_connection
 *fill*         0x0000000000001f45        0x3 
 .bss.hour      0x0000000000001f48        0x4 src/blks.c.17.o
                0x0000000000001f48                hour
 .bss.showing_date
                0x0000000000001f4c        0x1 src/blks.c.17.o
                0x0000000000001f4c                showing_date
 *fill*         0x0000000000001f4d        0x3 
 .bss.watchfaceCurrent
                0x0000000000001f50        0x4 src/main.c.17.o
                0x0000000000001f50                watchfaceCurrent
 COMMON         0x0000000000001f54       0x88 src/blks.c.17.o
                0x0000000000001f54                final_3
                0x0000000000001f5c                initial_2
                0x0000000000001f64                charge_timer
                0x0000000000001f68                battery_percent
                0x0000000000001f6c                circle_layer
                0x0000000000001f70                date_layer
                0x0000000000001f74                final_1
                0x0000000000001f7c                initial_1
                0x0000000000001f84                hour_1
                0x0000000000001f88                background_layer
                0x0000000000001f8c                initial_3
                0x0000000000001f94                battery_layer
                0x0000000000001f98                cov_1
                0x0000000000001f9c                cov_4
                0x0000000000001fa0                bt_image
                0x0000000000001fa4                final_2
                0x0000000000001fac                minute_2
                0x0000000000001fb0                cov_2
                0x0000000000001fb4                initial_4
                0x0000000000001fbc                bt_image_layer
                0x0000000000001fc0                minute_1
                0x0000000000001fc4                invert
                0x0000000000001fc8                background_image
                0x0000000000001fcc                final_4
                0x0000000000001fd4                cov_3
                0x0000000000001fd8                hour_2
 COMMON         0x0000000000001fdc      0x110 src/main.c.17.o
                0x0000000000001fdc                menu_sections
                0x0000000000001fe8                aboot_version
                0x0000000000001fec                menu_settings_items
                0x000000000000203c                settings
                0x0000000000002048                menu_window
                0x000000000000204c                log_icon
                0x0000000000002050                aboot_edwin
                0x0000000000002054                gesture_icon
                0x0000000000002058                previousStatus
                0x000000000000205c                wf_menu_sections
                0x0000000000002068                menu_layer
                0x000000000000206c                debug_window
                0x0000000000002070                s_menu_sections
                0x000000000000207c                settings_icon
                0x0000000000002080                watchface_window
                0x0000000000002084                aboot_window
                0x0000000000002088                wf_icon
                0x000000000000208c                aboot_theme
                0x0000000000002090                s_menu_settings_items
                0x00000000000020b0                main_menu
                0x00000000000020b4                settings_window
                0x00000000000020b8                bt_timer
                0x00000000000020bc                settings_menu
                0x00000000000020c0                wf_window
                0x00000000000020c4                wf_choice_menu
                0x00000000000020c8                aboot_icon
                0x00000000000020cc                wf_menu_items
 COMMON         0x00000000000020ec        0xc src/simplicity.c.17.o
                0x00000000000020ec                text_time_layer
                0x00000000000020f0                text_date_layer
                0x00000000000020f4                line_layer

DISCARD
 libc.a(*)
 libm.a(*)
 libgcc.a(*)
 *(.eh_frame)
OUTPUT(/Users/edwinfinch/pebble-projects/iDoc360/build/pebble-app.elf elf32-littlearm)

.ARM.attributes
                0x0000000000000000       0x27
 .ARM.attributes
                0x0000000000000000       0x19 /Users/edwinfinch/pebble-dev/PebbleSDK-2.6.1/arm-cs-tools/bin/../lib/gcc/arm-none-eabi/4.7.2/thumb2/crti.o
 .ARM.attributes
                0x0000000000000019       0x29 /Users/edwinfinch/pebble-dev/PebbleSDK-2.6.1/arm-cs-tools/bin/../lib/gcc/arm-none-eabi/4.7.2/thumb2/crtbegin.o
 .ARM.attributes
                0x0000000000000042       0x33 src/blks.c.17.o
 .ARM.attributes
                0x0000000000000075       0x33 src/double_tap.c.17.o
 .ARM.attributes
                0x00000000000000a8       0x33 src/extras.c.17.o
 .ARM.attributes
                0x00000000000000db       0x33 src/main.c.17.o
 .ARM.attributes
                0x000000000000010e       0x33 src/notification.c.17.o
 .ARM.attributes
                0x0000000000000141       0x33 src/simplicity.c.17.o
 .ARM.attributes
                0x0000000000000174       0x33 appinfo.auto.c.17.o
 .ARM.attributes
                0x00000000000001a7       0x21 /Users/edwinfinch/pebble-dev/PebbleSDK-2.6.1/Pebble/lib/libpebble.a(tmpDC1Ifbpebble.o)
 .ARM.attributes
                0x00000000000001c8       0x29 /Users/edwinfinch/pebble-dev/PebbleSDK-2.6.1/arm-cs-tools/bin/../lib/gcc/arm-none-eabi/4.7.2/thumb2/crtend.o
 .ARM.attributes
                0x00000000000001f1       0x19 /Users/edwinfinch/pebble-dev/PebbleSDK-2.6.1/arm-cs-tools/bin/../lib/gcc/arm-none-eabi/4.7.2/thumb2/crtn.o

.comment        0x0000000000000000       0x4e
 .comment       0x0000000000000000       0x4e /Users/edwinfinch/pebble-dev/PebbleSDK-2.6.1/arm-cs-tools/bin/../lib/gcc/arm-none-eabi/4.7.2/thumb2/crtbegin.o
                                         0x4f (size before relaxing)
 .comment       0x0000000000000000       0x4f src/blks.c.17.o
 .comment       0x0000000000000000       0x4f src/double_tap.c.17.o
 .comment       0x0000000000000000       0x4f src/extras.c.17.o
 .comment       0x0000000000000000       0x4f src/main.c.17.o
 .comment       0x0000000000000000       0x4f src/notification.c.17.o
 .comment       0x0000000000000000       0x4f src/simplicity.c.17.o
 .comment       0x0000000000000000       0x4f appinfo.auto.c.17.o
 .comment       0x0000000000000000       0x4f /Users/edwinfinch/pebble-dev/PebbleSDK-2.6.1/arm-cs-tools/bin/../lib/gcc/arm-none-eabi/4.7.2/thumb2/crtend.o

.debug_info     0x0000000000000000     0x539b
 .debug_info    0x0000000000000000     0x176c src/blks.c.17.o
 .debug_info    0x000000000000176c      0x281 src/double_tap.c.17.o
 .debug_info    0x00000000000019ed      0x87e src/extras.c.17.o
 .debug_info    0x000000000000226b     0x1cdb src/main.c.17.o
 .debug_info    0x0000000000003f46      0x709 src/notification.c.17.o
 .debug_info    0x000000000000464f      0xa0e src/simplicity.c.17.o
 .debug_info    0x000000000000505d      0x33e appinfo.auto.c.17.o

.debug_abbrev   0x0000000000000000     0x1047
 .debug_abbrev  0x0000000000000000      0x39f src/blks.c.17.o
 .debug_abbrev  0x000000000000039f      0x15a src/double_tap.c.17.o
 .debug_abbrev  0x00000000000004f9      0x224 src/extras.c.17.o
 .debug_abbrev  0x000000000000071d      0x473 src/main.c.17.o
 .debug_abbrev  0x0000000000000b90      0x1de src/notification.c.17.o
 .debug_abbrev  0x0000000000000d6e      0x23b src/simplicity.c.17.o
 .debug_abbrev  0x0000000000000fa9       0x9e appinfo.auto.c.17.o

.debug_loc      0x0000000000000000     0x1262
 .debug_loc     0x0000000000000000      0x54a src/blks.c.17.o
 .debug_loc     0x000000000000054a       0x62 src/double_tap.c.17.o
 .debug_loc     0x00000000000005ac      0x1a2 src/extras.c.17.o
 .debug_loc     0x000000000000074e      0x754 src/main.c.17.o
 .debug_loc     0x0000000000000ea2      0x20f src/notification.c.17.o
 .debug_loc     0x00000000000010b1      0x1b1 src/simplicity.c.17.o

.debug_aranges  0x0000000000000000      0x270
 .debug_aranges
                0x0000000000000000       0x78 src/blks.c.17.o
 .debug_aranges
                0x0000000000000078       0x40 src/double_tap.c.17.o
 .debug_aranges
                0x00000000000000b8       0x30 src/extras.c.17.o
 .debug_aranges
                0x00000000000000e8      0x100 src/main.c.17.o
 .debug_aranges
                0x00000000000001e8       0x38 src/notification.c.17.o
 .debug_aranges
                0x0000000000000220       0x38 src/simplicity.c.17.o
 .debug_aranges
                0x0000000000000258       0x18 appinfo.auto.c.17.o

.debug_ranges   0x0000000000000000      0x258
 .debug_ranges  0x0000000000000000       0x68 src/blks.c.17.o
 .debug_ranges  0x0000000000000068       0x30 src/double_tap.c.17.o
 .debug_ranges  0x0000000000000098       0x20 src/extras.c.17.o
 .debug_ranges  0x00000000000000b8      0x150 src/main.c.17.o
 .debug_ranges  0x0000000000000208       0x28 src/notification.c.17.o
 .debug_ranges  0x0000000000000230       0x28 src/simplicity.c.17.o

.debug_line     0x0000000000000000     0x11ea
 .debug_line    0x0000000000000000      0x4a4 src/blks.c.17.o
 .debug_line    0x00000000000004a4      0x169 src/double_tap.c.17.o
 .debug_line    0x000000000000060d      0x148 src/extras.c.17.o
 .debug_line    0x0000000000000755      0x52f src/main.c.17.o
 .debug_line    0x0000000000000c84      0x19a src/notification.c.17.o
 .debug_line    0x0000000000000e1e      0x2a2 src/simplicity.c.17.o
 .debug_line    0x00000000000010c0      0x12a appinfo.auto.c.17.o

.debug_str      0x0000000000000000     0x1a78
 .debug_str     0x0000000000000000      0x9a5 src/blks.c.17.o
                                        0xa5d (size before relaxing)
 .debug_str     0x00000000000009a5      0x15f src/double_tap.c.17.o
                                        0x270 (size before relaxing)
 .debug_str     0x0000000000000b04      0x362 src/extras.c.17.o
                                        0x5c9 (size before relaxing)
 .debug_str     0x0000000000000e66      0x872 src/main.c.17.o
                                        0xe2e (size before relaxing)
 .debug_str     0x00000000000016d8      0x14c src/notification.c.17.o
                                        0x414 (size before relaxing)
 .debug_str     0x0000000000001824       0xf6 src/simplicity.c.17.o
                                        0x585 (size before relaxing)
 .debug_str     0x000000000000191a      0x15e appinfo.auto.c.17.o
                                        0x38a (size before relaxing)

.debug_frame    0x0000000000000000      0x614
 .debug_frame   0x0000000000000000      0x184 src/blks.c.17.o
 .debug_frame   0x0000000000000184       0x68 src/double_tap.c.17.o
 .debug_frame   0x00000000000001ec       0x64 src/extras.c.17.o
 .debug_frame   0x0000000000000250      0x2ac src/main.c.17.o
 .debug_frame   0x00000000000004fc       0x88 src/notification.c.17.o
 .debug_frame   0x0000000000000584       0x90 src/simplicity.c.17.o
