Archive member included because of file (symbol)

/Users/edwinfinch/pebble-dev/PebbleSDK-2.8/Pebble/lib/libpebble.a(tmpL9Cjnwpebble.o)
                              src/gesture.c.17.o (accel_data_service_unsubscribe)

Allocating common symbols
Common symbol       size              file

final_3             0x8               src/blks.c.17.o
initial_2           0x8               src/blks.c.17.o
charge_timer        0x4               src/blks.c.17.o
battery_percent     0x4               src/blks.c.17.o
menu_sections       0xc               src/main.c.17.o
aboot_version       0x4               src/main.c.17.o
circle_layer        0x4               src/blks.c.17.o
menu_settings_items
                    0x40              src/main.c.17.o
settings            0xc               src/main.c.17.o
date_layer          0x4               src/blks.c.17.o
menu_window         0x4               src/main.c.17.o
final_1             0x8               src/blks.c.17.o
initial_1           0x8               src/blks.c.17.o
hour_1              0x4               src/blks.c.17.o
log_icon            0x4               src/main.c.17.o
logging_layer       0x4               src/data_framework.c.17.o
aboot_edwin         0x4               src/main.c.17.o
background_layer    0x4               src/blks.c.17.o
gesture_icon        0x4               src/main.c.17.o
initial_3           0x8               src/blks.c.17.o
previousStatus      0x1               src/main.c.17.o
battery_layer       0x4               src/blks.c.17.o
cov_1               0x4               src/blks.c.17.o
notif_layer         0xc               src/notification.c.17.o
is_tapped_waiting   0x1               src/double_tap.c.17.o
wf_menu_sections    0xc               src/main.c.17.o
releaseTimer        0x4               src/gesture.c.17.o
cov_4               0x4               src/blks.c.17.o
bt_image            0x4               src/blks.c.17.o
menu_layer          0x4               src/main.c.17.o
debug_window        0x4               src/main.c.17.o
tap_timer           0x4               src/double_tap.c.17.o
s_menu_sections     0xc               src/main.c.17.o
final_2             0x8               src/blks.c.17.o
minute_2            0x4               src/blks.c.17.o
settings_icon       0x4               src/main.c.17.o
watchface_window    0x4               src/main.c.17.o
text_time_layer     0x4               src/simplicity.c.17.o
aboot_window        0x4               src/main.c.17.o
wf_icon             0x4               src/main.c.17.o
aboot_theme         0x4               src/main.c.17.o
cov_2               0x4               src/blks.c.17.o
s_menu_settings_items
                    0x30              src/main.c.17.o
main_menu           0x4               src/main.c.17.o
initial_4           0x8               src/blks.c.17.o
bt_image_layer      0x4               src/blks.c.17.o
minute_1            0x4               src/blks.c.17.o
invert              0x1               src/blks.c.17.o
settings_window     0x4               src/main.c.17.o
text_date_layer     0x4               src/simplicity.c.17.o
background_image    0x4               src/blks.c.17.o
final_4             0x8               src/blks.c.17.o
bt_timer            0x4               src/main.c.17.o
cov_3               0x4               src/blks.c.17.o
settings_menu       0x4               src/main.c.17.o
wf_window           0x4               src/main.c.17.o
hour_2              0x4               src/blks.c.17.o
wf_choice_menu      0x4               src/main.c.17.o
aboot_icon          0x4               src/main.c.17.o
debuglog_layer      0x4               src/main.c.17.o
line_layer          0x4               src/simplicity.c.17.o
wf_menu_items       0x20              src/main.c.17.o

Discarded input sections

 .text          0x0000000000000000        0x0 /Users/edwinfinch/pebble-dev/PebbleSDK-2.8/arm-cs-tools/bin/../lib/gcc/arm-none-eabi/4.7.2/thumb2/crti.o
 .bss           0x0000000000000000        0x0 /Users/edwinfinch/pebble-dev/PebbleSDK-2.8/arm-cs-tools/bin/../lib/gcc/arm-none-eabi/4.7.2/thumb2/crti.o
 .init          0x0000000000000000        0x4 /Users/edwinfinch/pebble-dev/PebbleSDK-2.8/arm-cs-tools/bin/../lib/gcc/arm-none-eabi/4.7.2/thumb2/crti.o
 .fini          0x0000000000000000        0x4 /Users/edwinfinch/pebble-dev/PebbleSDK-2.8/arm-cs-tools/bin/../lib/gcc/arm-none-eabi/4.7.2/thumb2/crti.o
 .text          0x0000000000000000       0xc8 /Users/edwinfinch/pebble-dev/PebbleSDK-2.8/arm-cs-tools/bin/../lib/gcc/arm-none-eabi/4.7.2/thumb2/crtbegin.o
 .bss           0x0000000000000000       0x1c /Users/edwinfinch/pebble-dev/PebbleSDK-2.8/arm-cs-tools/bin/../lib/gcc/arm-none-eabi/4.7.2/thumb2/crtbegin.o
 .init_array    0x0000000000000000        0x4 /Users/edwinfinch/pebble-dev/PebbleSDK-2.8/arm-cs-tools/bin/../lib/gcc/arm-none-eabi/4.7.2/thumb2/crtbegin.o
 .fini_array    0x0000000000000000        0x4 /Users/edwinfinch/pebble-dev/PebbleSDK-2.8/arm-cs-tools/bin/../lib/gcc/arm-none-eabi/4.7.2/thumb2/crtbegin.o
[...]
Memory Configuration

Name             Origin             Length             Attributes
APP              0x0000000000000000 0x0000000000006000 xrw
*default*        0x0000000000000000 0xffffffffffffffff

Linker script and memory map

LOAD /Users/edwinfinch/pebble-dev/PebbleSDK-2.8/arm-cs-tools/bin/../lib/gcc/arm-none-eabi/4.7.2/thumb2/crti.o
LOAD /Users/edwinfinch/pebble-dev/PebbleSDK-2.8/arm-cs-tools/bin/../lib/gcc/arm-none-eabi/4.7.2/thumb2/crtbegin.o
LOAD src/blks.c.17.o
LOAD src/data_framework.c.17.o
LOAD src/double_tap.c.17.o
LOAD src/extras.c.17.o
LOAD src/gesture.c.17.o
LOAD src/main.c.17.o
LOAD src/notification.c.17.o
LOAD src/simplicity.c.17.o
LOAD appinfo.auto.c.17.o
LOAD /Users/edwinfinch/pebble-dev/PebbleSDK-2.8/Pebble/lib/libpebble.a
START GROUP
LOAD /Users/edwinfinch/pebble-dev/PebbleSDK-2.8/arm-cs-tools/bin/../lib/gcc/arm-none-eabi/4.7.2/thumb2/libgcc.a
LOAD /Users/edwinfinch/pebble-dev/PebbleSDK-2.8/arm-cs-tools/bin/../lib/gcc/arm-none-eabi/4.7.2/../../../../arm-none-eabi/lib/thumb2/libc.a
END GROUP
LOAD /Users/edwinfinch/pebble-dev/PebbleSDK-2.8/arm-cs-tools/bin/../lib/gcc/arm-none-eabi/4.7.2/thumb2/crtend.o
LOAD /Users/edwinfinch/pebble-dev/PebbleSDK-2.8/arm-cs-tools/bin/../lib/gcc/arm-none-eabi/4.7.2/thumb2/crtn.o

.header         0x0000000000000000       0x82
 *(.pbl_header)
 .pbl_header    0x0000000000000000       0x82 appinfo.auto.c.17.o
                0x0000000000000000                __pbl_app_info

.text           0x0000000000000084     0x2289
 *(.text)
 .text          0x0000000000000084       0x14 /Users/edwinfinch/pebble-dev/PebbleSDK-2.8/Pebble/lib/libpebble.a(tmpL9Cjnwpebble.o)
 *(.text.*)
 .text.circle_proc
                0x0000000000000098       0x24 src/blks.c.17.o
                0x0000000000000098                circle_proc
 .text.charge_invert
                0x00000000000000bc       0x64 src/blks.c.17.o
                0x00000000000000bc                charge_invert
 .text.battery_proc
                0x0000000000000120       0x70 src/blks.c.17.o
                0x0000000000000120                battery_proc
 .text.text_layer_init_BLKS
                0x0000000000000190       0x3e src/blks.c.17.o
                0x0000000000000190                text_layer_init_BLKS
 *fill*         0x00000000000001ce        0x2 
 .text.animate  0x00000000000001d0      0x19c src/blks.c.17.o
                0x00000000000001d0                animate
 .text.get_minute_change
                0x000000000000036c       0x40 src/blks.c.17.o
                0x000000000000036c                get_minute_change
 .text.blks_tick
                0x00000000000003ac      0x18c src/blks.c.17.o
                0x00000000000003ac                blks_tick
 .text.blks_bat
                0x0000000000000538       0x78 src/blks.c.17.o
                0x0000000000000538                blks_bat
 .text.blks_bt  0x00000000000005b0       0x44 src/blks.c.17.o
                0x00000000000005b0                blks_bt
 .text.blks_tap
                0x00000000000005f4       0x78 src/blks.c.17.o
                0x00000000000005f4                blks_tap
 .text.unload_blks
                0x000000000000066c       0xc4 src/blks.c.17.o
                0x000000000000066c                unload_blks
 .text.load_blks
                0x0000000000000730      0x3d4 src/blks.c.17.o
                0x0000000000000730                load_blks
 .text.process_tuple
                0x0000000000000b04       0x3c src/data_framework.c.17.o
                0x0000000000000b04                process_tuple
 .text.inbox    0x0000000000000b40       0x6c src/data_framework.c.17.o
                0x0000000000000b40                inbox
 .text.send_light_status
                0x0000000000000bac       0x4c src/data_framework.c.17.o
                0x0000000000000bac                send_light_status
 .text.gesture_fired
                0x0000000000000bf8       0x1c src/data_framework.c.17.o
                0x0000000000000bf8                gesture_fired
 .text.send_data
                0x0000000000000c14       0x22 src/data_framework.c.17.o
                0x0000000000000c14                send_data
 *fill*         0x0000000000000c36        0x2 
 .text.logging  0x0000000000000c38       0x20 src/data_framework.c.17.o
                0x0000000000000c38                logging
 .text.double_tap
                0x0000000000000c58       0x28 src/double_tap.c.17.o
                0x0000000000000c58                double_tap
 .text.handle_tap
                0x0000000000000c80        0xe src/double_tap.c.17.o
                0x0000000000000c80                handle_tap
 *fill*         0x0000000000000c8e        0x2 
 .text.init_double_tap
                0x0000000000000c90        0xc src/double_tap.c.17.o
                0x0000000000000c90                init_double_tap
 .text.deinit_double_tap
                0x0000000000000c9c        0x4 src/double_tap.c.17.o
                0x0000000000000c9c                deinit_double_tap
 .text.stopped  0x0000000000000ca0        0x4 src/extras.c.17.o
                0x0000000000000ca0                stopped
 .text.text_layer_init
                0x0000000000000ca4       0x58 src/extras.c.17.o
                0x0000000000000ca4                text_layer_init
 .text.animate_layer
                0x0000000000000cfc       0x40 src/extras.c.17.o
                0x0000000000000cfc                animate_layer
 .text.release_timer_callback
                0x0000000000000d3c       0x10 src/gesture.c.17.o
                0x0000000000000d3c                release_timer_callback
 .text.isLow    0x0000000000000d4c       0x1c src/gesture.c.17.o
                0x0000000000000d4c                isLow
 .text.isHigh   0x0000000000000d68       0x16 src/gesture.c.17.o
                0x0000000000000d68                isHigh
 .text.find_high
                0x0000000000000d7e       0x1a src/gesture.c.17.o
                0x0000000000000d7e                find_high
 .text.find_low
                0x0000000000000d98       0x1a src/gesture.c.17.o
                0x0000000000000d98                find_low
 *fill*         0x0000000000000db2        0x2 
 .text.accel_handler
                0x0000000000000db4       0x8c src/gesture.c.17.o
                0x0000000000000db4                accel_handler
 .text.start_gesture_service
                0x0000000000000e40       0x10 src/gesture.c.17.o
                0x0000000000000e40                start_gesture_service
 .text.end_gesture_service
                0x0000000000000e50        0x4 src/gesture.c.17.o
                0x0000000000000e50                end_gesture_service
 .text.debug_callback
                0x0000000000000e54       0x18 src/main.c.17.o
                0x0000000000000e54                debug_callback
 .text.wf_callback
                0x0000000000000e6c       0x18 src/main.c.17.o
                0x0000000000000e6c                wf_callback
 .text.aboot_callback
                0x0000000000000e84       0x18 src/main.c.17.o
                0x0000000000000e84                aboot_callback
 .text.settings_callback
                0x0000000000000e9c       0x18 src/main.c.17.o
                0x0000000000000e9c                settings_callback
 .text.select   0x0000000000000eb4       0x18 src/main.c.17.o
                0x0000000000000eb4                select
 .text.window_unload_aboot
                0x0000000000000ecc       0x38 src/main.c.17.o
                0x0000000000000ecc                window_unload_aboot
 .text.window_load_aboot
                0x0000000000000f04       0xd4 src/main.c.17.o
                0x0000000000000f04                window_load_aboot
 .text.window_unload_debug
                0x0000000000000fd8       0x24 src/main.c.17.o
                0x0000000000000fd8                window_unload_debug
 .text.window_load_debug
                0x0000000000000ffc       0x70 src/main.c.17.o
                0x0000000000000ffc                window_load_debug
 .text.window_unload_menu
                0x000000000000106c       0x18 src/main.c.17.o
                0x000000000000106c                window_unload_menu
 .text.window_unload_settings_menu
                0x0000000000001084       0x18 src/main.c.17.o
                0x0000000000001084                window_unload_settings_menu
 .text.window_unload_wf
                0x000000000000109c       0x18 src/main.c.17.o
                0x000000000000109c                window_unload_wf
 .text.window_load_menu
                0x00000000000010b4      0x13c src/main.c.17.o
                0x00000000000010b4                window_load_menu
 .text.window_load_settings_menu
                0x00000000000011f0      0x134 src/main.c.17.o
                0x00000000000011f0                window_load_settings_menu
 .text.window_load_wf
                0x0000000000001324       0xcc src/main.c.17.o
                0x0000000000001324                window_load_wf
 .text.wf_sel_callback
                0x00000000000013f0       0xb8 src/main.c.17.o
                0x00000000000013f0                wf_sel_callback
 .text.bt_handler
                0x00000000000014a8       0x4c src/main.c.17.o
                0x00000000000014a8                bt_handler
 .text.click_prov
                0x00000000000014f4       0x30 src/main.c.17.o
                0x00000000000014f4                click_prov
 .text.override_gesture
                0x0000000000001524       0x48 src/main.c.17.o
                0x0000000000001524                override_gesture
 .text.init_gesture
                0x000000000000156c       0x24 src/main.c.17.o
                0x000000000000156c                init_gesture
 .text.deinit_gesture
                0x0000000000001590       0x24 src/main.c.17.o
                0x0000000000001590                deinit_gesture
 .text.redraw_menu
                0x00000000000015b4       0x34 src/main.c.17.o
                0x00000000000015b4                redraw_menu
 .text.gesture_callback
                0x00000000000015e8       0x5c src/main.c.17.o
                0x00000000000015e8                gesture_callback
 .text.bt_callback
                0x0000000000001644       0x68 src/main.c.17.o
                0x0000000000001644                bt_callback
 .text.override_callback
                0x00000000000016ac       0x3c src/main.c.17.o
                0x00000000000016ac                override_callback
 .text.init     0x00000000000016e8      0x24c src/main.c.17.o
                0x00000000000016e8                init
 .text.deinit   0x0000000000001934       0x90 src/main.c.17.o
                0x0000000000001934                deinit
 .text.startup.main
                0x00000000000019c4       0x12 src/main.c.17.o
                0x00000000000019c4                main
 *fill*         0x00000000000019d6        0x2 
 .text.handle_minute_tick
                0x00000000000019d8       0xa4 src/simplicity.c.17.o
                0x00000000000019d8                handle_minute_tick
 .text.line_layer_update_callback
                0x0000000000001a7c       0x28 src/simplicity.c.17.o
                0x0000000000001a7c                line_layer_update_callback
 .text.simplicity_unload
                0x0000000000001aa4       0x3c src/simplicity.c.17.o
                0x0000000000001aa4                simplicity_unload
 .text.simplicity_load
                0x0000000000001ae0      0x110 src/simplicity.c.17.o
                0x0000000000001ae0                simplicity_load
 .text.accel_data_service_unsubscribe
                0x0000000000001bf0        0xc /Users/edwinfinch/pebble-dev/PebbleSDK-2.8/Pebble/lib/libpebble.a(tmpL9Cjnwpebble.o)
                0x0000000000001bf0                accel_data_service_unsubscribe
 .text.accel_tap_service_subscribe
                0x0000000000001bfc        0xc /Users/edwinfinch/pebble-dev/PebbleSDK-2.8/Pebble/lib/libpebble.a(tmpL9Cjnwpebble.o)
                0x0000000000001bfc                accel_tap_service_subscribe
 .text.accel_tap_service_unsubscribe
                0x0000000000001c08        0xc /Users/edwinfinch/pebble-dev/PebbleSDK-2.8/Pebble/lib/libpebble.a(tmpL9Cjnwpebble.o)
                0x0000000000001c08                accel_tap_service_unsubscribe
 .text.animation_schedule
                0x0000000000001c14        0xc /Users/edwinfinch/pebble-dev/PebbleSDK-2.8/Pebble/lib/libpebble.a(tmpL9Cjnwpebble.o)
                0x0000000000001c14                animation_schedule
 .text.animation_set_delay
                0x0000000000001c20        0xc /Users/edwinfinch/pebble-dev/PebbleSDK-2.8/Pebble/lib/libpebble.a(tmpL9Cjnwpebble.o)
                0x0000000000001c20                animation_set_delay
 .text.animation_set_duration
                0x0000000000001c2c        0xc /Users/edwinfinch/pebble-dev/PebbleSDK-2.8/Pebble/lib/libpebble.a(tmpL9Cjnwpebble.o)
                0x0000000000001c2c                animation_set_duration
 .text.animation_set_handlers
                0x0000000000001c38        0xc /Users/edwinfinch/pebble-dev/PebbleSDK-2.8/Pebble/lib/libpebble.a(tmpL9Cjnwpebble.o)
                0x0000000000001c38                animation_set_handlers
 .text.app_event_loop
                0x0000000000001c44        0xc /Users/edwinfinch/pebble-dev/PebbleSDK-2.8/Pebble/lib/libpebble.a(tmpL9Cjnwpebble.o)
                0x0000000000001c44                app_event_loop
 .text.app_log  0x0000000000001c50        0xc /Users/edwinfinch/pebble-dev/PebbleSDK-2.8/Pebble/lib/libpebble.a(tmpL9Cjnwpebble.o)
                0x0000000000001c50                app_log
 .text.app_message_open
                0x0000000000001c5c        0xc /Users/edwinfinch/pebble-dev/PebbleSDK-2.8/Pebble/lib/libpebble.a(tmpL9Cjnwpebble.o)
                0x0000000000001c5c                app_message_open
 .text.app_timer_cancel
                0x0000000000001c68        0xc /Users/edwinfinch/pebble-dev/PebbleSDK-2.8/Pebble/lib/libpebble.a(tmpL9Cjnwpebble.o)
                0x0000000000001c68                app_timer_cancel
 .text.app_timer_register
                0x0000000000001c74        0xc /Users/edwinfinch/pebble-dev/PebbleSDK-2.8/Pebble/lib/libpebble.a(tmpL9Cjnwpebble.o)
                0x0000000000001c74                app_timer_register
 .text.battery_state_service_peek
                0x0000000000001c80        0xc /Users/edwinfinch/pebble-dev/PebbleSDK-2.8/Pebble/lib/libpebble.a(tmpL9Cjnwpebble.o)
                0x0000000000001c80                battery_state_service_peek
 .text.bitmap_layer_create
                0x0000000000001c8c        0xc /Users/edwinfinch/pebble-dev/PebbleSDK-2.8/Pebble/lib/libpebble.a(tmpL9Cjnwpebble.o)
                0x0000000000001c8c                bitmap_layer_create
 .text.bitmap_layer_destroy
                0x0000000000001c98        0xc /Users/edwinfinch/pebble-dev/PebbleSDK-2.8/Pebble/lib/libpebble.a(tmpL9Cjnwpebble.o)
                0x0000000000001c98                bitmap_layer_destroy
 .text.bitmap_layer_get_layer
                0x0000000000001ca4        0xc /Users/edwinfinch/pebble-dev/PebbleSDK-2.8/Pebble/lib/libpebble.a(tmpL9Cjnwpebble.o)
                0x0000000000001ca4                bitmap_layer_get_layer
 .text.bitmap_layer_set_bitmap
                0x0000000000001cb0        0xc /Users/edwinfinch/pebble-dev/PebbleSDK-2.8/Pebble/lib/libpebble.a(tmpL9Cjnwpebble.o)
                0x0000000000001cb0                bitmap_layer_set_bitmap
 .text.bluetooth_connection_service_peek
                0x0000000000001cbc        0xc /Users/edwinfinch/pebble-dev/PebbleSDK-2.8/Pebble/lib/libpebble.a(tmpL9Cjnwpebble.o)
                0x0000000000001cbc                bluetooth_connection_service_peek
 .text.clock_is_24h_style
                0x0000000000001cc8        0xc /Users/edwinfinch/pebble-dev/PebbleSDK-2.8/Pebble/lib/libpebble.a(tmpL9Cjnwpebble.o)
                0x0000000000001cc8                clock_is_24h_style
 .text.dict_read_first
                0x0000000000001cd4        0xc /Users/edwinfinch/pebble-dev/PebbleSDK-2.8/Pebble/lib/libpebble.a(tmpL9Cjnwpebble.o)
                0x0000000000001cd4                dict_read_first
 .text.dict_read_next
                0x0000000000001ce0        0xc /Users/edwinfinch/pebble-dev/PebbleSDK-2.8/Pebble/lib/libpebble.a(tmpL9Cjnwpebble.o)
                0x0000000000001ce0                dict_read_next
 .text.dict_write_end
                0x0000000000001cec        0xc /Users/edwinfinch/pebble-dev/PebbleSDK-2.8/Pebble/lib/libpebble.a(tmpL9Cjnwpebble.o)
                0x0000000000001cec                dict_write_end
 .text.dict_write_uint8
                0x0000000000001cf8        0xc /Users/edwinfinch/pebble-dev/PebbleSDK-2.8/Pebble/lib/libpebble.a(tmpL9Cjnwpebble.o)
                0x0000000000001cf8                dict_write_uint8
 .text.fonts_get_system_font
                0x0000000000001d04        0xc /Users/edwinfinch/pebble-dev/PebbleSDK-2.8/Pebble/lib/libpebble.a(tmpL9Cjnwpebble.o)
                0x0000000000001d04                fonts_get_system_font
 .text.fonts_load_custom_font
                0x0000000000001d10        0xc /Users/edwinfinch/pebble-dev/PebbleSDK-2.8/Pebble/lib/libpebble.a(tmpL9Cjnwpebble.o)
                0x0000000000001d10                fonts_load_custom_font
 .text.gbitmap_create_with_resource
                0x0000000000001d1c        0xc /Users/edwinfinch/pebble-dev/PebbleSDK-2.8/Pebble/lib/libpebble.a(tmpL9Cjnwpebble.o)
                0x0000000000001d1c                gbitmap_create_with_resource
 .text.gbitmap_destroy
                0x0000000000001d28        0xc /Users/edwinfinch/pebble-dev/PebbleSDK-2.8/Pebble/lib/libpebble.a(tmpL9Cjnwpebble.o)
                0x0000000000001d28                gbitmap_destroy
 .text.graphics_context_set_fill_color
                0x0000000000001d34        0xc /Users/edwinfinch/pebble-dev/PebbleSDK-2.8/Pebble/lib/libpebble.a(tmpL9Cjnwpebble.o)
                0x0000000000001d34                graphics_context_set_fill_color
 .text.graphics_context_set_stroke_color
                0x0000000000001d40        0xc /Users/edwinfinch/pebble-dev/PebbleSDK-2.8/Pebble/lib/libpebble.a(tmpL9Cjnwpebble.o)
                0x0000000000001d40                graphics_context_set_stroke_color
 .text.graphics_draw_circle
                0x0000000000001d4c        0xc /Users/edwinfinch/pebble-dev/PebbleSDK-2.8/Pebble/lib/libpebble.a(tmpL9Cjnwpebble.o)
                0x0000000000001d4c                graphics_draw_circle
 .text.graphics_fill_circle
                0x0000000000001d58        0xc /Users/edwinfinch/pebble-dev/PebbleSDK-2.8/Pebble/lib/libpebble.a(tmpL9Cjnwpebble.o)
                0x0000000000001d58                graphics_fill_circle
 .text.graphics_fill_rect
                0x0000000000001d64        0xc /Users/edwinfinch/pebble-dev/PebbleSDK-2.8/Pebble/lib/libpebble.a(tmpL9Cjnwpebble.o)
                0x0000000000001d64                graphics_fill_rect
 .text.inverter_layer_create
                0x0000000000001d70        0xc /Users/edwinfinch/pebble-dev/PebbleSDK-2.8/Pebble/lib/libpebble.a(tmpL9Cjnwpebble.o)
                0x0000000000001d70                inverter_layer_create
 .text.inverter_layer_destroy
                0x0000000000001d7c        0xc /Users/edwinfinch/pebble-dev/PebbleSDK-2.8/Pebble/lib/libpebble.a(tmpL9Cjnwpebble.o)
                0x0000000000001d7c                inverter_layer_destroy
 .text.inverter_layer_get_layer
                0x0000000000001d88        0xc /Users/edwinfinch/pebble-dev/PebbleSDK-2.8/Pebble/lib/libpebble.a(tmpL9Cjnwpebble.o)
                0x0000000000001d88                inverter_layer_get_layer
 .text.layer_add_child
                0x0000000000001d94        0xc /Users/edwinfinch/pebble-dev/PebbleSDK-2.8/Pebble/lib/libpebble.a(tmpL9Cjnwpebble.o)
                0x0000000000001d94                layer_add_child
 .text.layer_create
                0x0000000000001da0        0xc /Users/edwinfinch/pebble-dev/PebbleSDK-2.8/Pebble/lib/libpebble.a(tmpL9Cjnwpebble.o)
                0x0000000000001da0                layer_create
 .text.layer_destroy
                0x0000000000001dac        0xc /Users/edwinfinch/pebble-dev/PebbleSDK-2.8/Pebble/lib/libpebble.a(tmpL9Cjnwpebble.o)
                0x0000000000001dac                layer_destroy
 .text.layer_get_bounds
                0x0000000000001db8        0xc /Users/edwinfinch/pebble-dev/PebbleSDK-2.8/Pebble/lib/libpebble.a(tmpL9Cjnwpebble.o)
                0x0000000000001db8                layer_get_bounds
 .text.layer_get_frame
                0x0000000000001dc4        0xc /Users/edwinfinch/pebble-dev/PebbleSDK-2.8/Pebble/lib/libpebble.a(tmpL9Cjnwpebble.o)
                0x0000000000001dc4                layer_get_frame
 .text.layer_mark_dirty
                0x0000000000001dd0        0xc /Users/edwinfinch/pebble-dev/PebbleSDK-2.8/Pebble/lib/libpebble.a(tmpL9Cjnwpebble.o)
                0x0000000000001dd0                layer_mark_dirty
 .text.layer_set_hidden
                0x0000000000001ddc        0xc /Users/edwinfinch/pebble-dev/PebbleSDK-2.8/Pebble/lib/libpebble.a(tmpL9Cjnwpebble.o)
                0x0000000000001ddc                layer_set_hidden
 .text.layer_set_update_proc
                0x0000000000001de8        0xc /Users/edwinfinch/pebble-dev/PebbleSDK-2.8/Pebble/lib/libpebble.a(tmpL9Cjnwpebble.o)
                0x0000000000001de8                layer_set_update_proc
 .text.localtime
                0x0000000000001df4        0xc /Users/edwinfinch/pebble-dev/PebbleSDK-2.8/Pebble/lib/libpebble.a(tmpL9Cjnwpebble.o)
                0x0000000000001df4                localtime
 .text.memmove  0x0000000000001e00        0xc /Users/edwinfinch/pebble-dev/PebbleSDK-2.8/Pebble/lib/libpebble.a(tmpL9Cjnwpebble.o)
                0x0000000000001e00                memmove
 .text.memset   0x0000000000001e0c        0xc /Users/edwinfinch/pebble-dev/PebbleSDK-2.8/Pebble/lib/libpebble.a(tmpL9Cjnwpebble.o)
                0x0000000000001e0c                memset
 .text.property_animation_create_layer_frame
                0x0000000000001e18        0xc /Users/edwinfinch/pebble-dev/PebbleSDK-2.8/Pebble/lib/libpebble.a(tmpL9Cjnwpebble.o)
                0x0000000000001e18                property_animation_create_layer_frame
 .text.property_animation_destroy
                0x0000000000001e24        0xc /Users/edwinfinch/pebble-dev/PebbleSDK-2.8/Pebble/lib/libpebble.a(tmpL9Cjnwpebble.o)
                0x0000000000001e24                property_animation_destroy
 .text.resource_get_handle
                0x0000000000001e30        0xc /Users/edwinfinch/pebble-dev/PebbleSDK-2.8/Pebble/lib/libpebble.a(tmpL9Cjnwpebble.o)
                0x0000000000001e30                resource_get_handle
 .text.simple_menu_layer_create
                0x0000000000001e3c        0xc /Users/edwinfinch/pebble-dev/PebbleSDK-2.8/Pebble/lib/libpebble.a(tmpL9Cjnwpebble.o)
                0x0000000000001e3c                simple_menu_layer_create
 .text.simple_menu_layer_destroy
                0x0000000000001e48        0xc /Users/edwinfinch/pebble-dev/PebbleSDK-2.8/Pebble/lib/libpebble.a(tmpL9Cjnwpebble.o)
                0x0000000000001e48                simple_menu_layer_destroy
 .text.simple_menu_layer_get_layer
                0x0000000000001e54        0xc /Users/edwinfinch/pebble-dev/PebbleSDK-2.8/Pebble/lib/libpebble.a(tmpL9Cjnwpebble.o)
                0x0000000000001e54                simple_menu_layer_get_layer
 .text.snprintf
                0x0000000000001e60        0xc /Users/edwinfinch/pebble-dev/PebbleSDK-2.8/Pebble/lib/libpebble.a(tmpL9Cjnwpebble.o)
                0x0000000000001e60                snprintf
 .text.strftime
                0x0000000000001e6c        0xc /Users/edwinfinch/pebble-dev/PebbleSDK-2.8/Pebble/lib/libpebble.a(tmpL9Cjnwpebble.o)
                0x0000000000001e6c                strftime
 .text.text_layer_create
                0x0000000000001e78        0xc /Users/edwinfinch/pebble-dev/PebbleSDK-2.8/Pebble/lib/libpebble.a(tmpL9Cjnwpebble.o)
                0x0000000000001e78                text_layer_create
 .text.text_layer_destroy
                0x0000000000001e84        0xc /Users/edwinfinch/pebble-dev/PebbleSDK-2.8/Pebble/lib/libpebble.a(tmpL9Cjnwpebble.o)
                0x0000000000001e84                text_layer_destroy
 .text.text_layer_get_layer
                0x0000000000001e90        0xc /Users/edwinfinch/pebble-dev/PebbleSDK-2.8/Pebble/lib/libpebble.a(tmpL9Cjnwpebble.o)
                0x0000000000001e90                text_layer_get_layer
 .text.text_layer_set_background_color
                0x0000000000001e9c        0xc /Users/edwinfinch/pebble-dev/PebbleSDK-2.8/Pebble/lib/libpebble.a(tmpL9Cjnwpebble.o)
                0x0000000000001e9c                text_layer_set_background_color
 .text.text_layer_set_font
                0x0000000000001ea8        0xc /Users/edwinfinch/pebble-dev/PebbleSDK-2.8/Pebble/lib/libpebble.a(tmpL9Cjnwpebble.o)
                0x0000000000001ea8                text_layer_set_font
 .text.text_layer_set_text
                0x0000000000001eb4        0xc /Users/edwinfinch/pebble-dev/PebbleSDK-2.8/Pebble/lib/libpebble.a(tmpL9Cjnwpebble.o)
                0x0000000000001eb4                text_layer_set_text
 .text.text_layer_set_text_alignment
                0x0000000000001ec0        0xc /Users/edwinfinch/pebble-dev/PebbleSDK-2.8/Pebble/lib/libpebble.a(tmpL9Cjnwpebble.o)
                0x0000000000001ec0                text_layer_set_text_alignment
 .text.text_layer_set_text_color
                0x0000000000001ecc        0xc /Users/edwinfinch/pebble-dev/PebbleSDK-2.8/Pebble/lib/libpebble.a(tmpL9Cjnwpebble.o)
                0x0000000000001ecc                text_layer_set_text_color
 .text.tick_timer_service_subscribe
                0x0000000000001ed8        0xc /Users/edwinfinch/pebble-dev/PebbleSDK-2.8/Pebble/lib/libpebble.a(tmpL9Cjnwpebble.o)
                0x0000000000001ed8                tick_timer_service_subscribe
 .text.tick_timer_service_unsubscribe
                0x0000000000001ee4        0xc /Users/edwinfinch/pebble-dev/PebbleSDK-2.8/Pebble/lib/libpebble.a(tmpL9Cjnwpebble.o)
                0x0000000000001ee4                tick_timer_service_unsubscribe
 .text.time     0x0000000000001ef0        0xc /Users/edwinfinch/pebble-dev/PebbleSDK-2.8/Pebble/lib/libpebble.a(tmpL9Cjnwpebble.o)
                0x0000000000001ef0                time
 .text.vibes_double_pulse
                0x0000000000001efc        0xc /Users/edwinfinch/pebble-dev/PebbleSDK-2.8/Pebble/lib/libpebble.a(tmpL9Cjnwpebble.o)
                0x0000000000001efc                vibes_double_pulse
 .text.vibes_long_pulse
                0x0000000000001f08        0xc /Users/edwinfinch/pebble-dev/PebbleSDK-2.8/Pebble/lib/libpebble.a(tmpL9Cjnwpebble.o)
                0x0000000000001f08                vibes_long_pulse
 .text.window_create
                0x0000000000001f14        0xc /Users/edwinfinch/pebble-dev/PebbleSDK-2.8/Pebble/lib/libpebble.a(tmpL9Cjnwpebble.o)
                0x0000000000001f14                window_create
 .text.window_destroy
                0x0000000000001f20        0xc /Users/edwinfinch/pebble-dev/PebbleSDK-2.8/Pebble/lib/libpebble.a(tmpL9Cjnwpebble.o)
                0x0000000000001f20                window_destroy
 .text.window_get_root_layer
                0x0000000000001f2c        0xc /Users/edwinfinch/pebble-dev/PebbleSDK-2.8/Pebble/lib/libpebble.a(tmpL9Cjnwpebble.o)
                0x0000000000001f2c                window_get_root_layer
 .text.window_set_background_color
                0x0000000000001f38        0xc /Users/edwinfinch/pebble-dev/PebbleSDK-2.8/Pebble/lib/libpebble.a(tmpL9Cjnwpebble.o)
                0x0000000000001f38                window_set_background_color
 .text.window_set_click_config_provider
                0x0000000000001f44        0xc /Users/edwinfinch/pebble-dev/PebbleSDK-2.8/Pebble/lib/libpebble.a(tmpL9Cjnwpebble.o)
                0x0000000000001f44                window_set_click_config_provider
 .text.window_set_fullscreen
                0x0000000000001f50        0xc /Users/edwinfinch/pebble-dev/PebbleSDK-2.8/Pebble/lib/libpebble.a(tmpL9Cjnwpebble.o)
                0x0000000000001f50                window_set_fullscreen
 .text.window_set_window_handlers
                0x0000000000001f5c        0xc /Users/edwinfinch/pebble-dev/PebbleSDK-2.8/Pebble/lib/libpebble.a(tmpL9Cjnwpebble.o)
                0x0000000000001f5c                window_set_window_handlers
 .text.window_stack_push
                0x0000000000001f68        0xc /Users/edwinfinch/pebble-dev/PebbleSDK-2.8/Pebble/lib/libpebble.a(tmpL9Cjnwpebble.o)
                0x0000000000001f68                window_stack_push
 .text.app_message_outbox_begin
                0x0000000000001f74        0xc /Users/edwinfinch/pebble-dev/PebbleSDK-2.8/Pebble/lib/libpebble.a(tmpL9Cjnwpebble.o)
                0x0000000000001f74                app_message_outbox_begin
 .text.app_message_outbox_send
                0x0000000000001f80        0xc /Users/edwinfinch/pebble-dev/PebbleSDK-2.8/Pebble/lib/libpebble.a(tmpL9Cjnwpebble.o)
                0x0000000000001f80                app_message_outbox_send
 .text.app_message_register_inbox_received
                0x0000000000001f8c        0xc /Users/edwinfinch/pebble-dev/PebbleSDK-2.8/Pebble/lib/libpebble.a(tmpL9Cjnwpebble.o)
                0x0000000000001f8c                app_message_register_inbox_received
 .text.window_long_click_subscribe
                0x0000000000001f98        0xc /Users/edwinfinch/pebble-dev/PebbleSDK-2.8/Pebble/lib/libpebble.a(tmpL9Cjnwpebble.o)
                0x0000000000001f98                window_long_click_subscribe
 .text.window_single_click_subscribe
                0x0000000000001fa4        0xc /Users/edwinfinch/pebble-dev/PebbleSDK-2.8/Pebble/lib/libpebble.a(tmpL9Cjnwpebble.o)
                0x0000000000001fa4                window_single_click_subscribe
 .text.persist_read_data
                0x0000000000001fb0        0xc /Users/edwinfinch/pebble-dev/PebbleSDK-2.8/Pebble/lib/libpebble.a(tmpL9Cjnwpebble.o)
                0x0000000000001fb0                persist_read_data
 .text.persist_write_data
                0x0000000000001fbc        0xc /Users/edwinfinch/pebble-dev/PebbleSDK-2.8/Pebble/lib/libpebble.a(tmpL9Cjnwpebble.o)
                0x0000000000001fbc                persist_write_data
 .text.accel_data_service_subscribe
                0x0000000000001fc8        0xc /Users/edwinfinch/pebble-dev/PebbleSDK-2.8/Pebble/lib/libpebble.a(tmpL9Cjnwpebble.o)
                0x0000000000001fc8                accel_data_service_subscribe
 *(.rodata)
 .rodata        0x0000000000001fd4       0x7c src/blks.c.17.o
 .rodata        0x0000000000002050       0x18 src/main.c.17.o
 .rodata        0x0000000000002068       0x18 src/simplicity.c.17.o
 *(.rodata*)
 .rodata.str1.1
                0x0000000000002080        0x6 src/blks.c.17.o
 .rodata.str1.1
                0x0000000000002086       0x94 src/data_framework.c.17.o
 .rodata.str1.1
                0x000000000000211a       0x12 src/double_tap.c.17.o
 .rodata.str1.1
                0x000000000000212c       0x31 src/extras.c.17.o
 .rodata.str1.1
                0x000000000000215d       0x1d src/gesture.c.17.o
 .rodata.str1.1
                0x000000000000217a      0x142 src/main.c.17.o
                                        0x14a (size before relaxing)
 .rodata.str1.1
                0x00000000000022bc       0x51 src/simplicity.c.17.o

.glue_7         0x0000000000002310        0x0
 .glue_7        0x0000000000000000        0x0 linker stubs

.glue_7t        0x0000000000002310        0x0
 .glue_7t       0x0000000000000000        0x0 linker stubs

.vfp11_veneer   0x0000000000002310        0x0
 .vfp11_veneer  0x0000000000000000        0x0 linker stubs

.v4_bx          0x0000000000002310        0x0
 .v4_bx         0x0000000000000000        0x0 linker stubs

.iplt           0x0000000000002310        0x0
 .iplt          0x0000000000000000        0x0 /Users/edwinfinch/pebble-dev/PebbleSDK-2.8/arm-cs-tools/bin/../lib/gcc/arm-none-eabi/4.7.2/thumb2/crtbegin.o

.rel.dyn        0x0000000000002310        0x0
 .rel.iplt      0x0000000000000000        0x0 /Users/edwinfinch/pebble-dev/PebbleSDK-2.8/arm-cs-tools/bin/../lib/gcc/arm-none-eabi/4.7.2/thumb2/crtbegin.o
 .rel.got       0x0000000000000000        0x0 /Users/edwinfinch/pebble-dev/PebbleSDK-2.8/arm-cs-tools/bin/../lib/gcc/arm-none-eabi/4.7.2/thumb2/crtbegin.o

.data           0x0000000000002310       0x25
 *(.data)
 .data          0x0000000000002310        0x0 /Users/edwinfinch/pebble-dev/PebbleSDK-2.8/arm-cs-tools/bin/../lib/gcc/arm-none-eabi/4.7.2/thumb2/crti.o
 .data          0x0000000000002310        0x4 /Users/edwinfinch/pebble-dev/PebbleSDK-2.8/arm-cs-tools/bin/../lib/gcc/arm-none-eabi/4.7.2/thumb2/crtbegin.o
                0x0000000000002310                __dso_handle
 .data          0x0000000000002314        0x0 src/blks.c.17.o
 .data          0x0000000000002314        0x0 src/data_framework.c.17.o
 .data          0x0000000000002314        0x0 src/double_tap.c.17.o
 .data          0x0000000000002314        0x0 src/extras.c.17.o
 .data          0x0000000000002314        0x0 src/gesture.c.17.o
 .data          0x0000000000002314        0x0 src/main.c.17.o
 .data          0x0000000000002314        0x0 src/notification.c.17.o
 .data          0x0000000000002314        0x0 src/simplicity.c.17.o
 .data          0x0000000000002314        0x0 appinfo.auto.c.17.o
 .data          0x0000000000002314        0x0 /Users/edwinfinch/pebble-dev/PebbleSDK-2.8/Pebble/lib/libpebble.a(tmpL9Cjnwpebble.o)
 .data          0x0000000000002314        0x0 /Users/edwinfinch/pebble-dev/PebbleSDK-2.8/arm-cs-tools/bin/../lib/gcc/arm-none-eabi/4.7.2/thumb2/crtend.o
 .data          0x0000000000002314        0x0 /Users/edwinfinch/pebble-dev/PebbleSDK-2.8/arm-cs-tools/bin/../lib/gcc/arm-none-eabi/4.7.2/thumb2/crtn.o
 *(.data.*)
 .data.hour_2_buf.6716
                0x0000000000002314        0x2 src/blks.c.17.o
 .data.hour_1_buf.6715
                0x0000000000002316        0x2 src/blks.c.17.o
 .data.min_1_buf.6713
                0x0000000000002318        0x2 src/blks.c.17.o
 .data.date_buf.6717
                0x000000000000231a        0x5 src/blks.c.17.o
 .data.min_2_buf.6714
                0x000000000000231f        0x2 src/blks.c.17.o
 .data.releaseTimerEnded
                0x0000000000002321        0x1 src/gesture.c.17.o
                0x0000000000002321                releaseTimerEnded
 .data.time_text.6634
                0x0000000000002322        0x6 src/simplicity.c.17.o
 .data.date_text.6635
                0x0000000000002328        0xd src/simplicity.c.17.o

.igot.plt       0x0000000000002338        0x0
 .igot.plt      0x0000000000000000        0x0 /Users/edwinfinch/pebble-dev/PebbleSDK-2.8/arm-cs-tools/bin/../lib/gcc/arm-none-eabi/4.7.2/thumb2/crtbegin.o

.got            0x0000000000002338       0xec
 .got           0x0000000000002338       0xec /Users/edwinfinch/pebble-dev/PebbleSDK-2.8/arm-cs-tools/bin/../lib/gcc/arm-none-eabi/4.7.2/thumb2/crtbegin.o

.got.plt        0x0000000000002424        0xc
 .got.plt       0x0000000000002424        0xc /Users/edwinfinch/pebble-dev/PebbleSDK-2.8/arm-cs-tools/bin/../lib/gcc/arm-none-eabi/4.7.2/thumb2/crtbegin.o
                0x0000000000002424                _GLOBAL_OFFSET_TABLE_

.bss            0x0000000000002430      0x1cc
 *(.bss)
 *(.bss.*)
 .bss.cancelled
                0x0000000000002430        0x1 src/blks.c.17.o
                0x0000000000002430                cancelled
 *fill*         0x0000000000002431        0x3 
 .bss.minute    0x0000000000002434        0x4 src/blks.c.17.o
                0x0000000000002434                minute
 .bss.seconds   0x0000000000002438        0x4 src/blks.c.17.o
                0x0000000000002438                seconds
 .bss.public_connection
                0x000000000000243c        0x1 src/blks.c.17.o
                0x000000000000243c                public_connection
 *fill*         0x000000000000243d        0x3 
 .bss.hour      0x0000000000002440        0x4 src/blks.c.17.o
                0x0000000000002440                hour
 .bss.showing_date
                0x0000000000002444        0x1 src/blks.c.17.o
                0x0000000000002444                showing_date
 .bss.currentStatus
                0x0000000000002445        0x1 src/data_framework.c.17.o
                0x0000000000002445                currentStatus
 .bss.loggingData
                0x0000000000002446        0x1 src/data_framework.c.17.o
                0x0000000000002446                loggingData
 *fill*         0x0000000000002447        0x1 
 .bss.watchfaceCurrent
                0x0000000000002448        0x4 src/main.c.17.o
                0x0000000000002448                watchfaceCurrent
 COMMON         0x000000000000244c       0x88 src/blks.c.17.o
                0x000000000000244c                final_3
                0x0000000000002454                initial_2
                0x000000000000245c                charge_timer
                0x0000000000002460                battery_percent
                0x0000000000002464                circle_layer
                0x0000000000002468                date_layer
                0x000000000000246c                final_1
                0x0000000000002474                initial_1
                0x000000000000247c                hour_1
                0x0000000000002480                background_layer
                0x0000000000002484                initial_3
                0x000000000000248c                battery_layer
                0x0000000000002490                cov_1
                0x0000000000002494                cov_4
                0x0000000000002498                bt_image
                0x000000000000249c                final_2
                0x00000000000024a4                minute_2
                0x00000000000024a8                cov_2
                0x00000000000024ac                initial_4
                0x00000000000024b4                bt_image_layer
                0x00000000000024b8                minute_1
                0x00000000000024bc                invert
                0x00000000000024c0                background_image
                0x00000000000024c4                final_4
                0x00000000000024cc                cov_3
                0x00000000000024d0                hour_2
 COMMON         0x00000000000024d4        0x4 src/data_framework.c.17.o
                0x00000000000024d4                logging_layer
 COMMON         0x00000000000024d8        0x4 src/gesture.c.17.o
                0x00000000000024d8                releaseTimer
 COMMON         0x00000000000024dc      0x114 src/main.c.17.o
                0x00000000000024dc                menu_sections
                0x00000000000024e8                aboot_version
                0x00000000000024ec                menu_settings_items
                0x000000000000252c                settings
                0x0000000000002538                menu_window
                0x000000000000253c                log_icon
                0x0000000000002540                aboot_edwin
                0x0000000000002544                gesture_icon
                0x0000000000002548                previousStatus
                0x000000000000254c                wf_menu_sections
                0x0000000000002558                menu_layer
                0x000000000000255c                debug_window
                0x0000000000002560                s_menu_sections
                0x000000000000256c                settings_icon
                0x0000000000002570                watchface_window
                0x0000000000002574                aboot_window
                0x0000000000002578                wf_icon
                0x000000000000257c                aboot_theme
                0x0000000000002580                s_menu_settings_items
                0x00000000000025b0                main_menu
                0x00000000000025b4                settings_window
                0x00000000000025b8                bt_timer
                0x00000000000025bc                settings_menu
                0x00000000000025c0                wf_window
                0x00000000000025c4                wf_choice_menu
                0x00000000000025c8                aboot_icon
                0x00000000000025cc                debuglog_layer
                0x00000000000025d0                wf_menu_items
 COMMON         0x00000000000025f0        0xc src/simplicity.c.17.o
                0x00000000000025f0                text_time_layer
                0x00000000000025f4                text_date_layer
                0x00000000000025f8                line_layer

DISCARD
 libc.a(*)
 libm.a(*)
 libgcc.a(*)
 *(.eh_frame)
OUTPUT(/Users/edwinfinch/pebble-projects/iDoc360/build/pebble-app.elf elf32-littlearm)

.ARM.attributes
                0x0000000000000000       0x27
 .ARM.attributes
                0x0000000000000000       0x19 /Users/edwinfinch/pebble-dev/PebbleSDK-2.8/arm-cs-tools/bin/../lib/gcc/arm-none-eabi/4.7.2/thumb2/crti.o
 .ARM.attributes
                0x0000000000000019       0x29 /Users/edwinfinch/pebble-dev/PebbleSDK-2.8/arm-cs-tools/bin/../lib/gcc/arm-none-eabi/4.7.2/thumb2/crtbegin.o
 .ARM.attributes
                0x0000000000000042       0x33 src/blks.c.17.o
 .ARM.attributes
                0x0000000000000075       0x33 src/data_framework.c.17.o
 .ARM.attributes
                0x00000000000000a8       0x33 src/double_tap.c.17.o
 .ARM.attributes
                0x00000000000000db       0x33 src/extras.c.17.o
 .ARM.attributes
                0x000000000000010e       0x33 src/gesture.c.17.o
 .ARM.attributes
                0x0000000000000141       0x33 src/main.c.17.o
 .ARM.attributes
                0x0000000000000174       0x33 src/notification.c.17.o
 .ARM.attributes
                0x00000000000001a7       0x33 src/simplicity.c.17.o
 .ARM.attributes
                0x00000000000001da       0x33 appinfo.auto.c.17.o
 .ARM.attributes
                0x000000000000020d       0x21 /Users/edwinfinch/pebble-dev/PebbleSDK-2.8/Pebble/lib/libpebble.a(tmpL9Cjnwpebble.o)
 .ARM.attributes
                0x000000000000022e       0x29 /Users/edwinfinch/pebble-dev/PebbleSDK-2.8/arm-cs-tools/bin/../lib/gcc/arm-none-eabi/4.7.2/thumb2/crtend.o
 .ARM.attributes
                0x0000000000000257       0x19 /Users/edwinfinch/pebble-dev/PebbleSDK-2.8/arm-cs-tools/bin/../lib/gcc/arm-none-eabi/4.7.2/thumb2/crtn.o

.comment        0x0000000000000000       0x4e
 .comment       0x0000000000000000       0x4e /Users/edwinfinch/pebble-dev/PebbleSDK-2.8/arm-cs-tools/bin/../lib/gcc/arm-none-eabi/4.7.2/thumb2/crtbegin.o
                                         0x4f (size before relaxing)
 .comment       0x0000000000000000       0x4f src/blks.c.17.o
 .comment       0x0000000000000000       0x4f src/data_framework.c.17.o
 .comment       0x0000000000000000       0x4f src/double_tap.c.17.o
 .comment       0x0000000000000000       0x4f src/extras.c.17.o
 .comment       0x0000000000000000       0x4f src/gesture.c.17.o
 .comment       0x0000000000000000       0x4f src/main.c.17.o
 .comment       0x0000000000000000       0x4f src/notification.c.17.o
 .comment       0x0000000000000000       0x4f src/simplicity.c.17.o
 .comment       0x0000000000000000       0x4f appinfo.auto.c.17.o
 .comment       0x0000000000000000       0x4f /Users/edwinfinch/pebble-dev/PebbleSDK-2.8/arm-cs-tools/bin/../lib/gcc/arm-none-eabi/4.7.2/thumb2/crtend.o

.debug_info     0x0000000000000000     0x5fb3
 .debug_info    0x0000000000000000     0x176c src/blks.c.17.o
 .debug_info    0x000000000000176c      0x6b9 src/data_framework.c.17.o
 .debug_info    0x0000000000001e25      0x2b2 src/double_tap.c.17.o
 .debug_info    0x00000000000020d7      0x87e src/extras.c.17.o
 .debug_info    0x0000000000002955      0x4b3 src/gesture.c.17.o
 .debug_info    0x0000000000002e08     0x1d56 src/main.c.17.o
 .debug_info    0x0000000000004b5e      0x709 src/notification.c.17.o
 .debug_info    0x0000000000005267      0xa0e src/simplicity.c.17.o
 .debug_info    0x0000000000005c75      0x33e appinfo.auto.c.17.o

.debug_abbrev   0x0000000000000000     0x1559
 .debug_abbrev  0x0000000000000000      0x39f src/blks.c.17.o
 .debug_abbrev  0x000000000000039f      0x2bd src/data_framework.c.17.o
 .debug_abbrev  0x000000000000065c      0x171 src/double_tap.c.17.o
 .debug_abbrev  0x00000000000007cd      0x224 src/extras.c.17.o
 .debug_abbrev  0x00000000000009f1      0x296 src/gesture.c.17.o
 .debug_abbrev  0x0000000000000c87      0x41b src/main.c.17.o
 .debug_abbrev  0x00000000000010a2      0x1de src/notification.c.17.o
 .debug_abbrev  0x0000000000001280      0x23b src/simplicity.c.17.o
 .debug_abbrev  0x00000000000014bb       0x9e appinfo.auto.c.17.o

.debug_loc      0x0000000000000000     0x1643
 .debug_loc     0x0000000000000000      0x54a src/blks.c.17.o
 .debug_loc     0x000000000000054a      0x190 src/data_framework.c.17.o
 .debug_loc     0x00000000000006da       0x82 src/double_tap.c.17.o
 .debug_loc     0x000000000000075c      0x1a2 src/extras.c.17.o
 .debug_loc     0x00000000000008fe      0x197 src/gesture.c.17.o
 .debug_loc     0x0000000000000a95      0x7ee src/main.c.17.o
 .debug_loc     0x0000000000001283      0x20f src/notification.c.17.o
 .debug_loc     0x0000000000001492      0x1b1 src/simplicity.c.17.o

.debug_aranges  0x0000000000000000      0x318
 .debug_aranges
                0x0000000000000000       0x78 src/blks.c.17.o
 .debug_aranges
                0x0000000000000078       0x50 src/data_framework.c.17.o
 .debug_aranges
                0x00000000000000c8       0x40 src/double_tap.c.17.o
 .debug_aranges
                0x0000000000000108       0x30 src/extras.c.17.o
 .debug_aranges
                0x0000000000000138       0x58 src/gesture.c.17.o
 .debug_aranges
                0x0000000000000190      0x100 src/main.c.17.o
 .debug_aranges
                0x0000000000000290       0x38 src/notification.c.17.o
 .debug_aranges
                0x00000000000002c8       0x38 src/simplicity.c.17.o
 .debug_aranges
                0x0000000000000300       0x18 appinfo.auto.c.17.o

.debug_ranges   0x0000000000000000      0x310
 .debug_ranges  0x0000000000000000       0x68 src/blks.c.17.o
 .debug_ranges  0x0000000000000068       0x70 src/data_framework.c.17.o
 .debug_ranges  0x00000000000000d8       0x30 src/double_tap.c.17.o
 .debug_ranges  0x0000000000000108       0x20 src/extras.c.17.o
 .debug_ranges  0x0000000000000128       0x78 src/gesture.c.17.o
 .debug_ranges  0x00000000000001a0      0x120 src/main.c.17.o
 .debug_ranges  0x00000000000002c0       0x28 src/notification.c.17.o
 .debug_ranges  0x00000000000002e8       0x28 src/simplicity.c.17.o

.debug_line     0x0000000000000000     0x159d
 .debug_line    0x0000000000000000      0x49c src/blks.c.17.o
 .debug_line    0x000000000000049c      0x1a7 src/data_framework.c.17.o
 .debug_line    0x0000000000000643      0x17c src/double_tap.c.17.o
 .debug_line    0x00000000000007bf      0x144 src/extras.c.17.o
 .debug_line    0x0000000000000903      0x1c9 src/gesture.c.17.o
 .debug_line    0x0000000000000acc      0x57b src/main.c.17.o
 .debug_line    0x0000000000001047      0x196 src/notification.c.17.o
 .debug_line    0x00000000000011dd      0x29a src/simplicity.c.17.o
 .debug_line    0x0000000000001477      0x126 appinfo.auto.c.17.o

.debug_str      0x0000000000000000     0x1cd6
 .debug_str     0x0000000000000000      0x9a5 src/blks.c.17.o
                                        0xa5d (size before relaxing)
 .debug_str     0x00000000000009a5      0x36f src/data_framework.c.17.o
                                        0x4b9 (size before relaxing)
 .debug_str     0x0000000000000d14      0x163 src/double_tap.c.17.o
                                        0x291 (size before relaxing)
 .debug_str     0x0000000000000e77      0x35a src/extras.c.17.o
                                        0x5c9 (size before relaxing)
 .debug_str     0x00000000000011d1      0x11a src/gesture.c.17.o
                                        0x2d9 (size before relaxing)
 .debug_str     0x00000000000012eb      0x653 src/main.c.17.o
                                        0xe55 (size before relaxing)
 .debug_str     0x000000000000193e      0x144 src/notification.c.17.o
                                        0x414 (size before relaxing)
 .debug_str     0x0000000000001a82       0xf6 src/simplicity.c.17.o
                                        0x585 (size before relaxing)
 .debug_str     0x0000000000001b78      0x15e appinfo.auto.c.17.o
                                        0x38a (size before relaxing)

.debug_frame    0x0000000000000000      0x79c
 .debug_frame   0x0000000000000000      0x184 src/blks.c.17.o
 .debug_frame   0x0000000000000184       0xb8 src/data_framework.c.17.o
 .debug_frame   0x000000000000023c       0x70 src/double_tap.c.17.o
 .debug_frame   0x00000000000002ac       0x64 src/extras.c.17.o
 .debug_frame   0x0000000000000310       0xb4 src/gesture.c.17.o
 .debug_frame   0x00000000000003c4      0x2c0 src/main.c.17.o
 .debug_frame   0x0000000000000684       0x88 src/notification.c.17.o
 .debug_frame   0x000000000000070c       0x90 src/simplicity.c.17.o
